Archive member included to satisfy reference by file (symbol)

c:/program files (x86)/atmel/studio/7.0/toolchain/avr8/avr8-gnu-toolchain/bin/../lib/gcc/avr/4.9.2/../../../../avr/lib/avr5\libm.a(addsf3.o)
                              Sketch.o (__subsf3)
c:/program files (x86)/atmel/studio/7.0/toolchain/avr8/avr8-gnu-toolchain/bin/../lib/gcc/avr/4.9.2/../../../../avr/lib/avr5\libm.a(addsf3x.o)
                              c:/program files (x86)/atmel/studio/7.0/toolchain/avr8/avr8-gnu-toolchain/bin/../lib/gcc/avr/4.9.2/../../../../avr/lib/avr5\libm.a(addsf3.o) (__addsf3x)
c:/program files (x86)/atmel/studio/7.0/toolchain/avr8/avr8-gnu-toolchain/bin/../lib/gcc/avr/4.9.2/../../../../avr/lib/avr5\libm.a(divsf3.o)
                              UtilMpu9250.o (__divsf3)
c:/program files (x86)/atmel/studio/7.0/toolchain/avr8/avr8-gnu-toolchain/bin/../lib/gcc/avr/4.9.2/../../../../avr/lib/avr5\libm.a(divsf3x.o)
                              c:/program files (x86)/atmel/studio/7.0/toolchain/avr8/avr8-gnu-toolchain/bin/../lib/gcc/avr/4.9.2/../../../../avr/lib/avr5\libm.a(divsf3.o) (__divsf3x)
c:/program files (x86)/atmel/studio/7.0/toolchain/avr8/avr8-gnu-toolchain/bin/../lib/gcc/avr/4.9.2/../../../../avr/lib/avr5\libm.a(fixsfsi.o)
                              UtilMpu9250.o (__fixsfsi)
c:/program files (x86)/atmel/studio/7.0/toolchain/avr8/avr8-gnu-toolchain/bin/../lib/gcc/avr/4.9.2/../../../../avr/lib/avr5\libm.a(fixunssfsi.o)
                              c:/program files (x86)/atmel/studio/7.0/toolchain/avr8/avr8-gnu-toolchain/bin/../lib/gcc/avr/4.9.2/../../../../avr/lib/avr5\libm.a(fixsfsi.o) (__fixunssfsi)
c:/program files (x86)/atmel/studio/7.0/toolchain/avr8/avr8-gnu-toolchain/bin/../lib/gcc/avr/4.9.2/../../../../avr/lib/avr5\libm.a(floatsisf.o)
                              UtilMpu9250.o (__floatunsisf)
c:/program files (x86)/atmel/studio/7.0/toolchain/avr8/avr8-gnu-toolchain/bin/../lib/gcc/avr/4.9.2/../../../../avr/lib/avr5\libm.a(fp_inf.o)
                              c:/program files (x86)/atmel/studio/7.0/toolchain/avr8/avr8-gnu-toolchain/bin/../lib/gcc/avr/4.9.2/../../../../avr/lib/avr5\libm.a(addsf3x.o) (__fp_inf)
c:/program files (x86)/atmel/studio/7.0/toolchain/avr8/avr8-gnu-toolchain/bin/../lib/gcc/avr/4.9.2/../../../../avr/lib/avr5\libm.a(fp_nan.o)
                              c:/program files (x86)/atmel/studio/7.0/toolchain/avr8/avr8-gnu-toolchain/bin/../lib/gcc/avr/4.9.2/../../../../avr/lib/avr5\libm.a(addsf3x.o) (__fp_nan)
c:/program files (x86)/atmel/studio/7.0/toolchain/avr8/avr8-gnu-toolchain/bin/../lib/gcc/avr/4.9.2/../../../../avr/lib/avr5\libm.a(fp_pscA.o)
                              c:/program files (x86)/atmel/studio/7.0/toolchain/avr8/avr8-gnu-toolchain/bin/../lib/gcc/avr/4.9.2/../../../../avr/lib/avr5\libm.a(addsf3x.o) (__fp_pscA)
c:/program files (x86)/atmel/studio/7.0/toolchain/avr8/avr8-gnu-toolchain/bin/../lib/gcc/avr/4.9.2/../../../../avr/lib/avr5\libm.a(fp_pscB.o)
                              c:/program files (x86)/atmel/studio/7.0/toolchain/avr8/avr8-gnu-toolchain/bin/../lib/gcc/avr/4.9.2/../../../../avr/lib/avr5\libm.a(addsf3x.o) (__fp_pscB)
c:/program files (x86)/atmel/studio/7.0/toolchain/avr8/avr8-gnu-toolchain/bin/../lib/gcc/avr/4.9.2/../../../../avr/lib/avr5\libm.a(fp_round.o)
                              c:/program files (x86)/atmel/studio/7.0/toolchain/avr8/avr8-gnu-toolchain/bin/../lib/gcc/avr/4.9.2/../../../../avr/lib/avr5\libm.a(addsf3.o) (__fp_round)
c:/program files (x86)/atmel/studio/7.0/toolchain/avr8/avr8-gnu-toolchain/bin/../lib/gcc/avr/4.9.2/../../../../avr/lib/avr5\libm.a(fp_split3.o)
                              c:/program files (x86)/atmel/studio/7.0/toolchain/avr8/avr8-gnu-toolchain/bin/../lib/gcc/avr/4.9.2/../../../../avr/lib/avr5\libm.a(addsf3x.o) (__fp_split3)
c:/program files (x86)/atmel/studio/7.0/toolchain/avr8/avr8-gnu-toolchain/bin/../lib/gcc/avr/4.9.2/../../../../avr/lib/avr5\libm.a(fp_zero.o)
                              c:/program files (x86)/atmel/studio/7.0/toolchain/avr8/avr8-gnu-toolchain/bin/../lib/gcc/avr/4.9.2/../../../../avr/lib/avr5\libm.a(addsf3x.o) (__fp_zero)
c:/program files (x86)/atmel/studio/7.0/toolchain/avr8/avr8-gnu-toolchain/bin/../lib/gcc/avr/4.9.2/../../../../avr/lib/avr5\libm.a(mulsf3.o)
                              Sketch.o (__mulsf3)
c:/program files (x86)/atmel/studio/7.0/toolchain/avr8/avr8-gnu-toolchain/bin/../lib/gcc/avr/4.9.2/../../../../avr/lib/avr5\libm.a(mulsf3x.o)
                              c:/program files (x86)/atmel/studio/7.0/toolchain/avr8/avr8-gnu-toolchain/bin/../lib/gcc/avr/4.9.2/../../../../avr/lib/avr5\libm.a(mulsf3.o) (__mulsf3x)
c:/program files (x86)/atmel/studio/7.0/toolchain/avr8/avr8-gnu-toolchain/bin/../lib/gcc/avr/4.9.2/../../../../avr/lib/avr5\libm.a(pow.o)
                              UtilMpu9250.o (pow)
c:/program files (x86)/atmel/studio/7.0/toolchain/avr8/avr8-gnu-toolchain/bin/../lib/gcc/avr/4.9.2/../../../../avr/lib/avr5\libm.a(sin.o)
[...]
Memory Configuration

Name             Origin             Length             Attributes
text             0x00000000         0x00020000         xr
data             0x00800060         0x0000ffa0         rw !x
eeprom           0x00810000         0x00010000         rw !x
fuse             0x00820000         0x00000003         rw !x
lock             0x00830000         0x00000400         rw !x
signature        0x00840000         0x00000400         rw !x
user_signatures  0x00850000         0x00000400         rw !x
*default*        0x00000000         0xffffffff

Linker script and memory map

Address of section .data set to 0x800100
LOAD C:/Program Files (x86)/Atmel/Studio/7.0/Packs/Atmel/ATmega_DFP/1.2.132/gcc/dev/atmega328p/avr5/crtatmega328p.o
LOAD Sketch.o
LOAD UtilMpu9250.o
START GROUP
LOAD c:/program files (x86)/atmel/studio/7.0/toolchain/avr8/avr8-gnu-toolchain/bin/../lib/gcc/avr/4.9.2/../../../../avr/lib/avr5\libm.a
LOAD C:\Data\infotek\svn\2012\gat\Projects\Atmega\code\Atmelstudio\Libraries\ArduinoCore\Debug\libArduinoCore.a
END GROUP
LOAD c:/program files (x86)/atmel/studio/7.0/toolchain/avr8/avr8-gnu-toolchain/bin/../lib/gcc/avr/4.9.2/avr5\libgcc.a
LOAD c:/program files (x86)/atmel/studio/7.0/toolchain/avr8/avr8-gnu-toolchain/bin/../lib/gcc/avr/4.9.2/../../../../avr/lib/avr5\libm.a
START GROUP
LOAD c:/program files (x86)/atmel/studio/7.0/toolchain/avr8/avr8-gnu-toolchain/bin/../lib/gcc/avr/4.9.2/avr5\libgcc.a
LOAD c:/program files (x86)/atmel/studio/7.0/toolchain/avr8/avr8-gnu-toolchain/bin/../lib/gcc/avr/4.9.2/../../../../avr/lib/avr5\libm.a
LOAD c:/program files (x86)/atmel/studio/7.0/toolchain/avr8/avr8-gnu-toolchain/bin/../lib/gcc/avr/4.9.2/../../../../avr/lib/avr5\libc.a
LOAD C:/Program Files (x86)/Atmel/Studio/7.0/Packs/Atmel/ATmega_DFP/1.2.132/gcc/dev/atmega328p/avr5\libatmega328p.a
END GROUP
                0x00020000                __TEXT_REGION_LENGTH__ = DEFINED (__TEXT_REGION_LENGTH__)?__TEXT_REGION_LENGTH__:0x20000
                0x0000ffa0                __DATA_REGION_LENGTH__ = DEFINED (__DATA_REGION_LENGTH__)?__DATA_REGION_LENGTH__:0xffa0
                0x00010000                __EEPROM_REGION_LENGTH__ = DEFINED (__EEPROM_REGION_LENGTH__)?__EEPROM_REGION_LENGTH__:0x10000
                [0x00000003]                __FUSE_REGION_LENGTH__ = DEFINED (__FUSE_REGION_LENGTH__)?__FUSE_REGION_LENGTH__:0x400
                0x00000400                __LOCK_REGION_LENGTH__ = DEFINED (__LOCK_REGION_LENGTH__)?__LOCK_REGION_LENGTH__:0x400
                0x00000400                __SIGNATURE_REGION_LENGTH__ = DEFINED (__SIGNATURE_REGION_LENGTH__)?__SIGNATURE_REGION_LENGTH__:0x400
                0x00000400                __USER_SIGNATURE_REGION_LENGTH__ = DEFINED (__USER_SIGNATURE_REGION_LENGTH__)?__USER_SIGNATURE_REGION_LENGTH__:0x400

.hash
 *(.hash)

.dynsym
 *(.dynsym)

.dynstr
 *(.dynstr)

.gnu.version
 *(.gnu.version)

.gnu.version_d
 *(.gnu.version_d)

.gnu.version_r
 *(.gnu.version_r)

.rel.init
 *(.rel.init)

.rela.init
 *(.rela.init)

.rel.text
 *(.rel.text)
 *(.rel.text.*)
 *(.rel.gnu.linkonce.t*)

.rela.text
 *(.rela.text)
 *(.rela.text.*)
 *(.rela.gnu.linkonce.t*)

.rel.fini
 *(.rel.fini)

.rela.fini
 *(.rela.fini)

.rel.rodata
 *(.rel.rodata)
 *(.rel.rodata.*)
 *(.rel.gnu.linkonce.r*)

.rela.rodata
 *(.rela.rodata)
 *(.rela.rodata.*)
 *(.rela.gnu.linkonce.r*)

.rel.data
 *(.rel.data)
 *(.rel.data.*)
 *(.rel.gnu.linkonce.d*)

.rela.data
 *(.rela.data)
 *(.rela.data.*)
 *(.rela.gnu.linkonce.d*)

.rel.ctors
 *(.rel.ctors)

.rela.ctors
 *(.rela.ctors)

.rel.dtors
 *(.rel.dtors)

.rela.dtors
 *(.rela.dtors)

.rel.got
 *(.rel.got)

.rela.got
 *(.rela.got)

.rel.bss
 *(.rel.bss)

.rela.bss
 *(.rela.bss)

.rel.plt
 *(.rel.plt)

.rela.plt
 *(.rela.plt)

.text           0x00000000     0x32ce
 *(.vectors)
 .vectors       0x00000000       0x68 C:/Program Files (x86)/Atmel/Studio/7.0/Packs/Atmel/ATmega_DFP/1.2.132/gcc/dev/atmega328p/avr5/crtatmega328p.o
                0x00000000                __vector_default
                0x00000000                __vectors
 *(.vectors)
 *(.progmem.gcc*)
 .progmem.gcc_fplib
                0x00000068       0x28 c:/program files (x86)/atmel/studio/7.0/toolchain/avr8/avr8-gnu-toolchain/bin/../lib/gcc/avr/4.9.2/../../../../avr/lib/avr5\libm.a(exp.o)
 .progmem.gcc_fplib
                0x00000090       0x1e c:/program files (x86)/atmel/studio/7.0/toolchain/avr8/avr8-gnu-toolchain/bin/../lib/gcc/avr/4.9.2/../../../../avr/lib/avr5\libm.a(fp_sinus.o)
 .progmem.gcc_fplib
                0x000000ae       0x5a c:/program files (x86)/atmel/studio/7.0/toolchain/avr8/avr8-gnu-toolchain/bin/../lib/gcc/avr/4.9.2/../../../../avr/lib/avr5\libm.a(log.o)
                0x00000108                . = ALIGN (0x2)
                0x00000108                __trampolines_start = .
 *(.trampolines)
 .trampolines   0x00000108        0x0 linker stubs
 *(.trampolines*)
                0x00000108                __trampolines_end = .
 *libprintf_flt.a:*(.progmem.data)
 *libc.a:*(.progmem.data)
 *(.progmem*)
 .progmem.data.digital_pin_to_timer_PGM
                0x00000108       0x14 C:\Data\infotek\svn\2012\gat\Projects\Atmega\code\Atmelstudio\Libraries\ArduinoCore\Debug\libArduinoCore.a(wiring_digital.o)
                0x00000108                digital_pin_to_timer_PGM
 .progmem.data.digital_pin_to_bit_mask_PGM
                0x0000011c       0x14 C:\Data\infotek\svn\2012\gat\Projects\Atmega\code\Atmelstudio\Libraries\ArduinoCore\Debug\libArduinoCore.a(wiring_digital.o)
                0x0000011c                digital_pin_to_bit_mask_PGM
 .progmem.data.digital_pin_to_port_PGM
                0x00000130       0x14 C:\Data\infotek\svn\2012\gat\Projects\Atmega\code\Atmelstudio\Libraries\ArduinoCore\Debug\libArduinoCore.a(wiring_digital.o)
                0x00000130                digital_pin_to_port_PGM
 .progmem.data.port_to_input_PGM
                0x00000144        0xa C:\Data\infotek\svn\2012\gat\Projects\Atmega\code\Atmelstudio\Libraries\ArduinoCore\Debug\libArduinoCore.a(wiring_digital.o)
                0x00000144                port_to_input_PGM
 .progmem.data.port_to_output_PGM
                0x0000014e        0xa C:\Data\infotek\svn\2012\gat\Projects\Atmega\code\Atmelstudio\Libraries\ArduinoCore\Debug\libArduinoCore.a(wiring_digital.o)
                0x0000014e                port_to_output_PGM
 .progmem.data.port_to_mode_PGM
                0x00000158        0xa C:\Data\infotek\svn\2012\gat\Projects\Atmega\code\Atmelstudio\Libraries\ArduinoCore\Debug\libArduinoCore.a(wiring_digital.o)
                0x00000158                port_to_mode_PGM
                0x00000162                . = ALIGN (0x2)
 *(.jumptables)
 *(.jumptables*)
 *(.lowtext)
 *(.lowtext*)
                0x00000162                __ctors_start = .
 *(.ctors)
 .ctors         0x00000162        0x2 C:\Data\infotek\svn\2012\gat\Projects\Atmega\code\Atmelstudio\Libraries\ArduinoCore\Debug\libArduinoCore.a(HardwareSerial0.o)
 .ctors         0x00000164        0x2 C:\Data\infotek\svn\2012\gat\Projects\Atmega\code\Atmelstudio\Libraries\ArduinoCore\Debug\libArduinoCore.a(Wire.o)
                0x00000166                __ctors_end = .
                0x00000166                __dtors_start = .
 *(.dtors)
                0x00000166                __dtors_end = .
 SORT(*)(.ctors)
 SORT(*)(.dtors)
 *(.init0)
 .init0         0x00000166        0x0 C:/Program Files (x86)/Atmel/Studio/7.0/Packs/Atmel/ATmega_DFP/1.2.132/gcc/dev/atmega328p/avr5/crtatmega328p.o
                0x00000166                __init
 *(.init0)
 *(.init1)
 *(.init1)
 *(.init2)
 .init2         0x00000166        0xc C:/Program Files (x86)/Atmel/Studio/7.0/Packs/Atmel/ATmega_DFP/1.2.132/gcc/dev/atmega328p/avr5/crtatmega328p.o
 *(.init2)
 *(.init3)
 *(.init3)
 *(.init4)
 .init4         0x00000172       0x16 c:/program files (x86)/atmel/studio/7.0/toolchain/avr8/avr8-gnu-toolchain/bin/../lib/gcc/avr/4.9.2/avr5\libgcc.a(_copy_data.o)
                0x00000172                __do_copy_data
 .init4         0x00000188       0x10 c:/program files (x86)/atmel/studio/7.0/toolchain/avr8/avr8-gnu-toolchain/bin/../lib/gcc/avr/4.9.2/avr5\libgcc.a(_clear_bss.o)
                0x00000188                __do_clear_bss
 *(.init4)
 *(.init5)
 *(.init5)
 *(.init6)
 .init6         0x00000198       0x16 c:/program files (x86)/atmel/studio/7.0/toolchain/avr8/avr8-gnu-toolchain/bin/../lib/gcc/avr/4.9.2/avr5\libgcc.a(_ctors.o)
                0x00000198                __do_global_ctors
 *(.init6)
 *(.init7)
 *(.init7)
 *(.init8)
 *(.init8)
 *(.init9)
 .init9         0x000001ae        0x8 C:/Program Files (x86)/Atmel/Studio/7.0/Packs/Atmel/ATmega_DFP/1.2.132/gcc/dev/atmega328p/avr5/crtatmega328p.o
 *(.init9)
 *(.text)
 .text          0x000001b6        0x4 C:/Program Files (x86)/Atmel/Studio/7.0/Packs/Atmel/ATmega_DFP/1.2.132/gcc/dev/atmega328p/avr5/crtatmega328p.o
                0x000001b6                __vector_22
                0x000001b6                __vector_1
                0x000001b6                __vector_12
                0x000001b6                __bad_interrupt
                0x000001b6                __vector_6
                0x000001b6                __vector_3
                0x000001b6                __vector_23
                0x000001b6                __vector_25
                0x000001b6                __vector_11
                0x000001b6                __vector_13
                0x000001b6                __vector_17
                0x000001b6                __vector_7
                0x000001b6                __vector_5
                0x000001b6                __vector_4
                0x000001b6                __vector_9
                0x000001b6                __vector_2
                0x000001b6                __vector_21
                0x000001b6                __vector_15
                0x000001b6                __vector_8
                0x000001b6                __vector_14
                0x000001b6                __vector_10
                0x000001b6                __vector_20
                0x000001ba                . = ALIGN (0x2)
 *(.text.*)
 .text.loop     0x000001ba      0x2e0 Sketch.o
                0x000001ba                loop
 .text._Z8InitGyrov
                0x0000049a      0x194 Sketch.o
                0x0000049a                _Z8InitGyrov
 .text.setup    0x0000062e      0x26e Sketch.o
                0x0000062e                setup
 .text._Z7RawReadv
                0x0000089c      0x378 UtilMpu9250.o
                0x0000089c                _Z7RawReadv
 .text._Z13CalibrateGyrov
                0x00000c14      0x17a UtilMpu9250.o
                0x00000c14                _Z13CalibrateGyrov
 .text._Z9writeBytehhh
                0x00000d8e       0x34 UtilMpu9250.o
                0x00000d8e                _Z9writeBytehhh
 .text._Z10setupSlavehhhhbhbbbb
                0x00000dc2       0xbe UtilMpu9250.o
                0x00000dc2                _Z10setupSlavehhhhbhbbbb
 .text._Z15enableI2CMasterv
                0x00000e80       0x20 UtilMpu9250.o
                0x00000e80                _Z15enableI2CMasterv
 .text._Z8readBytehh
                0x00000ea0       0x3e UtilMpu9250.o
                0x00000ea0                _Z8readBytehh
 .text._Z9readByteshhhPh
                0x00000ede       0x72 UtilMpu9250.o
                0x00000ede                _Z9readByteshhhPh
 .text._Z15MPU9250SelfTestPf
                0x00000f50      0x74c UtilMpu9250.o
                0x00000f50                _Z15MPU9250SelfTestPf
 .text._Z10initAK8963Pf6Mscale
                0x0000169c      0x140 UtilMpu9250.o
                0x0000169c                _Z10initAK8963Pf6Mscale
 .text.avr-libc.fplib
                0x000017dc        0xe c:/program files (x86)/atmel/studio/7.0/toolchain/avr8/avr8-gnu-toolchain/bin/../lib/gcc/avr/4.9.2/../../../../avr/lib/avr5\libm.a(addsf3.o)
                0x000017dc                __subsf3
                0x000017de                __addsf3
 .text.avr-libc.fplib
                0x000017ea       0xcc c:/program files (x86)/atmel/studio/7.0/toolchain/avr8/avr8-gnu-toolchain/bin/../lib/gcc/avr/4.9.2/../../../../avr/lib/avr5\libm.a(addsf3x.o)
                0x0000180c                __addsf3x
 .text.avr-libc.fplib
                0x000018b6        0x8 c:/program files (x86)/atmel/studio/7.0/toolchain/avr8/avr8-gnu-toolchain/bin/../lib/gcc/avr/4.9.2/../../../../avr/lib/avr5\libm.a(divsf3.o)
                0x000018b6                __divsf3
 .text.avr-libc.fplib
                0x000018be       0xdc c:/program files (x86)/atmel/studio/7.0/toolchain/avr8/avr8-gnu-toolchain/bin/../lib/gcc/avr/4.9.2/../../../../avr/lib/avr5\libm.a(divsf3x.o)
                0x000018de                __divsf3x
                0x000018e4                __divsf3_pse
 .text.avr-libc.fplib
                0x0000199a        0xe c:/program files (x86)/atmel/studio/7.0/toolchain/avr8/avr8-gnu-toolchain/bin/../lib/gcc/avr/4.9.2/../../../../avr/lib/avr5\libm.a(fixsfsi.o)
                0x0000199a                __fixsfsi
 .text.avr-libc.fplib
                0x000019a8       0x5e c:/program files (x86)/atmel/studio/7.0/toolchain/avr8/avr8-gnu-toolchain/bin/../lib/gcc/avr/4.9.2/../../../../avr/lib/avr5\libm.a(fixunssfsi.o)
                0x000019a8                __fixunssfsi
 .text.avr-libc.fplib
                0x00001a06       0x7a c:/program files (x86)/atmel/studio/7.0/toolchain/avr8/avr8-gnu-toolchain/bin/../lib/gcc/avr/4.9.2/../../../../avr/lib/avr5\libm.a(floatsisf.o)
                0x00001a06                __floatunsisf
                0x00001a0a                __floatsisf
 .text.avr-libc.fplib
                0x00001a80        0xc c:/program files (x86)/atmel/studio/7.0/toolchain/avr8/avr8-gnu-toolchain/bin/../lib/gcc/avr/4.9.2/../../../../avr/lib/avr5\libm.a(fp_inf.o)
                0x00001a80                __fp_inf
 .text.avr-libc.fplib
                0x00001a8c        0x6 c:/program files (x86)/atmel/studio/7.0/toolchain/avr8/avr8-gnu-toolchain/bin/../lib/gcc/avr/4.9.2/../../../../avr/lib/avr5\libm.a(fp_nan.o)
                0x00001a8c                __fp_nan
 .text.avr-libc.fplib
                0x00001a92        0xe c:/program files (x86)/atmel/studio/7.0/toolchain/avr8/avr8-gnu-toolchain/bin/../lib/gcc/avr/4.9.2/../../../../avr/lib/avr5\libm.a(fp_pscA.o)
                0x00001a92                __fp_pscA
 .text.avr-libc.fplib
                0x00001aa0        0xe c:/program files (x86)/atmel/studio/7.0/toolchain/avr8/avr8-gnu-toolchain/bin/../lib/gcc/avr/4.9.2/../../../../avr/lib/avr5\libm.a(fp_pscB.o)
                0x00001aa0                __fp_pscB
 .text.avr-libc.fplib
                0x00001aae       0x22 c:/program files (x86)/atmel/studio/7.0/toolchain/avr8/avr8-gnu-toolchain/bin/../lib/gcc/avr/4.9.2/../../../../avr/lib/avr5\libm.a(fp_round.o)
                0x00001aae                __fp_round
 .text.avr-libc.fplib
                0x00001ad0       0x44 c:/program files (x86)/atmel/studio/7.0/toolchain/avr8/avr8-gnu-toolchain/bin/../lib/gcc/avr/4.9.2/../../../../avr/lib/avr5\libm.a(fp_split3.o)
                0x00001ad0                __fp_split3
                0x00001ae0                __fp_splitA
 .text.avr-libc.fplib
                0x00001b14        0xe c:/program files (x86)/atmel/studio/7.0/toolchain/avr8/avr8-gnu-toolchain/bin/../lib/gcc/avr/4.9.2/../../../../avr/lib/avr5\libm.a(fp_zero.o)
                0x00001b14                __fp_zero
                0x00001b16                __fp_szero
 .text.avr-libc.fplib
                0x00001b22        0x8 c:/program files (x86)/atmel/studio/7.0/toolchain/avr8/avr8-gnu-toolchain/bin/../lib/gcc/avr/4.9.2/../../../../avr/lib/avr5\libm.a(mulsf3.o)
                0x00001b22                __mulsf3
 .text.avr-libc.fplib
                0x00001b2a       0xd2 c:/program files (x86)/atmel/studio/7.0/toolchain/avr8/avr8-gnu-toolchain/bin/../lib/gcc/avr/4.9.2/../../../../avr/lib/avr5\libm.a(mulsf3x.o)
                0x00001b48                __mulsf3x
                0x00001b4e                __mulsf3_pse
 .text.avr-libc.fplib
                0x00001bfc       0xa0 c:/program files (x86)/atmel/studio/7.0/toolchain/avr8/avr8-gnu-toolchain/bin/../lib/gcc/avr/4.9.2/../../../../avr/lib/avr5\libm.a(pow.o)
                0x00001bfc                pow
 .text.avr-libc.fplib
                0x00001c9c       0x10 c:/program files (x86)/atmel/studio/7.0/toolchain/avr8/avr8-gnu-toolchain/bin/../lib/gcc/avr/4.9.2/../../../../avr/lib/avr5\libm.a(sin.o)
                0x00001c9c                sin
 .text.avr-libc.fplib
                0x00001cac       0x74 c:/program files (x86)/atmel/studio/7.0/toolchain/avr8/avr8-gnu-toolchain/bin/../lib/gcc/avr/4.9.2/../../../../avr/lib/avr5\libm.a(exp.o)
                0x00001cbc                exp
 .text.avr-libc.fplib
                0x00001d20       0x4e c:/program files (x86)/atmel/studio/7.0/toolchain/avr8/avr8-gnu-toolchain/bin/../lib/gcc/avr/4.9.2/../../../../avr/lib/avr5\libm.a(fp_powser.o)
                0x00001d20                __fp_powser
 .text.avr-libc.fplib
                0x00001d6e       0x56 c:/program files (x86)/atmel/studio/7.0/toolchain/avr8/avr8-gnu-toolchain/bin/../lib/gcc/avr/4.9.2/../../../../avr/lib/avr5\libm.a(fp_rempio2.o)
                0x00001d72                __fp_rempio2
 .text.avr-libc.fplib
                0x00001dc4       0x28 c:/program files (x86)/atmel/studio/7.0/toolchain/avr8/avr8-gnu-toolchain/bin/../lib/gcc/avr/4.9.2/../../../../avr/lib/avr5\libm.a(fp_sinus.o)
                0x00001dc4                __fp_sinus
 .text.avr-libc.fplib
                0x00001dec       0x10 c:/program files (x86)/atmel/studio/7.0/toolchain/avr8/avr8-gnu-toolchain/bin/../lib/gcc/avr/4.9.2/../../../../avr/lib/avr5\libm.a(inverse.o)
                0x00001dec                inverse
 .text.avr-libc.fplib
                0x00001dfc       0x74 c:/program files (x86)/atmel/studio/7.0/toolchain/avr8/avr8-gnu-toolchain/bin/../lib/gcc/avr/4.9.2/../../../../avr/lib/avr5\libm.a(ldexp.o)
                0x00001e04                ldexp
 .text.avr-libc.fplib
                0x00001e70       0xa0 c:/program files (x86)/atmel/studio/7.0/toolchain/avr8/avr8-gnu-toolchain/bin/../lib/gcc/avr/4.9.2/../../../../avr/lib/avr5\libm.a(log.o)
                0x00001e80                log
 .text.avr-libc.fplib
                0x00001f10       0x68 c:/program files (x86)/atmel/studio/7.0/toolchain/avr8/avr8-gnu-toolchain/bin/../lib/gcc/avr/4.9.2/../../../../avr/lib/avr5\libm.a(modf.o)
                0x00001f10                modf
                0x00001f10                modff
 .text.avr-libc.fplib
                0x00001f78       0x1c c:/program files (x86)/atmel/studio/7.0/toolchain/avr8/avr8-gnu-toolchain/bin/../lib/gcc/avr/4.9.2/../../../../avr/lib/avr5\libm.a(fp_mpack.o)
                0x00001f78                __fp_mpack
                0x00001f7c                __fp_mpack_finite
 .text.avr-libc.fplib
                0x00001f94       0x28 c:/program files (x86)/atmel/studio/7.0/toolchain/avr8/avr8-gnu-toolchain/bin/../lib/gcc/avr/4.9.2/../../../../avr/lib/avr5\libm.a(fp_powsodd.o)
                0x00001f94                __fp_powsodd
 .text._ZN14HardwareSerial9availableEv
                0x00001fbc       0x18 C:\Data\infotek\svn\2012\gat\Projects\Atmega\code\Atmelstudio\Libraries\ArduinoCore\Debug\libArduinoCore.a(HardwareSerial.o)
                0x00001fbc                _ZN14HardwareSerial9availableEv
 .text._ZN14HardwareSerial4peekEv
                0x00001fd4       0x1c C:\Data\infotek\svn\2012\gat\Projects\Atmega\code\Atmelstudio\Libraries\ArduinoCore\Debug\libArduinoCore.a(HardwareSerial.o)
                0x00001fd4                _ZN14HardwareSerial4peekEv
 .text._ZN14HardwareSerial4readEv
                0x00001ff0       0x28 C:\Data\infotek\svn\2012\gat\Projects\Atmega\code\Atmelstudio\Libraries\ArduinoCore\Debug\libArduinoCore.a(HardwareSerial.o)
                0x00001ff0                _ZN14HardwareSerial4readEv
 .text._Z14serialEventRunv
                0x00002018       0x1c C:\Data\infotek\svn\2012\gat\Projects\Atmega\code\Atmelstudio\Libraries\ArduinoCore\Debug\libArduinoCore.a(HardwareSerial.o)
                0x00002018                _Z14serialEventRunv
 .text._ZN14HardwareSerial17_tx_udr_empty_irqEv
                0x00002034       0x54 C:\Data\infotek\svn\2012\gat\Projects\Atmega\code\Atmelstudio\Libraries\ArduinoCore\Debug\libArduinoCore.a(HardwareSerial.o)
                0x00002034                _ZN14HardwareSerial17_tx_udr_empty_irqEv
 .text._ZN14HardwareSerial5flushEv
                0x00002088       0x44 C:\Data\infotek\svn\2012\gat\Projects\Atmega\code\Atmelstudio\Libraries\ArduinoCore\Debug\libArduinoCore.a(HardwareSerial.o)
                0x00002088                _ZN14HardwareSerial5flushEv
 .text._ZN14HardwareSerial5writeEh
                0x000020cc       0x9e C:\Data\infotek\svn\2012\gat\Projects\Atmega\code\Atmelstudio\Libraries\ArduinoCore\Debug\libArduinoCore.a(HardwareSerial.o)
                0x000020cc                _ZN14HardwareSerial5writeEh
 .text._ZN14HardwareSerial5beginEmh
                0x0000216a       0xd2 C:\Data\infotek\svn\2012\gat\Projects\Atmega\code\Atmelstudio\Libraries\ArduinoCore\Debug\libArduinoCore.a(HardwareSerial.o)
                0x0000216a                _ZN14HardwareSerial5beginEmh
 .text.__vector_18
                0x0000223c       0x70 C:\Data\infotek\svn\2012\gat\Projects\Atmega\code\Atmelstudio\Libraries\ArduinoCore\Debug\libArduinoCore.a(HardwareSerial0.o)
                0x0000223c                __vector_18
 .text.__vector_19
                0x000022ac       0x4c C:\Data\infotek\svn\2012\gat\Projects\Atmega\code\Atmelstudio\Libraries\ArduinoCore\Debug\libArduinoCore.a(HardwareSerial0.o)
                0x000022ac                __vector_19
 .text._Z17Serial0_availablev
                0x000022f8       0x14 C:\Data\infotek\svn\2012\gat\Projects\Atmega\code\Atmelstudio\Libraries\ArduinoCore\Debug\libArduinoCore.a(HardwareSerial0.o)
                0x000022f8                _Z17Serial0_availablev
 .text._GLOBAL__sub_I___vector_18
                0x0000230c       0x5a C:\Data\infotek\svn\2012\gat\Projects\Atmega\code\Atmelstudio\Libraries\ArduinoCore\Debug\libArduinoCore.a(HardwareSerial0.o)
 .text.initVariant
                0x00002366        0x2 C:\Data\infotek\svn\2012\gat\Projects\Atmega\code\Atmelstudio\Libraries\ArduinoCore\Debug\libArduinoCore.a(main.o)
                0x00002366                initVariant
 .text.main     0x00002368       0x1e C:\Data\infotek\svn\2012\gat\Projects\Atmega\code\Atmelstudio\Libraries\ArduinoCore\Debug\libArduinoCore.a(main.o)
                0x00002368                main
 .text._ZN5Print5writeEPKhj
                0x00002386       0x5e C:\Data\infotek\svn\2012\gat\Projects\Atmega\code\Atmelstudio\Libraries\ArduinoCore\Debug\libArduinoCore.a(Print.o)
                0x00002386                _ZN5Print5writeEPKhj
 .text._ZN5Print5printEPKc
                0x000023e4       0x2c C:\Data\infotek\svn\2012\gat\Projects\Atmega\code\Atmelstudio\Libraries\ArduinoCore\Debug\libArduinoCore.a(Print.o)
                0x000023e4                _ZN5Print5printEPKc
 .text._ZN5Print5printEc
                0x00002410       0x10 C:\Data\infotek\svn\2012\gat\Projects\Atmega\code\Atmelstudio\Libraries\ArduinoCore\Debug\libArduinoCore.a(Print.o)
                0x00002410                _ZN5Print5printEc
 .text._ZN5Print7printlnEv
                0x00002420       0x18 C:\Data\infotek\svn\2012\gat\Projects\Atmega\code\Atmelstudio\Libraries\ArduinoCore\Debug\libArduinoCore.a(Print.o)
                0x00002420                _ZN5Print7printlnEv
 .text._ZN5Print7printlnEPKc
                0x00002438       0x24 C:\Data\infotek\svn\2012\gat\Projects\Atmega\code\Atmelstudio\Libraries\ArduinoCore\Debug\libArduinoCore.a(Print.o)
                0x00002438                _ZN5Print7printlnEPKc
 .text._ZN5Print11printNumberEmh
                0x0000245c       0xbe C:\Data\infotek\svn\2012\gat\Projects\Atmega\code\Atmelstudio\Libraries\ArduinoCore\Debug\libArduinoCore.a(Print.o)
                0x0000245c                _ZN5Print11printNumberEmh
 .text._ZN5Print5printEmi
                0x0000251a       0x1e C:\Data\infotek\svn\2012\gat\Projects\Atmega\code\Atmelstudio\Libraries\ArduinoCore\Debug\libArduinoCore.a(Print.o)
                0x0000251a                _ZN5Print5printEmi
 .text._ZN5Print5printEhi
                0x00002538       0x10 C:\Data\infotek\svn\2012\gat\Projects\Atmega\code\Atmelstudio\Libraries\ArduinoCore\Debug\libArduinoCore.a(Print.o)
                0x00002538                _ZN5Print5printEhi
 .text._ZN5Print10printFloatEdh
                0x00002548      0x212 C:\Data\infotek\svn\2012\gat\Projects\Atmega\code\Atmelstudio\Libraries\ArduinoCore\Debug\libArduinoCore.a(Print.o)
                0x00002548                _ZN5Print10printFloatEdh
 .text._ZN5Print5printEdi
                0x0000275a        0x6 C:\Data\infotek\svn\2012\gat\Projects\Atmega\code\Atmelstudio\Libraries\ArduinoCore\Debug\libArduinoCore.a(Print.o)
                0x0000275a                _ZN5Print5printEdi
 .text._ZN7TwoWire9availableEv
                0x00002760       0x10 C:\Data\infotek\svn\2012\gat\Projects\Atmega\code\Atmelstudio\Libraries\ArduinoCore\Debug\libArduinoCore.a(Wire.o)
                0x00002760                _ZN7TwoWire9availableEv
 .text._ZN7TwoWire4readEv
                0x00002770       0x28 C:\Data\infotek\svn\2012\gat\Projects\Atmega\code\Atmelstudio\Libraries\ArduinoCore\Debug\libArduinoCore.a(Wire.o)
                0x00002770                _ZN7TwoWire4readEv
 .text._ZN7TwoWire4peekEv
                0x00002798       0x1e C:\Data\infotek\svn\2012\gat\Projects\Atmega\code\Atmelstudio\Libraries\ArduinoCore\Debug\libArduinoCore.a(Wire.o)
                0x00002798                _ZN7TwoWire4peekEv
 .text._ZN7TwoWire5flushEv
                0x000027b6        0x2 C:\Data\infotek\svn\2012\gat\Projects\Atmega\code\Atmelstudio\Libraries\ArduinoCore\Debug\libArduinoCore.a(Wire.o)
                0x000027b6                _ZN7TwoWire5flushEv
 .text._ZN7TwoWire5writeEPKhj
                0x000027b8       0x60 C:\Data\infotek\svn\2012\gat\Projects\Atmega\code\Atmelstudio\Libraries\ArduinoCore\Debug\libArduinoCore.a(Wire.o)
                0x000027b8                _ZN7TwoWire5writeEPKhj
 .text._ZN7TwoWire5writeEh
                0x00002818       0x62 C:\Data\infotek\svn\2012\gat\Projects\Atmega\code\Atmelstudio\Libraries\ArduinoCore\Debug\libArduinoCore.a(Wire.o)
                0x00002818                _ZN7TwoWire5writeEh
 .text._ZN7TwoWireC2Ev
                0x0000287a       0x20 C:\Data\infotek\svn\2012\gat\Projects\Atmega\code\Atmelstudio\Libraries\ArduinoCore\Debug\libArduinoCore.a(Wire.o)
                0x0000287a                _ZN7TwoWireC1Ev
                0x0000287a                _ZN7TwoWireC2Ev
 .text._ZN7TwoWire5beginEv
                0x0000289a       0x16 C:\Data\infotek\svn\2012\gat\Projects\Atmega\code\Atmelstudio\Libraries\ArduinoCore\Debug\libArduinoCore.a(Wire.o)
                0x0000289a                _ZN7TwoWire5beginEv
 .text._ZN7TwoWire17beginTransmissionEh
                0x000028b0       0x14 C:\Data\infotek\svn\2012\gat\Projects\Atmega\code\Atmelstudio\Libraries\ArduinoCore\Debug\libArduinoCore.a(Wire.o)
                0x000028b0                _ZN7TwoWire17beginTransmissionEh
 .text._ZN7TwoWire17beginTransmissionEi
                0x000028c4        0x6 C:\Data\infotek\svn\2012\gat\Projects\Atmega\code\Atmelstudio\Libraries\ArduinoCore\Debug\libArduinoCore.a(Wire.o)
                0x000028c4                _ZN7TwoWire17beginTransmissionEi
 .text._ZN7TwoWire15endTransmissionEh
                0x000028ca       0x26 C:\Data\infotek\svn\2012\gat\Projects\Atmega\code\Atmelstudio\Libraries\ArduinoCore\Debug\libArduinoCore.a(Wire.o)
                0x000028ca                _ZN7TwoWire15endTransmissionEh
 .text._ZN7TwoWire11requestFromEhhmhh
                0x000028f0       0xb2 C:\Data\infotek\svn\2012\gat\Projects\Atmega\code\Atmelstudio\Libraries\ArduinoCore\Debug\libArduinoCore.a(Wire.o)
                0x000028f0                _ZN7TwoWire11requestFromEhhmhh
 .text._ZN7TwoWire11requestFromEhhh
                0x000029a2       0x20 C:\Data\infotek\svn\2012\gat\Projects\Atmega\code\Atmelstudio\Libraries\ArduinoCore\Debug\libArduinoCore.a(Wire.o)
                0x000029a2                _ZN7TwoWire11requestFromEhhh
 .text._ZN7TwoWire11requestFromEhh
                0x000029c2        0x8 C:\Data\infotek\svn\2012\gat\Projects\Atmega\code\Atmelstudio\Libraries\ArduinoCore\Debug\libArduinoCore.a(Wire.o)
                0x000029c2                _ZN7TwoWire11requestFromEhh
 .text._ZN7TwoWire11requestFromEii
                0x000029ca        0x8 C:\Data\infotek\svn\2012\gat\Projects\Atmega\code\Atmelstudio\Libraries\ArduinoCore\Debug\libArduinoCore.a(Wire.o)
                0x000029ca                _ZN7TwoWire11requestFromEii
 .text._ZN7TwoWire15endTransmissionEv
                0x000029d2        0x8 C:\Data\infotek\svn\2012\gat\Projects\Atmega\code\Atmelstudio\Libraries\ArduinoCore\Debug\libArduinoCore.a(Wire.o)
                0x000029d2                _ZN7TwoWire15endTransmissionEv
 .text._GLOBAL__sub_I__ZN7TwoWire8rxBufferE
                0x000029da        0xa C:\Data\infotek\svn\2012\gat\Projects\Atmega\code\Atmelstudio\Libraries\ArduinoCore\Debug\libArduinoCore.a(Wire.o)
 .text.__vector_16
                0x000029e4       0x94 C:\Data\infotek\svn\2012\gat\Projects\Atmega\code\Atmelstudio\Libraries\ArduinoCore\Debug\libArduinoCore.a(wiring.o)
                0x000029e4                __vector_16
 .text.micros   0x00002a78       0x4a C:\Data\infotek\svn\2012\gat\Projects\Atmega\code\Atmelstudio\Libraries\ArduinoCore\Debug\libArduinoCore.a(wiring.o)
                0x00002a78                micros
 .text.delay    0x00002ac2       0x78 C:\Data\infotek\svn\2012\gat\Projects\Atmega\code\Atmelstudio\Libraries\ArduinoCore\Debug\libArduinoCore.a(wiring.o)
                0x00002ac2                delay
 .text.delayMicroseconds
                0x00002b3a       0x16 C:\Data\infotek\svn\2012\gat\Projects\Atmega\code\Atmelstudio\Libraries\ArduinoCore\Debug\libArduinoCore.a(wiring.o)
                0x00002b3a                delayMicroseconds
 .text.init     0x00002b50       0x76 C:\Data\infotek\svn\2012\gat\Projects\Atmega\code\Atmelstudio\Libraries\ArduinoCore\Debug\libArduinoCore.a(wiring.o)
                0x00002b50                init
 .text.turnOffPWM
                0x00002bc6       0x52 C:\Data\infotek\svn\2012\gat\Projects\Atmega\code\Atmelstudio\Libraries\ArduinoCore\Debug\libArduinoCore.a(wiring_digital.o)
 .text.pinMode  0x00002c18       0x78 C:\Data\infotek\svn\2012\gat\Projects\Atmega\code\Atmelstudio\Libraries\ArduinoCore\Debug\libArduinoCore.a(wiring_digital.o)
                0x00002c18                pinMode
 .text.digitalWrite
                0x00002c90       0x60 C:\Data\infotek\svn\2012\gat\Projects\Atmega\code\Atmelstudio\Libraries\ArduinoCore\Debug\libArduinoCore.a(wiring_digital.o)
                0x00002c90                digitalWrite
 .text.digitalRead
                0x00002cf0       0x52 C:\Data\infotek\svn\2012\gat\Projects\Atmega\code\Atmelstudio\Libraries\ArduinoCore\Debug\libArduinoCore.a(wiring_digital.o)
                0x00002cf0                digitalRead
 .text.__empty  0x00002d42        0x2 C:\Data\infotek\svn\2012\gat\Projects\Atmega\code\Atmelstudio\Libraries\ArduinoCore\Debug\libArduinoCore.a(hooks.o)
                0x00002d42                yield
 .text.twi_init
                0x00002d44       0x3c C:\Data\infotek\svn\2012\gat\Projects\Atmega\code\Atmelstudio\Libraries\ArduinoCore\Debug\libArduinoCore.a(twi.o)
                0x00002d44                twi_init
 .text.twi_readFrom
                0x00002d80       0x90 C:\Data\infotek\svn\2012\gat\Projects\Atmega\code\Atmelstudio\Libraries\ArduinoCore\Debug\libArduinoCore.a(twi.o)
                0x00002d80                twi_readFrom
 .text.twi_writeTo
                0x00002e10       0xac C:\Data\infotek\svn\2012\gat\Projects\Atmega\code\Atmelstudio\Libraries\ArduinoCore\Debug\libArduinoCore.a(twi.o)
                0x00002e10                twi_writeTo
 .text.twi_transmit
                0x00002ebc       0x50 C:\Data\infotek\svn\2012\gat\Projects\Atmega\code\Atmelstudio\Libraries\ArduinoCore\Debug\libArduinoCore.a(twi.o)
                0x00002ebc                twi_transmit
 .text.twi_stop
                0x00002f0c       0x14 C:\Data\infotek\svn\2012\gat\Projects\Atmega\code\Atmelstudio\Libraries\ArduinoCore\Debug\libArduinoCore.a(twi.o)
                0x00002f0c                twi_stop
 .text.twi_releaseBus
                0x00002f20        0xc C:\Data\infotek\svn\2012\gat\Projects\Atmega\code\Atmelstudio\Libraries\ArduinoCore\Debug\libArduinoCore.a(twi.o)
                0x00002f20                twi_releaseBus
 .text.__vector_24
                0x00002f2c      0x25a C:\Data\infotek\svn\2012\gat\Projects\Atmega\code\Atmelstudio\Libraries\ArduinoCore\Debug\libArduinoCore.a(twi.o)
                0x00002f2c                __vector_24
 .text.avr-libc.fplib
                0x00003186        0xa c:/program files (x86)/atmel/studio/7.0/toolchain/avr8/avr8-gnu-toolchain/bin/../lib/gcc/avr/4.9.2/../../../../avr/lib/avr5\libm.a(cmpsf2.o)
                0x00003186                __nesf2
                0x00003186                __eqsf2
                0x00003186                __cmpsf2
                0x00003186                __ltsf2
                0x00003186                __lesf2
 .text.avr-libc.fplib
                0x00003190       0x48 c:/program files (x86)/atmel/studio/7.0/toolchain/avr8/avr8-gnu-toolchain/bin/../lib/gcc/avr/4.9.2/../../../../avr/lib/avr5\libm.a(fp_cmp.o)
                0x00003190                __fp_cmp
 .text.avr-libc.fplib
                0x000031d8        0xa c:/program files (x86)/atmel/studio/7.0/toolchain/avr8/avr8-gnu-toolchain/bin/../lib/gcc/avr/4.9.2/../../../../avr/lib/avr5\libm.a(gesf2.o)
                0x000031d8                __gesf2
                0x000031d8                __gtsf2
 .text.avr-libc.fplib
                0x000031e2        0xa c:/program files (x86)/atmel/studio/7.0/toolchain/avr8/avr8-gnu-toolchain/bin/../lib/gcc/avr/4.9.2/../../../../avr/lib/avr5\libm.a(unordsf2.o)
                0x000031e2                __unordsf2
 .text.libgcc.div
                0x000031ec       0x28 c:/program files (x86)/atmel/studio/7.0/toolchain/avr8/avr8-gnu-toolchain/bin/../lib/gcc/avr/4.9.2/avr5\libgcc.a(_divmodhi4.o)
                0x000031ec                _div
                0x000031ec                __divmodhi4
 .text.libgcc.div
                0x00003214       0x44 c:/program files (x86)/atmel/studio/7.0/toolchain/avr8/avr8-gnu-toolchain/bin/../lib/gcc/avr/4.9.2/avr5\libgcc.a(_udivmodsi4.o)
                0x00003214                __udivmodsi4
 .text.libgcc.div
                0x00003258       0x2e c:/program files (x86)/atmel/studio/7.0/toolchain/avr8/avr8-gnu-toolchain/bin/../lib/gcc/avr/4.9.2/avr5\libgcc.a(_divmodsi4.o)
                0x00003258                __divmodsi4
 .text.libgcc.div
                0x00003286       0x10 c:/program files (x86)/atmel/studio/7.0/toolchain/avr8/avr8-gnu-toolchain/bin/../lib/gcc/avr/4.9.2/avr5\libgcc.a(_negsi2.o)
                0x00003286                __negsi2
 .text.libgcc.div
                0x00003296       0x28 c:/program files (x86)/atmel/studio/7.0/toolchain/avr8/avr8-gnu-toolchain/bin/../lib/gcc/avr/4.9.2/avr5\libgcc.a(_udivmodhi4.o)
                0x00003296                __udivmodhi4
 .text.libgcc   0x000032be        0xc c:/program files (x86)/atmel/studio/7.0/toolchain/avr8/avr8-gnu-toolchain/bin/../lib/gcc/avr/4.9.2/avr5\libgcc.a(_tablejump2.o)
                0x000032be                __tablejump2__
                0x000032ca                . = ALIGN (0x2)
 *(.fini9)
 .fini9         0x000032ca        0x0 c:/program files (x86)/atmel/studio/7.0/toolchain/avr8/avr8-gnu-toolchain/bin/../lib/gcc/avr/4.9.2/avr5\libgcc.a(_exit.o)
                0x000032ca                _exit
                0x000032ca                exit
 *(.fini9)
 *(.fini8)
 *(.fini8)
 *(.fini7)
 *(.fini7)
 *(.fini6)
 *(.fini6)
 *(.fini5)
 *(.fini5)
 *(.fini4)
 *(.fini4)
 *(.fini3)
 *(.fini3)
 *(.fini2)
 *(.fini2)
 *(.fini1)
 *(.fini1)
 *(.fini0)
 .fini0         0x000032ca        0x4 c:/program files (x86)/atmel/studio/7.0/toolchain/avr8/avr8-gnu-toolchain/bin/../lib/gcc/avr/4.9.2/avr5\libgcc.a(_exit.o)
 *(.fini0)
                0x000032ce                _etext = .

.data           0x00800100      0x198 load address 0x000032ce
                0x00800100                PROVIDE (__data_start, .)
 *(.data)
 *(.data*)
 .data.Mmode    0x00800100        0x1 UtilMpu9250.o
                0x00800100                Mmode
 *(.rodata)
 *(.rodata*)
 .rodata.str1.1
                0x00800101      0x168 Sketch.o
 .rodata._ZTV14HardwareSerial
                0x00800269       0x10 C:\Data\infotek\svn\2012\gat\Projects\Atmega\code\Atmelstudio\Libraries\ArduinoCore\Debug\libArduinoCore.a(HardwareSerial.o)
                0x00800269                _ZTV14HardwareSerial
 .rodata.str1.1
                0x00800279        0xf C:\Data\infotek\svn\2012\gat\Projects\Atmega\code\Atmelstudio\Libraries\ArduinoCore\Debug\libArduinoCore.a(Print.o)
 .rodata._ZTV7TwoWire
                0x00800288       0x10 C:\Data\infotek\svn\2012\gat\Projects\Atmega\code\Atmelstudio\Libraries\ArduinoCore\Debug\libArduinoCore.a(Wire.o)
                0x00800288                _ZTV7TwoWire
 *(.gnu.linkonce.d*)
                0x00800298                . = ALIGN (0x2)
                0x00800298                _edata = .
                0x00800298                PROVIDE (__data_end, .)

.bss            0x00800298      0x1f7
                0x00800298                PROVIDE (__bss_start, .)
 *(.bss)
 *(.bss*)
 .bss.oucnt     0x00800298        0x2 Sketch.o
                0x00800298                oucnt
 .bss.angle_yaw
                0x0080029a        0x4 Sketch.o
                0x0080029a                angle_yaw
 .bss.angle_roll
                0x0080029e        0x4 Sketch.o
                0x0080029e                angle_roll
 .bss.angle_pitch
                0x008002a2        0x4 Sketch.o
                0x008002a2                angle_pitch
 .bss.angle_pitch_acc
                0x008002a6        0x4 Sketch.o
                0x008002a6                angle_pitch_acc
 .bss.angle_roll_acc
                0x008002aa        0x4 Sketch.o
                0x008002aa                angle_roll_acc
 .bss.selfTest  0x008002ae       0x18 Sketch.o
                0x008002ae                selfTest
 .bss.loop_timer
                0x008002c6        0x4 Sketch.o
                0x008002c6                loop_timer
 .bss.blinkState
                0x008002ca        0x1 Sketch.o
                0x008002ca                blinkState
 .bss.magCalibration
                0x008002cb        0xc Sketch.o
                0x008002cb                magCalibration
 .bss.MagZ      0x008002d7        0x4 UtilMpu9250.o
                0x008002d7                MagZ
 .bss.MagY      0x008002db        0x4 UtilMpu9250.o
                0x008002db                MagY
 .bss.MagX      0x008002df        0x4 UtilMpu9250.o
                0x008002df                MagX
 .bss.AccZ      0x008002e3        0x4 UtilMpu9250.o
                0x008002e3                AccZ
 .bss.AccY      0x008002e7        0x4 UtilMpu9250.o
                0x008002e7                AccY
 .bss.AccX      0x008002eb        0x4 UtilMpu9250.o
                0x008002eb                AccX
 .bss.gyro_yaw  0x008002ef        0x4 UtilMpu9250.o
                0x008002ef                gyro_yaw
 .bss.gyro_roll
                0x008002f3        0x4 UtilMpu9250.o
                0x008002f3                gyro_roll
 .bss.gyro_pitch
                0x008002f7        0x4 UtilMpu9250.o
                0x008002f7                gyro_pitch
 .bss.Temperature
                0x008002fb        0x4 UtilMpu9250.o
                0x008002fb                Temperature
 .bss.mag_axis  0x008002ff        0x8 UtilMpu9250.o
                0x008002ff                mag_axis
 .bss.acc_axis  0x00800307        0x8 UtilMpu9250.o
                0x00800307                acc_axis
 .bss.gyro_axis
                0x0080030f        0x8 UtilMpu9250.o
                0x0080030f                gyro_axis
 .bss.gyro_axis_cal
                0x00800317       0x10 UtilMpu9250.o
                0x00800317                gyro_axis_cal
 .bss.cal_int   0x00800327        0x2 UtilMpu9250.o
                0x00800327                cal_int
 .bss.Serial    0x00800329       0x9d C:\Data\infotek\svn\2012\gat\Projects\Atmega\code\Atmelstudio\Libraries\ArduinoCore\Debug\libArduinoCore.a(HardwareSerial0.o)
                0x00800329                Serial
 .bss.Wire      0x008003c6        0xc C:\Data\infotek\svn\2012\gat\Projects\Atmega\code\Atmelstudio\Libraries\ArduinoCore\Debug\libArduinoCore.a(Wire.o)
                0x008003c6                Wire
 .bss._ZN7TwoWire12transmittingE
                0x008003d2        0x1 C:\Data\infotek\svn\2012\gat\Projects\Atmega\code\Atmelstudio\Libraries\ArduinoCore\Debug\libArduinoCore.a(Wire.o)
                0x008003d2                _ZN7TwoWire12transmittingE
 .bss._ZN7TwoWire14txBufferLengthE
                0x008003d3        0x1 C:\Data\infotek\svn\2012\gat\Projects\Atmega\code\Atmelstudio\Libraries\ArduinoCore\Debug\libArduinoCore.a(Wire.o)
                0x008003d3                _ZN7TwoWire14txBufferLengthE
 .bss._ZN7TwoWire13txBufferIndexE
                0x008003d4        0x1 C:\Data\infotek\svn\2012\gat\Projects\Atmega\code\Atmelstudio\Libraries\ArduinoCore\Debug\libArduinoCore.a(Wire.o)
                0x008003d4                _ZN7TwoWire13txBufferIndexE
 .bss._ZN7TwoWire8txBufferE
                0x008003d5       0x20 C:\Data\infotek\svn\2012\gat\Projects\Atmega\code\Atmelstudio\Libraries\ArduinoCore\Debug\libArduinoCore.a(Wire.o)
                0x008003d5                _ZN7TwoWire8txBufferE
 .bss._ZN7TwoWire9txAddressE
                0x008003f5        0x1 C:\Data\infotek\svn\2012\gat\Projects\Atmega\code\Atmelstudio\Libraries\ArduinoCore\Debug\libArduinoCore.a(Wire.o)
                0x008003f5                _ZN7TwoWire9txAddressE
 .bss._ZN7TwoWire14rxBufferLengthE
                0x008003f6        0x1 C:\Data\infotek\svn\2012\gat\Projects\Atmega\code\Atmelstudio\Libraries\ArduinoCore\Debug\libArduinoCore.a(Wire.o)
                0x008003f6                _ZN7TwoWire14rxBufferLengthE
 .bss._ZN7TwoWire13rxBufferIndexE
                0x008003f7        0x1 C:\Data\infotek\svn\2012\gat\Projects\Atmega\code\Atmelstudio\Libraries\ArduinoCore\Debug\libArduinoCore.a(Wire.o)
                0x008003f7                _ZN7TwoWire13rxBufferIndexE
 .bss._ZN7TwoWire8rxBufferE
                0x008003f8       0x20 C:\Data\infotek\svn\2012\gat\Projects\Atmega\code\Atmelstudio\Libraries\ArduinoCore\Debug\libArduinoCore.a(Wire.o)
                0x008003f8                _ZN7TwoWire8rxBufferE
 .bss.timer0_fract
                0x00800418        0x1 C:\Data\infotek\svn\2012\gat\Projects\Atmega\code\Atmelstudio\Libraries\ArduinoCore\Debug\libArduinoCore.a(wiring.o)
 .bss.timer0_millis
                0x00800419        0x4 C:\Data\infotek\svn\2012\gat\Projects\Atmega\code\Atmelstudio\Libraries\ArduinoCore\Debug\libArduinoCore.a(wiring.o)
                0x00800419                timer0_millis
 .bss.timer0_overflow_count
                0x0080041d        0x4 C:\Data\infotek\svn\2012\gat\Projects\Atmega\code\Atmelstudio\Libraries\ArduinoCore\Debug\libArduinoCore.a(wiring.o)
                0x0080041d                timer0_overflow_count
 .bss.twi_error
                0x00800421        0x1 C:\Data\infotek\svn\2012\gat\Projects\Atmega\code\Atmelstudio\Libraries\ArduinoCore\Debug\libArduinoCore.a(twi.o)
 .bss.twi_rxBufferIndex
                0x00800422        0x1 C:\Data\infotek\svn\2012\gat\Projects\Atmega\code\Atmelstudio\Libraries\ArduinoCore\Debug\libArduinoCore.a(twi.o)
 .bss.twi_rxBuffer
                0x00800423       0x20 C:\Data\infotek\svn\2012\gat\Projects\Atmega\code\Atmelstudio\Libraries\ArduinoCore\Debug\libArduinoCore.a(twi.o)
 .bss.twi_txBufferLength
                0x00800443        0x1 C:\Data\infotek\svn\2012\gat\Projects\Atmega\code\Atmelstudio\Libraries\ArduinoCore\Debug\libArduinoCore.a(twi.o)
 .bss.twi_txBufferIndex
                0x00800444        0x1 C:\Data\infotek\svn\2012\gat\Projects\Atmega\code\Atmelstudio\Libraries\ArduinoCore\Debug\libArduinoCore.a(twi.o)
 .bss.twi_txBuffer
                0x00800445       0x20 C:\Data\infotek\svn\2012\gat\Projects\Atmega\code\Atmelstudio\Libraries\ArduinoCore\Debug\libArduinoCore.a(twi.o)
 .bss.twi_masterBufferLength
                0x00800465        0x1 C:\Data\infotek\svn\2012\gat\Projects\Atmega\code\Atmelstudio\Libraries\ArduinoCore\Debug\libArduinoCore.a(twi.o)
 .bss.twi_masterBufferIndex
                0x00800466        0x1 C:\Data\infotek\svn\2012\gat\Projects\Atmega\code\Atmelstudio\Libraries\ArduinoCore\Debug\libArduinoCore.a(twi.o)
 .bss.twi_masterBuffer
                0x00800467       0x20 C:\Data\infotek\svn\2012\gat\Projects\Atmega\code\Atmelstudio\Libraries\ArduinoCore\Debug\libArduinoCore.a(twi.o)
 .bss.twi_onSlaveReceive
                0x00800487        0x2 C:\Data\infotek\svn\2012\gat\Projects\Atmega\code\Atmelstudio\Libraries\ArduinoCore\Debug\libArduinoCore.a(twi.o)
 .bss.twi_onSlaveTransmit
                0x00800489        0x2 C:\Data\infotek\svn\2012\gat\Projects\Atmega\code\Atmelstudio\Libraries\ArduinoCore\Debug\libArduinoCore.a(twi.o)
 .bss.twi_inRepStart
                0x0080048b        0x1 C:\Data\infotek\svn\2012\gat\Projects\Atmega\code\Atmelstudio\Libraries\ArduinoCore\Debug\libArduinoCore.a(twi.o)
 .bss.twi_sendStop
                0x0080048c        0x1 C:\Data\infotek\svn\2012\gat\Projects\Atmega\code\Atmelstudio\Libraries\ArduinoCore\Debug\libArduinoCore.a(twi.o)
 .bss.twi_slarw
                0x0080048d        0x1 C:\Data\infotek\svn\2012\gat\Projects\Atmega\code\Atmelstudio\Libraries\ArduinoCore\Debug\libArduinoCore.a(twi.o)
 .bss.twi_state
                0x0080048e        0x1 C:\Data\infotek\svn\2012\gat\Projects\Atmega\code\Atmelstudio\Libraries\ArduinoCore\Debug\libArduinoCore.a(twi.o)
 *(COMMON)
                0x0080048f                PROVIDE (__bss_end, .)
                0x000032ce                __data_load_start = LOADADDR (.data)
                0x00003466                __data_load_end = (__data_load_start + SIZEOF (.data))

.noinit         0x0080048f        0x0
                [!provide]                PROVIDE (__noinit_start, .)
 *(.noinit*)
                [!provide]                PROVIDE (__noinit_end, .)
                0x0080048f                _end = .
                [!provide]                PROVIDE (__heap_start, .)

.eeprom         0x00810000        0x0
 *(.eeprom*)
                0x00810000                __eeprom_end = .

.fuse
 *(.fuse)
 *(.lfuse)
 *(.hfuse)
 *(.efuse)

.lock
 *(.lock*)

.signature
 *(.signature*)

.user_signatures
 *(.user_signatures*)

.stab
 *(.stab)

.stabstr
 *(.stabstr)

.stab.excl
 *(.stab.excl)

.stab.exclstr
 *(.stab.exclstr)

.stab.index
 *(.stab.index)

.stab.indexstr
 *(.stab.indexstr)

.comment        0x00000000       0x30
 *(.comment)
 .comment       0x00000000       0x30 Sketch.o
                                 0x31 (size before relaxing)
 .comment       0x00000030       0x31 UtilMpu9250.o
 .comment       0x00000030       0x31 C:\Data\infotek\svn\2012\gat\Projects\Atmega\code\Atmelstudio\Libraries\ArduinoCore\Debug\libArduinoCore.a(HardwareSerial.o)
 .comment       0x00000030       0x31 C:\Data\infotek\svn\2012\gat\Projects\Atmega\code\Atmelstudio\Libraries\ArduinoCore\Debug\libArduinoCore.a(HardwareSerial0.o)
 .comment       0x00000030       0x31 C:\Data\infotek\svn\2012\gat\Projects\Atmega\code\Atmelstudio\Libraries\ArduinoCore\Debug\libArduinoCore.a(main.o)
 .comment       0x00000030       0x31 C:\Data\infotek\svn\2012\gat\Projects\Atmega\code\Atmelstudio\Libraries\ArduinoCore\Debug\libArduinoCore.a(Print.o)
 .comment       0x00000030       0x31 C:\Data\infotek\svn\2012\gat\Projects\Atmega\code\Atmelstudio\Libraries\ArduinoCore\Debug\libArduinoCore.a(Wire.o)
 .comment       0x00000030       0x31 C:\Data\infotek\svn\2012\gat\Projects\Atmega\code\Atmelstudio\Libraries\ArduinoCore\Debug\libArduinoCore.a(wiring.o)
 .comment       0x00000030       0x31 C:\Data\infotek\svn\2012\gat\Projects\Atmega\code\Atmelstudio\Libraries\ArduinoCore\Debug\libArduinoCore.a(wiring_digital.o)
 .comment       0x00000030       0x31 C:\Data\infotek\svn\2012\gat\Projects\Atmega\code\Atmelstudio\Libraries\ArduinoCore\Debug\libArduinoCore.a(hooks.o)
 .comment       0x00000030       0x31 C:\Data\infotek\svn\2012\gat\Projects\Atmega\code\Atmelstudio\Libraries\ArduinoCore\Debug\libArduinoCore.a(twi.o)

.note.gnu.avr.deviceinfo
                0x00000000       0x40
 .note.gnu.avr.deviceinfo
                0x00000000       0x40 C:/Program Files (x86)/Atmel/Studio/7.0/Packs/Atmel/ATmega_DFP/1.2.132/gcc/dev/atmega328p/avr5/crtatmega328p.o

.note.gnu.build-id
 *(.note.gnu.build-id)

.debug
 *(.debug)

.line
 *(.line)

.debug_srcinfo
 *(.debug_srcinfo)

.debug_sfnames
 *(.debug_sfnames)

.debug_aranges  0x00000000      0x478
 *(.debug_aranges)
 .debug_aranges
                0x00000000       0x30 Sketch.o
 .debug_aranges
                0x00000030       0x80 UtilMpu9250.o
 .debug_aranges
                0x000000b0       0x68 C:\Data\infotek\svn\2012\gat\Projects\Atmega\code\Atmelstudio\Libraries\ArduinoCore\Debug\libArduinoCore.a(HardwareSerial.o)
 .debug_aranges
                0x00000118       0x38 C:\Data\infotek\svn\2012\gat\Projects\Atmega\code\Atmelstudio\Libraries\ArduinoCore\Debug\libArduinoCore.a(HardwareSerial0.o)
 .debug_aranges
                0x00000150       0x38 C:\Data\infotek\svn\2012\gat\Projects\Atmega\code\Atmelstudio\Libraries\ArduinoCore\Debug\libArduinoCore.a(main.o)
 .debug_aranges
                0x00000188       0xe8 C:\Data\infotek\svn\2012\gat\Projects\Atmega\code\Atmelstudio\Libraries\ArduinoCore\Debug\libArduinoCore.a(Print.o)
 .debug_aranges
                0x00000270       0xe8 C:\Data\infotek\svn\2012\gat\Projects\Atmega\code\Atmelstudio\Libraries\ArduinoCore\Debug\libArduinoCore.a(Wire.o)
 .debug_aranges
                0x00000358       0x48 C:\Data\infotek\svn\2012\gat\Projects\Atmega\code\Atmelstudio\Libraries\ArduinoCore\Debug\libArduinoCore.a(wiring.o)
 .debug_aranges
                0x000003a0       0x38 C:\Data\infotek\svn\2012\gat\Projects\Atmega\code\Atmelstudio\Libraries\ArduinoCore\Debug\libArduinoCore.a(wiring_digital.o)
 .debug_aranges
                0x000003d8       0x20 C:\Data\infotek\svn\2012\gat\Projects\Atmega\code\Atmelstudio\Libraries\ArduinoCore\Debug\libArduinoCore.a(hooks.o)
 .debug_aranges
                0x000003f8       0x80 C:\Data\infotek\svn\2012\gat\Projects\Atmega\code\Atmelstudio\Libraries\ArduinoCore\Debug\libArduinoCore.a(twi.o)

.debug_pubnames
 *(.debug_pubnames)

.debug_info     0x00000000     0xcd06
 *(.debug_info .gnu.linkonce.wi.*)
 .debug_info    0x00000000      0x5f4 C:/Program Files (x86)/Atmel/Studio/7.0/Packs/Atmel/ATmega_DFP/1.2.132/gcc/dev/atmega328p/avr5/crtatmega328p.o
 .debug_info    0x000005f4     0x126a Sketch.o
 .debug_info    0x0000185e     0x1be0 UtilMpu9250.o
 .debug_info    0x0000343e     0x1d97 C:\Data\infotek\svn\2012\gat\Projects\Atmega\code\Atmelstudio\Libraries\ArduinoCore\Debug\libArduinoCore.a(HardwareSerial.o)
 .debug_info    0x000051d5     0x1a3b C:\Data\infotek\svn\2012\gat\Projects\Atmega\code\Atmelstudio\Libraries\ArduinoCore\Debug\libArduinoCore.a(HardwareSerial0.o)
 .debug_info    0x00006c10      0x231 C:\Data\infotek\svn\2012\gat\Projects\Atmega\code\Atmelstudio\Libraries\ArduinoCore\Debug\libArduinoCore.a(main.o)
 .debug_info    0x00006e41     0x2886 C:\Data\infotek\svn\2012\gat\Projects\Atmega\code\Atmelstudio\Libraries\ArduinoCore\Debug\libArduinoCore.a(Print.o)
 .debug_info    0x000096c7     0x2737 C:\Data\infotek\svn\2012\gat\Projects\Atmega\code\Atmelstudio\Libraries\ArduinoCore\Debug\libArduinoCore.a(Wire.o)
 .debug_info    0x0000bdfe      0x2c8 C:\Data\infotek\svn\2012\gat\Projects\Atmega\code\Atmelstudio\Libraries\ArduinoCore\Debug\libArduinoCore.a(wiring.o)
 .debug_info    0x0000c0c6      0x5f9 C:\Data\infotek\svn\2012\gat\Projects\Atmega\code\Atmelstudio\Libraries\ArduinoCore\Debug\libArduinoCore.a(wiring_digital.o)
 .debug_info    0x0000c6bf       0x3e C:\Data\infotek\svn\2012\gat\Projects\Atmega\code\Atmelstudio\Libraries\ArduinoCore\Debug\libArduinoCore.a(hooks.o)
 .debug_info    0x0000c6fd      0x609 C:\Data\infotek\svn\2012\gat\Projects\Atmega\code\Atmelstudio\Libraries\ArduinoCore\Debug\libArduinoCore.a(twi.o)

.debug_abbrev   0x00000000     0x2324
 *(.debug_abbrev)
 .debug_abbrev  0x00000000      0x5a2 C:/Program Files (x86)/Atmel/Studio/7.0/Packs/Atmel/ATmega_DFP/1.2.132/gcc/dev/atmega328p/avr5/crtatmega328p.o
 .debug_abbrev  0x000005a2      0x2c6 Sketch.o
 .debug_abbrev  0x00000868      0x367 UtilMpu9250.o
 .debug_abbrev  0x00000bcf      0x3d7 C:\Data\infotek\svn\2012\gat\Projects\Atmega\code\Atmelstudio\Libraries\ArduinoCore\Debug\libArduinoCore.a(HardwareSerial.o)
 .debug_abbrev  0x00000fa6      0x3aa C:\Data\infotek\svn\2012\gat\Projects\Atmega\code\Atmelstudio\Libraries\ArduinoCore\Debug\libArduinoCore.a(HardwareSerial0.o)
 .debug_abbrev  0x00001350      0x109 C:\Data\infotek\svn\2012\gat\Projects\Atmega\code\Atmelstudio\Libraries\ArduinoCore\Debug\libArduinoCore.a(main.o)
 .debug_abbrev  0x00001459      0x401 C:\Data\infotek\svn\2012\gat\Projects\Atmega\code\Atmelstudio\Libraries\ArduinoCore\Debug\libArduinoCore.a(Print.o)
 .debug_abbrev  0x0000185a      0x5a1 C:\Data\infotek\svn\2012\gat\Projects\Atmega\code\Atmelstudio\Libraries\ArduinoCore\Debug\libArduinoCore.a(Wire.o)
 .debug_abbrev  0x00001dfb      0x145 C:\Data\infotek\svn\2012\gat\Projects\Atmega\code\Atmelstudio\Libraries\ArduinoCore\Debug\libArduinoCore.a(wiring.o)
 .debug_abbrev  0x00001f40      0x15b C:\Data\infotek\svn\2012\gat\Projects\Atmega\code\Atmelstudio\Libraries\ArduinoCore\Debug\libArduinoCore.a(wiring_digital.o)
 .debug_abbrev  0x0000209b       0x2a C:\Data\infotek\svn\2012\gat\Projects\Atmega\code\Atmelstudio\Libraries\ArduinoCore\Debug\libArduinoCore.a(hooks.o)
 .debug_abbrev  0x000020c5      0x25f C:\Data\infotek\svn\2012\gat\Projects\Atmega\code\Atmelstudio\Libraries\ArduinoCore\Debug\libArduinoCore.a(twi.o)

.debug_line     0x00000000     0x306c
 *(.debug_line .debug_line.* .debug_line_end)
 .debug_line    0x00000000      0x133 C:/Program Files (x86)/Atmel/Studio/7.0/Packs/Atmel/ATmega_DFP/1.2.132/gcc/dev/atmega328p/avr5/crtatmega328p.o
 .debug_line    0x00000133      0x45d Sketch.o
 .debug_line    0x00000590      0xa95 UtilMpu9250.o
 .debug_line    0x00001025      0x49f C:\Data\infotek\svn\2012\gat\Projects\Atmega\code\Atmelstudio\Libraries\ArduinoCore\Debug\libArduinoCore.a(HardwareSerial.o)
 .debug_line    0x000014c4      0x2a8 C:\Data\infotek\svn\2012\gat\Projects\Atmega\code\Atmelstudio\Libraries\ArduinoCore\Debug\libArduinoCore.a(HardwareSerial0.o)
 .debug_line    0x0000176c      0x1c6 C:\Data\infotek\svn\2012\gat\Projects\Atmega\code\Atmelstudio\Libraries\ArduinoCore\Debug\libArduinoCore.a(main.o)
 .debug_line    0x00001932      0x6d9 C:\Data\infotek\svn\2012\gat\Projects\Atmega\code\Atmelstudio\Libraries\ArduinoCore\Debug\libArduinoCore.a(Print.o)
 .debug_line    0x0000200b      0x55f C:\Data\infotek\svn\2012\gat\Projects\Atmega\code\Atmelstudio\Libraries\ArduinoCore\Debug\libArduinoCore.a(Wire.o)
 .debug_line    0x0000256a      0x2ea C:\Data\infotek\svn\2012\gat\Projects\Atmega\code\Atmelstudio\Libraries\ArduinoCore\Debug\libArduinoCore.a(wiring.o)
 .debug_line    0x00002854      0x2a3 C:\Data\infotek\svn\2012\gat\Projects\Atmega\code\Atmelstudio\Libraries\ArduinoCore\Debug\libArduinoCore.a(wiring_digital.o)
 .debug_line    0x00002af7       0x41 C:\Data\infotek\svn\2012\gat\Projects\Atmega\code\Atmelstudio\Libraries\ArduinoCore\Debug\libArduinoCore.a(hooks.o)
 .debug_line    0x00002b38      0x534 C:\Data\infotek\svn\2012\gat\Projects\Atmega\code\Atmelstudio\Libraries\ArduinoCore\Debug\libArduinoCore.a(twi.o)

.debug_frame    0x00000000      0xe28
 *(.debug_frame)
 .debug_frame   0x00000000       0xc4 Sketch.o
 .debug_frame   0x000000c4      0x2ac UtilMpu9250.o
 .debug_frame   0x00000370      0x110 C:\Data\infotek\svn\2012\gat\Projects\Atmega\code\Atmelstudio\Libraries\ArduinoCore\Debug\libArduinoCore.a(HardwareSerial.o)
 .debug_frame   0x00000480       0xcc C:\Data\infotek\svn\2012\gat\Projects\Atmega\code\Atmelstudio\Libraries\ArduinoCore\Debug\libArduinoCore.a(HardwareSerial0.o)
 .debug_frame   0x0000054c       0x54 C:\Data\infotek\svn\2012\gat\Projects\Atmega\code\Atmelstudio\Libraries\ArduinoCore\Debug\libArduinoCore.a(main.o)
 .debug_frame   0x000005a0      0x38c C:\Data\infotek\svn\2012\gat\Projects\Atmega\code\Atmelstudio\Libraries\ArduinoCore\Debug\libArduinoCore.a(Print.o)
 .debug_frame   0x0000092c      0x264 C:\Data\infotek\svn\2012\gat\Projects\Atmega\code\Atmelstudio\Libraries\ArduinoCore\Debug\libArduinoCore.a(Wire.o)
 .debug_frame   0x00000b90       0xc4 C:\Data\infotek\svn\2012\gat\Projects\Atmega\code\Atmelstudio\Libraries\ArduinoCore\Debug\libArduinoCore.a(wiring.o)
 .debug_frame   0x00000c54       0x7c C:\Data\infotek\svn\2012\gat\Projects\Atmega\code\Atmelstudio\Libraries\ArduinoCore\Debug\libArduinoCore.a(wiring_digital.o)
 .debug_frame   0x00000cd0       0x24 C:\Data\infotek\svn\2012\gat\Projects\Atmega\code\Atmelstudio\Libraries\ArduinoCore\Debug\libArduinoCore.a(hooks.o)
 .debug_frame   0x00000cf4      0x134 C:\Data\infotek\svn\2012\gat\Projects\Atmega\code\Atmelstudio\Libraries\ArduinoCore\Debug\libArduinoCore.a(twi.o)

.debug_str      0x00000000     0x2899
 *(.debug_str)
 .debug_str     0x00000000      0x208 C:/Program Files (x86)/Atmel/Studio/7.0/Packs/Atmel/ATmega_DFP/1.2.132/gcc/dev/atmega328p/avr5/crtatmega328p.o
 .debug_str     0x00000208      0x60a Sketch.o
                                0x684 (size before relaxing)
 .debug_str     0x00000812      0x370 UtilMpu9250.o
                                0x867 (size before relaxing)
 .debug_str     0x00000b82     0x116d C:\Data\infotek\svn\2012\gat\Projects\Atmega\code\Atmelstudio\Libraries\ArduinoCore\Debug\libArduinoCore.a(HardwareSerial.o)
                               0x1358 (size before relaxing)
 .debug_str     0x00001cef       0x8b C:\Data\infotek\svn\2012\gat\Projects\Atmega\code\Atmelstudio\Libraries\ArduinoCore\Debug\libArduinoCore.a(HardwareSerial0.o)
                               0x1158 (size before relaxing)
 .debug_str     0x00001d7a       0x43 C:\Data\infotek\svn\2012\gat\Projects\Atmega\code\Atmelstudio\Libraries\ArduinoCore\Debug\libArduinoCore.a(main.o)
                                0x2c3 (size before relaxing)
 .debug_str     0x00001dbd      0x35f C:\Data\infotek\svn\2012\gat\Projects\Atmega\code\Atmelstudio\Libraries\ArduinoCore\Debug\libArduinoCore.a(Print.o)
                                0xfb4 (size before relaxing)
 .debug_str     0x0000211c      0x43a C:\Data\infotek\svn\2012\gat\Projects\Atmega\code\Atmelstudio\Libraries\ArduinoCore\Debug\libArduinoCore.a(Wire.o)
                               0x15eb (size before relaxing)
 .debug_str     0x00002556      0x138 C:\Data\infotek\svn\2012\gat\Projects\Atmega\code\Atmelstudio\Libraries\ArduinoCore\Debug\libArduinoCore.a(wiring.o)
                                0x24d (size before relaxing)
 .debug_str     0x0000268e       0xb0 C:\Data\infotek\svn\2012\gat\Projects\Atmega\code\Atmelstudio\Libraries\ArduinoCore\Debug\libArduinoCore.a(wiring_digital.o)
                                0x2b2 (size before relaxing)
 .debug_str     0x0000273e       0x1c C:\Data\infotek\svn\2012\gat\Projects\Atmega\code\Atmelstudio\Libraries\ArduinoCore\Debug\libArduinoCore.a(hooks.o)
                                0x142 (size before relaxing)
 .debug_str     0x0000275a      0x13f C:\Data\infotek\svn\2012\gat\Projects\Atmega\code\Atmelstudio\Libraries\ArduinoCore\Debug\libArduinoCore.a(twi.o)
                                0x3bb (size before relaxing)

.debug_loc      0x00000000     0x5044
 *(.debug_loc)
 .debug_loc     0x00000000      0x1c0 Sketch.o
 .debug_loc     0x000001c0     0x12bd UtilMpu9250.o
 .debug_loc     0x0000147d      0x484 C:\Data\infotek\svn\2012\gat\Projects\Atmega\code\Atmelstudio\Libraries\ArduinoCore\Debug\libArduinoCore.a(HardwareSerial.o)
 .debug_loc     0x00001901      0x17b C:\Data\infotek\svn\2012\gat\Projects\Atmega\code\Atmelstudio\Libraries\ArduinoCore\Debug\libArduinoCore.a(HardwareSerial0.o)
 .debug_loc     0x00001a7c     0x1d62 C:\Data\infotek\svn\2012\gat\Projects\Atmega\code\Atmelstudio\Libraries\ArduinoCore\Debug\libArduinoCore.a(Print.o)
 .debug_loc     0x000037de      0xbd1 C:\Data\infotek\svn\2012\gat\Projects\Atmega\code\Atmelstudio\Libraries\ArduinoCore\Debug\libArduinoCore.a(Wire.o)
 .debug_loc     0x000043af      0x269 C:\Data\infotek\svn\2012\gat\Projects\Atmega\code\Atmelstudio\Libraries\ArduinoCore\Debug\libArduinoCore.a(wiring.o)
 .debug_loc     0x00004618      0x5e3 C:\Data\infotek\svn\2012\gat\Projects\Atmega\code\Atmelstudio\Libraries\ArduinoCore\Debug\libArduinoCore.a(wiring_digital.o)
 .debug_loc     0x00004bfb      0x449 C:\Data\infotek\svn\2012\gat\Projects\Atmega\code\Atmelstudio\Libraries\ArduinoCore\Debug\libArduinoCore.a(twi.o)

.debug_macinfo
 *(.debug_macinfo)

.debug_weaknames
 *(.debug_weaknames)

.debug_funcnames
 *(.debug_funcnames)

.debug_typenames
 *(.debug_typenames)

.debug_varnames
 *(.debug_varnames)

.debug_pubtypes
 *(.debug_pubtypes)

.debug_ranges   0x00000000      0x3e0
 *(.debug_ranges)
 .debug_ranges  0x00000000       0x20 Sketch.o
 .debug_ranges  0x00000020       0x70 UtilMpu9250.o
 .debug_ranges  0x00000090       0x58 C:\Data\infotek\svn\2012\gat\Projects\Atmega\code\Atmelstudio\Libraries\ArduinoCore\Debug\libArduinoCore.a(HardwareSerial.o)
 .debug_ranges  0x000000e8       0x28 C:\Data\infotek\svn\2012\gat\Projects\Atmega\code\Atmelstudio\Libraries\ArduinoCore\Debug\libArduinoCore.a(HardwareSerial0.o)
 .debug_ranges  0x00000110       0x28 C:\Data\infotek\svn\2012\gat\Projects\Atmega\code\Atmelstudio\Libraries\ArduinoCore\Debug\libArduinoCore.a(main.o)
 .debug_ranges  0x00000138       0xf0 C:\Data\infotek\svn\2012\gat\Projects\Atmega\code\Atmelstudio\Libraries\ArduinoCore\Debug\libArduinoCore.a(Print.o)
 .debug_ranges  0x00000228       0xd8 C:\Data\infotek\svn\2012\gat\Projects\Atmega\code\Atmelstudio\Libraries\ArduinoCore\Debug\libArduinoCore.a(Wire.o)
 .debug_ranges  0x00000300       0x38 C:\Data\infotek\svn\2012\gat\Projects\Atmega\code\Atmelstudio\Libraries\ArduinoCore\Debug\libArduinoCore.a(wiring.o)
 .debug_ranges  0x00000338       0x28 C:\Data\infotek\svn\2012\gat\Projects\Atmega\code\Atmelstudio\Libraries\ArduinoCore\Debug\libArduinoCore.a(wiring_digital.o)
 .debug_ranges  0x00000360       0x10 C:\Data\infotek\svn\2012\gat\Projects\Atmega\code\Atmelstudio\Libraries\ArduinoCore\Debug\libArduinoCore.a(hooks.o)
 .debug_ranges  0x00000370       0x70 C:\Data\infotek\svn\2012\gat\Projects\Atmega\code\Atmelstudio\Libraries\ArduinoCore\Debug\libArduinoCore.a(twi.o)

.debug_macro
 *(.debug_macro)
OUTPUT(GyroTest.elf elf32-avr)
LOAD linker stubs
