Archive member included to satisfy reference by file (symbol)

c:/program files (x86)/atmel/studio/7.0/toolchain/avr8/avr8-gnu-toolchain/bin/../lib/gcc/avr/4.9.2/../../../../avr/lib/avr5\libm.a(addsf3.o)
                              AL-Setup.o (__subsf3)
c:/program files (x86)/atmel/studio/7.0/toolchain/avr8/avr8-gnu-toolchain/bin/../lib/gcc/avr/4.9.2/../../../../avr/lib/avr5\libm.a(addsf3x.o)
                              c:/program files (x86)/atmel/studio/7.0/toolchain/avr8/avr8-gnu-toolchain/bin/../lib/gcc/avr/4.9.2/../../../../avr/lib/avr5\libm.a(addsf3.o) (__addsf3x)
c:/program files (x86)/atmel/studio/7.0/toolchain/avr8/avr8-gnu-toolchain/bin/../lib/gcc/avr/4.9.2/../../../../avr/lib/avr5\libm.a(cmpsf2.o)
                              AL-Setup.o (__ltsf2)
c:/program files (x86)/atmel/studio/7.0/toolchain/avr8/avr8-gnu-toolchain/bin/../lib/gcc/avr/4.9.2/../../../../avr/lib/avr5\libm.a(divsf3.o)
                              AL-Setup.o (__divsf3)
c:/program files (x86)/atmel/studio/7.0/toolchain/avr8/avr8-gnu-toolchain/bin/../lib/gcc/avr/4.9.2/../../../../avr/lib/avr5\libm.a(divsf3x.o)
                              c:/program files (x86)/atmel/studio/7.0/toolchain/avr8/avr8-gnu-toolchain/bin/../lib/gcc/avr/4.9.2/../../../../avr/lib/avr5\libm.a(divsf3.o) (__divsf3x)
c:/program files (x86)/atmel/studio/7.0/toolchain/avr8/avr8-gnu-toolchain/bin/../lib/gcc/avr/4.9.2/../../../../avr/lib/avr5\libm.a(floatsisf.o)
                              AL-Setup.o (__floatsisf)
c:/program files (x86)/atmel/studio/7.0/toolchain/avr8/avr8-gnu-toolchain/bin/../lib/gcc/avr/4.9.2/../../../../avr/lib/avr5\libm.a(fp_cmp.o)
                              c:/program files (x86)/atmel/studio/7.0/toolchain/avr8/avr8-gnu-toolchain/bin/../lib/gcc/avr/4.9.2/../../../../avr/lib/avr5\libm.a(cmpsf2.o) (__fp_cmp)
c:/program files (x86)/atmel/studio/7.0/toolchain/avr8/avr8-gnu-toolchain/bin/../lib/gcc/avr/4.9.2/../../../../avr/lib/avr5\libm.a(fp_inf.o)
                              c:/program files (x86)/atmel/studio/7.0/toolchain/avr8/avr8-gnu-toolchain/bin/../lib/gcc/avr/4.9.2/../../../../avr/lib/avr5\libm.a(addsf3x.o) (__fp_inf)
c:/program files (x86)/atmel/studio/7.0/toolchain/avr8/avr8-gnu-toolchain/bin/../lib/gcc/avr/4.9.2/../../../../avr/lib/avr5\libm.a(fp_nan.o)
                              c:/program files (x86)/atmel/studio/7.0/toolchain/avr8/avr8-gnu-toolchain/bin/../lib/gcc/avr/4.9.2/../../../../avr/lib/avr5\libm.a(addsf3x.o) (__fp_nan)
c:/program files (x86)/atmel/studio/7.0/toolchain/avr8/avr8-gnu-toolchain/bin/../lib/gcc/avr/4.9.2/../../../../avr/lib/avr5\libm.a(fp_pscA.o)
                              c:/program files (x86)/atmel/studio/7.0/toolchain/avr8/avr8-gnu-toolchain/bin/../lib/gcc/avr/4.9.2/../../../../avr/lib/avr5\libm.a(addsf3x.o) (__fp_pscA)
c:/program files (x86)/atmel/studio/7.0/toolchain/avr8/avr8-gnu-toolchain/bin/../lib/gcc/avr/4.9.2/../../../../avr/lib/avr5\libm.a(fp_pscB.o)
                              c:/program files (x86)/atmel/studio/7.0/toolchain/avr8/avr8-gnu-toolchain/bin/../lib/gcc/avr/4.9.2/../../../../avr/lib/avr5\libm.a(addsf3x.o) (__fp_pscB)
c:/program files (x86)/atmel/studio/7.0/toolchain/avr8/avr8-gnu-toolchain/bin/../lib/gcc/avr/4.9.2/../../../../avr/lib/avr5\libm.a(fp_round.o)
                              c:/program files (x86)/atmel/studio/7.0/toolchain/avr8/avr8-gnu-toolchain/bin/../lib/gcc/avr/4.9.2/../../../../avr/lib/avr5\libm.a(addsf3.o) (__fp_round)
c:/program files (x86)/atmel/studio/7.0/toolchain/avr8/avr8-gnu-toolchain/bin/../lib/gcc/avr/4.9.2/../../../../avr/lib/avr5\libm.a(fp_split3.o)
                              c:/program files (x86)/atmel/studio/7.0/toolchain/avr8/avr8-gnu-toolchain/bin/../lib/gcc/avr/4.9.2/../../../../avr/lib/avr5\libm.a(addsf3x.o) (__fp_split3)
c:/program files (x86)/atmel/studio/7.0/toolchain/avr8/avr8-gnu-toolchain/bin/../lib/gcc/avr/4.9.2/../../../../avr/lib/avr5\libm.a(fp_zero.o)
                              c:/program files (x86)/atmel/studio/7.0/toolchain/avr8/avr8-gnu-toolchain/bin/../lib/gcc/avr/4.9.2/../../../../avr/lib/avr5\libm.a(addsf3x.o) (__fp_zero)
c:/program files (x86)/atmel/studio/7.0/toolchain/avr8/avr8-gnu-toolchain/bin/../lib/gcc/avr/4.9.2/../../../../avr/lib/avr5\libm.a(gesf2.o)
                              AL-Setup.o (__gtsf2)
c:/program files (x86)/atmel/studio/7.0/toolchain/avr8/avr8-gnu-toolchain/bin/../lib/gcc/avr/4.9.2/../../../../avr/lib/avr5\libm.a(mulsf3.o)
                              AL-Setup.o (__mulsf3)
c:/program files (x86)/atmel/studio/7.0/toolchain/avr8/avr8-gnu-toolchain/bin/../lib/gcc/avr/4.9.2/../../../../avr/lib/avr5\libm.a(mulsf3x.o)
                              c:/program files (x86)/atmel/studio/7.0/toolchain/avr8/avr8-gnu-toolchain/bin/../lib/gcc/avr/4.9.2/../../../../avr/lib/avr5\libm.a(mulsf3.o) (__mulsf3x)
C:\Data\infotek\svn\2012\gat\Projects\Atmega\code\Atmelstudio\Libraries\ArduinoCore\Release\libArduinoCore.a(HardwareSerial.o)
[...]
Memory Configuration

Name             Origin             Length             Attributes
text             0x00000000         0x00020000         xr
data             0x00800060         0x0000ffa0         rw !x
eeprom           0x00810000         0x00010000         rw !x
fuse             0x00820000         0x00000003         rw !x
lock             0x00830000         0x00000400         rw !x
signature        0x00840000         0x00000400         rw !x
user_signatures  0x00850000         0x00000400         rw !x
*default*        0x00000000         0xffffffff

Linker script and memory map

Address of section .data set to 0x800100
LOAD C:/Program Files (x86)/Atmel/Studio/7.0/Packs/atmel/ATmega_DFP/1.1.130/gcc/dev/atmega328p/avr5/crtatmega328p.o
LOAD AL-Setup.o
START GROUP
LOAD c:/program files (x86)/atmel/studio/7.0/toolchain/avr8/avr8-gnu-toolchain/bin/../lib/gcc/avr/4.9.2/../../../../avr/lib/avr5\libm.a
LOAD C:\Data\infotek\svn\2012\gat\Projects\Atmega\code\Atmelstudio\Libraries\ArduinoCore\Release\libArduinoCore.a
END GROUP
LOAD c:/program files (x86)/atmel/studio/7.0/toolchain/avr8/avr8-gnu-toolchain/bin/../lib/gcc/avr/4.9.2/avr5\libgcc.a
LOAD c:/program files (x86)/atmel/studio/7.0/toolchain/avr8/avr8-gnu-toolchain/bin/../lib/gcc/avr/4.9.2/../../../../avr/lib/avr5\libm.a
START GROUP
LOAD c:/program files (x86)/atmel/studio/7.0/toolchain/avr8/avr8-gnu-toolchain/bin/../lib/gcc/avr/4.9.2/avr5\libgcc.a
LOAD c:/program files (x86)/atmel/studio/7.0/toolchain/avr8/avr8-gnu-toolchain/bin/../lib/gcc/avr/4.9.2/../../../../avr/lib/avr5\libm.a
LOAD c:/program files (x86)/atmel/studio/7.0/toolchain/avr8/avr8-gnu-toolchain/bin/../lib/gcc/avr/4.9.2/../../../../avr/lib/avr5\libc.a
LOAD C:/Program Files (x86)/Atmel/Studio/7.0/Packs/atmel/ATmega_DFP/1.1.130/gcc/dev/atmega328p/avr5\libatmega328p.a
END GROUP
                0x00020000                __TEXT_REGION_LENGTH__ = DEFINED (__TEXT_REGION_LENGTH__)?__TEXT_REGION_LENGTH__:0x20000
                0x0000ffa0                __DATA_REGION_LENGTH__ = DEFINED (__DATA_REGION_LENGTH__)?__DATA_REGION_LENGTH__:0xffa0
                0x00010000                __EEPROM_REGION_LENGTH__ = DEFINED (__EEPROM_REGION_LENGTH__)?__EEPROM_REGION_LENGTH__:0x10000
                [0x00000003]                __FUSE_REGION_LENGTH__ = DEFINED (__FUSE_REGION_LENGTH__)?__FUSE_REGION_LENGTH__:0x400
                0x00000400                __LOCK_REGION_LENGTH__ = DEFINED (__LOCK_REGION_LENGTH__)?__LOCK_REGION_LENGTH__:0x400
                0x00000400                __SIGNATURE_REGION_LENGTH__ = DEFINED (__SIGNATURE_REGION_LENGTH__)?__SIGNATURE_REGION_LENGTH__:0x400
                0x00000400                __USER_SIGNATURE_REGION_LENGTH__ = DEFINED (__USER_SIGNATURE_REGION_LENGTH__)?__USER_SIGNATURE_REGION_LENGTH__:0x400

.hash
 *(.hash)

.dynsym
 *(.dynsym)

.dynstr
 *(.dynstr)

.gnu.version
 *(.gnu.version)

.gnu.version_d
 *(.gnu.version_d)

.gnu.version_r
 *(.gnu.version_r)

.rel.init
 *(.rel.init)

.rela.init
 *(.rela.init)

.rel.text
 *(.rel.text)
 *(.rel.text.*)
 *(.rel.gnu.linkonce.t*)

.rela.text
 *(.rela.text)
 *(.rela.text.*)
 *(.rela.gnu.linkonce.t*)

.rel.fini
 *(.rel.fini)

.rela.fini
 *(.rela.fini)

.rel.rodata
 *(.rel.rodata)
 *(.rel.rodata.*)
 *(.rel.gnu.linkonce.r*)

.rela.rodata
 *(.rela.rodata)
 *(.rela.rodata.*)
 *(.rela.gnu.linkonce.r*)

.rel.data
 *(.rel.data)
 *(.rel.data.*)
 *(.rel.gnu.linkonce.d*)

.rela.data
 *(.rela.data)
 *(.rela.data.*)
 *(.rela.gnu.linkonce.d*)

.rel.ctors
 *(.rel.ctors)

.rela.ctors
 *(.rela.ctors)

.rel.dtors
 *(.rel.dtors)

.rela.dtors
 *(.rela.dtors)

.rel.got
 *(.rel.got)

.rela.got
 *(.rela.got)

.rel.bss
 *(.rel.bss)

.rela.bss
 *(.rela.bss)

.rel.plt
 *(.rel.plt)

.rela.plt
 *(.rela.plt)

.text           0x00000000     0x50ca
 *(.vectors)
 .vectors       0x00000000       0x68 C:/Program Files (x86)/Atmel/Studio/7.0/Packs/atmel/ATmega_DFP/1.1.130/gcc/dev/atmega328p/avr5/crtatmega328p.o
                0x00000000                __vector_default
                0x00000000                __vectors
 *(.vectors)
 *(.progmem.gcc*)
                0x00000068                . = ALIGN (0x2)
                0x00000068                __trampolines_start = .
 *(.trampolines)
 .trampolines   0x00000068        0x0 linker stubs
 *(.trampolines*)
                0x00000068                __trampolines_end = .
 *libprintf_flt.a:*(.progmem.data)
 *libc.a:*(.progmem.data)
 *(.progmem*)
 .progmem.data._ZZ5introvE3__c_11
                0x00000068        0xa AL-Setup.o
 .progmem.data._ZZ5introvE3__c_10
                0x00000072        0x1 AL-Setup.o
 .progmem.data._ZZ5introvE3__c_9
                0x00000073       0x2c AL-Setup.o
 .progmem.data._ZZ5introvE3__c_8
                0x0000009f       0x34 AL-Setup.o
 .progmem.data._ZZ5introvE3__c_7
                0x000000d3        0x1 AL-Setup.o
 .progmem.data._ZZ5introvE3__c_6
                0x000000d4       0x16 AL-Setup.o
 .progmem.data._ZZ5introvE3__c_5
                0x000000ea        0x1 AL-Setup.o
 .progmem.data._ZZ5introvE3__c_4
                0x000000eb       0x11 AL-Setup.o
 .progmem.data._ZZ5introvE3__c_3
                0x000000fc        0xb AL-Setup.o
 .progmem.data._ZZ5introvE3__c_2
                0x00000107        0xe AL-Setup.o
 .progmem.data._ZZ5introvE3__c_1
                0x00000115        0x5 AL-Setup.o
 .progmem.data._ZZ5introvE3__c_0
                0x0000011a        0x1 AL-Setup.o
 .progmem.data._ZZ5introvE3__c
                0x0000011b       0x34 AL-Setup.o
 .progmem.data._ZZ15check_gyro_axeshE3__c
                0x0000014f       0x42 AL-Setup.o
 .progmem.data._ZZ16register_min_maxvE3__c
                0x00000191       0x18 AL-Setup.o
 .progmem.data._ZZ17wait_for_receivervE3__c_2
                0x000001a9        0x4 AL-Setup.o
 .progmem.data._ZZ17wait_for_receivervE3__c_1
                0x000001ad       0x2d AL-Setup.o
 .progmem.data._ZZ17wait_for_receivervE3__c_0
                0x000001da        0x2 AL-Setup.o
 .progmem.data._ZZ17wait_for_receivervE3__c
                0x000001dc        0x2 AL-Setup.o
 .progmem.data._ZZ21check_receiver_inputshE3__c
                0x000001de       0x3f AL-Setup.o
 .progmem.data._ZZ10start_gyrovE3__c_2
                0x0000021d       0x19 AL-Setup.o
 .progmem.data._ZZ10start_gyrovE3__c_1
                0x00000236       0x19 AL-Setup.o
 .progmem.data._ZZ10start_gyrovE3__c_0
                0x0000024f       0x19 AL-Setup.o
 .progmem.data._ZZ10start_gyrovE3__c
                0x00000268       0x19 AL-Setup.o
 .progmem.data._ZZ4loopE3__c_154
                0x00000281       0x38 AL-Setup.o
 .progmem.data._ZZ4loopE3__c_153
                0x000002b9       0x32 AL-Setup.o
 .progmem.data._ZZ4loopE3__c_152
                0x000002eb       0x26 AL-Setup.o
 .progmem.data._ZZ4loopE3__c_151
                0x00000311       0x3d AL-Setup.o
 .progmem.data._ZZ4loopE3__c_150
                0x0000034e       0x13 AL-Setup.o
 .progmem.data._ZZ4loopE3__c_149
                0x00000361       0x12 AL-Setup.o
 .progmem.data._ZZ4loopE3__c_148
                0x00000373       0x28 AL-Setup.o
 .progmem.data._ZZ4loopE3__c_147
                0x0000039b       0x13 AL-Setup.o
 .progmem.data._ZZ4loopE3__c_146
                0x000003ae        0x6 AL-Setup.o
 .progmem.data._ZZ4loopE3__c_145
                0x000003b4        0xf AL-Setup.o
 .progmem.data._ZZ4loopE3__c_144
                0x000003c3       0x34 AL-Setup.o
 .progmem.data._ZZ4loopE3__c_143
                0x000003f7       0x1b AL-Setup.o
 .progmem.data._ZZ4loopE3__c_142
                0x00000412       0x34 AL-Setup.o
 .progmem.data._ZZ4loopE3__c_141
                0x00000446        0x1 AL-Setup.o
 .progmem.data._ZZ4loopE3__c_140
                0x00000447       0x2b AL-Setup.o
 .progmem.data._ZZ4loopE3__c_139
                0x00000472        0xd AL-Setup.o
 .progmem.data._ZZ4loopE3__c_138
                0x0000047f       0x32 AL-Setup.o
 .progmem.data._ZZ4loopE3__c_137
                0x000004b1       0x15 AL-Setup.o
 .progmem.data._ZZ4loopE3__c_136
                0x000004c6       0x34 AL-Setup.o
 .progmem.data._ZZ4loopE3__c_135
                0x000004fa       0x12 AL-Setup.o
 .progmem.data._ZZ4loopE3__c_134
                0x0000050c       0x34 AL-Setup.o
 .progmem.data._ZZ4loopE3__c_133
                0x00000540        0x1 AL-Setup.o
 .progmem.data._ZZ4loopE3__c_132
                0x00000541       0x34 AL-Setup.o
 .progmem.data._ZZ4loopE3__c_131
                0x00000575       0x1a AL-Setup.o
 .progmem.data._ZZ4loopE3__c_130
                0x0000058f       0x34 AL-Setup.o
 .progmem.data._ZZ4loopE3__c_129
                0x000005c3        0x9 AL-Setup.o
 .progmem.data._ZZ4loopE3__c_128
                0x000005cc       0x34 AL-Setup.o
 .progmem.data._ZZ4loopE3__c_127
                0x00000600        0x1 AL-Setup.o
 .progmem.data._ZZ4loopE3__c_126
                0x00000601       0x34 AL-Setup.o
 .progmem.data._ZZ4loopE3__c_125
                0x00000635       0x31 AL-Setup.o
 .progmem.data._ZZ4loopE3__c_124
                0x00000666       0x13 AL-Setup.o
 .progmem.data._ZZ4loopE3__c_123
                0x00000679       0x14 AL-Setup.o
 .progmem.data._ZZ4loopE3__c_122
                0x0000068d       0x13 AL-Setup.o
 .progmem.data._ZZ4loopE3__c_121
                0x000006a0        0x4 AL-Setup.o
 .progmem.data._ZZ4loopE3__c_120
                0x000006a4       0x4b AL-Setup.o
 .progmem.data._ZZ4loopE3__c_119
                0x000006ef        0x1 AL-Setup.o
 .progmem.data._ZZ4loopE3__c_118
                0x000006f0        0x1 AL-Setup.o
 .progmem.data._ZZ4loopE3__c_117
                0x000006f1       0x34 AL-Setup.o
 .progmem.data._ZZ4loopE3__c_116
                0x00000725       0x31 AL-Setup.o
 .progmem.data._ZZ4loopE3__c_115
                0x00000756       0x13 AL-Setup.o
 .progmem.data._ZZ4loopE3__c_114
                0x00000769       0x14 AL-Setup.o
 .progmem.data._ZZ4loopE3__c_113
                0x0000077d       0x13 AL-Setup.o
 .progmem.data._ZZ4loopE3__c_112
                0x00000790        0x4 AL-Setup.o
 .progmem.data._ZZ4loopE3__c_111
                0x00000794       0x47 AL-Setup.o
 .progmem.data._ZZ4loopE3__c_110
                0x000007db        0x1 AL-Setup.o
 .progmem.data._ZZ4loopE3__c_109
                0x000007dc        0x1 AL-Setup.o
 .progmem.data._ZZ4loopE3__c_108
                0x000007dd       0x34 AL-Setup.o
 .progmem.data._ZZ4loopE3__c_107
                0x00000811       0x31 AL-Setup.o
 .progmem.data._ZZ4loopE3__c_106
                0x00000842       0x13 AL-Setup.o
 .progmem.data._ZZ4loopE3__c_105
                0x00000855       0x14 AL-Setup.o
 .progmem.data._ZZ4loopE3__c_104
                0x00000869       0x13 AL-Setup.o
 .progmem.data._ZZ4loopE3__c_103
                0x0000087c        0x4 AL-Setup.o
 .progmem.data._ZZ4loopE3__c_102
                0x00000880       0x4c AL-Setup.o
 .progmem.data._ZZ4loopE3__c_101
                0x000008cc       0x34 AL-Setup.o
 .progmem.data._ZZ4loopE3__c_100
                0x00000900       0x18 AL-Setup.o
 .progmem.data._ZZ4loopE3__c_99
                0x00000918       0x34 AL-Setup.o
 .progmem.data._ZZ4loopE3__c_98
                0x0000094c        0x1 AL-Setup.o
 .progmem.data._ZZ4loopE3__c_97
                0x0000094d        0xf AL-Setup.o
 .progmem.data._ZZ4loopE3__c_96
                0x0000095c        0xf AL-Setup.o
 .progmem.data._ZZ4loopE3__c_95
                0x0000096b        0xf AL-Setup.o
 .progmem.data._ZZ4loopE3__c_94
                0x0000097a        0x1 AL-Setup.o
 .progmem.data._ZZ4loopE3__c_93
                0x0000097b        0x2 AL-Setup.o
 .progmem.data._ZZ4loopE3__c_92
                0x0000097d        0xc AL-Setup.o
 .progmem.data._ZZ4loopE3__c_91
                0x00000989       0x33 AL-Setup.o
 .progmem.data._ZZ4loopE3__c_90
                0x000009bc       0x3c AL-Setup.o
 .progmem.data._ZZ4loopE3__c_89
                0x000009f8       0x34 AL-Setup.o
 .progmem.data._ZZ4loopE3__c_88
                0x00000a2c       0x11 AL-Setup.o
 .progmem.data._ZZ4loopE3__c_87
                0x00000a3d       0x34 AL-Setup.o
 .progmem.data._ZZ4loopE3__c_86
                0x00000a71        0x1 AL-Setup.o
 .progmem.data._ZZ4loopE3__c_85
                0x00000a72       0x34 AL-Setup.o
 .progmem.data._ZZ4loopE3__c_84
                0x00000aa6       0x17 AL-Setup.o
 .progmem.data._ZZ4loopE3__c_83
                0x00000abd       0x34 AL-Setup.o
 .progmem.data._ZZ4loopE3__c_82
                0x00000af1        0x1 AL-Setup.o
 .progmem.data._ZZ4loopE3__c_81
                0x00000af2       0x22 AL-Setup.o
 .progmem.data._ZZ4loopE3__c_68
                0x00000b14       0x1f AL-Setup.o
 .progmem.data._ZZ4loopE3__c_67
                0x00000b33       0x2b AL-Setup.o
 .progmem.data._ZZ4loopE3__c_66
                0x00000b5e       0x34 AL-Setup.o
 .progmem.data._ZZ4loopE3__c_65
                0x00000b92        0xc AL-Setup.o
 .progmem.data._ZZ4loopE3__c_64
                0x00000b9e       0x34 AL-Setup.o
 .progmem.data._ZZ4loopE3__c_63
                0x00000bd2        0x1 AL-Setup.o
 .progmem.data._ZZ4loopE3__c_62
                0x00000bd3       0x34 AL-Setup.o
 .progmem.data._ZZ4loopE3__c_61
                0x00000c07        0x4 AL-Setup.o
 .progmem.data._ZZ4loopE3__c_60
                0x00000c0b        0x4 AL-Setup.o
 .progmem.data._ZZ4loopE3__c_59
                0x00000c0f       0x19 AL-Setup.o
 .progmem.data._ZZ4loopE3__c_58
                0x00000c28        0x4 AL-Setup.o
 .progmem.data._ZZ4loopE3__c_57
                0x00000c2c        0x4 AL-Setup.o
 .progmem.data._ZZ4loopE3__c_56
                0x00000c30       0x19 AL-Setup.o
 .progmem.data._ZZ4loopE3__c_55
                0x00000c49        0x4 AL-Setup.o
 .progmem.data._ZZ4loopE3__c_54
                0x00000c4d        0x4 AL-Setup.o
 .progmem.data._ZZ4loopE3__c_53
                0x00000c51       0x19 AL-Setup.o
 .progmem.data._ZZ4loopE3__c_52
                0x00000c6a        0x4 AL-Setup.o
 .progmem.data._ZZ4loopE3__c_51
                0x00000c6e        0x4 AL-Setup.o
 .progmem.data._ZZ4loopE3__c_50
                0x00000c72       0x19 AL-Setup.o
 .progmem.data._ZZ4loopE3__c_49
                0x00000c8b       0x2f AL-Setup.o
 .progmem.data._ZZ4loopE3__c_48
                0x00000cba        0x1 AL-Setup.o
 .progmem.data._ZZ4loopE3__c_47
                0x00000cbb        0x1 AL-Setup.o
 .progmem.data._ZZ4loopE3__c_46
                0x00000cbc       0x39 AL-Setup.o
 .progmem.data._ZZ4loopE3__c_45
                0x00000cf5       0x3b AL-Setup.o
 .progmem.data._ZZ4loopE3__c_44
                0x00000d30        0x1 AL-Setup.o
 .progmem.data._ZZ4loopE3__c_43
                0x00000d31        0x1 AL-Setup.o
 .progmem.data._ZZ4loopE3__c_42
                0x00000d32       0x16 AL-Setup.o
 .progmem.data._ZZ4loopE3__c_41
                0x00000d48       0x17 AL-Setup.o
 .progmem.data._ZZ4loopE3__c_40
                0x00000d5f       0x23 AL-Setup.o
 .progmem.data._ZZ4loopE3__c_39
                0x00000d82       0x3d AL-Setup.o
 .progmem.data._ZZ4loopE3__c_38
                0x00000dbf        0x1 AL-Setup.o
 .progmem.data._ZZ4loopE3__c_37
                0x00000dc0        0x1 AL-Setup.o
 .progmem.data._ZZ4loopE3__c_36
                0x00000dc1       0x16 AL-Setup.o
 .progmem.data._ZZ4loopE3__c_35
                0x00000dd7       0x17 AL-Setup.o
 .progmem.data._ZZ4loopE3__c_34
                0x00000dee       0x25 AL-Setup.o
 .progmem.data._ZZ4loopE3__c_33
                0x00000e13       0x3c AL-Setup.o
 .progmem.data._ZZ4loopE3__c_32
                0x00000e4f        0x1 AL-Setup.o
 .progmem.data._ZZ4loopE3__c_31
                0x00000e50        0x1 AL-Setup.o
 .progmem.data._ZZ4loopE3__c_30
                0x00000e51       0x16 AL-Setup.o
 .progmem.data._ZZ4loopE3__c_29
                0x00000e67       0x17 AL-Setup.o
 .progmem.data._ZZ4loopE3__c_28
                0x00000e7e       0x24 AL-Setup.o
 .progmem.data._ZZ4loopE3__c_27
                0x00000ea2       0x40 AL-Setup.o
 .progmem.data._ZZ4loopE3__c_26
                0x00000ee2        0x1 AL-Setup.o
 .progmem.data._ZZ4loopE3__c_25
                0x00000ee3        0x1 AL-Setup.o
 .progmem.data._ZZ4loopE3__c_24
                0x00000ee4       0x16 AL-Setup.o
 .progmem.data._ZZ4loopE3__c_23
                0x00000efa       0x17 AL-Setup.o
 .progmem.data._ZZ4loopE3__c_22
                0x00000f11       0x28 AL-Setup.o
 .progmem.data._ZZ4loopE3__c_21
                0x00000f39       0x3c AL-Setup.o
 .progmem.data._ZZ4loopE3__c_20
                0x00000f75        0x1 AL-Setup.o
 .progmem.data._ZZ4loopE3__c_19
                0x00000f76        0x1 AL-Setup.o
 .progmem.data._ZZ4loopE3__c_18
                0x00000f77       0x14 AL-Setup.o
 .progmem.data._ZZ4loopE3__c_17
                0x00000f8b       0x14 AL-Setup.o
 .progmem.data._ZZ4loopE3__c_16
                0x00000f9f       0x14 AL-Setup.o
 .progmem.data._ZZ4loopE3__c_15
                0x00000fb3       0x14 AL-Setup.o
 .progmem.data._ZZ4loopE3__c_14
                0x00000fc7       0x19 AL-Setup.o
 .progmem.data._ZZ4loopE3__c_13
                0x00000fe0        0x1 AL-Setup.o
 .progmem.data._ZZ4loopE3__c_12
                0x00000fe1       0x48 AL-Setup.o
 .progmem.data._ZZ4loopE3__c_11
                0x00001029        0x1 AL-Setup.o
 .progmem.data._ZZ4loopE3__c_10
                0x0000102a       0x25 AL-Setup.o
 .progmem.data._ZZ4loopE3__c_9
                0x0000104f       0x34 AL-Setup.o
 .progmem.data._ZZ4loopE3__c_8
                0x00001083       0x12 AL-Setup.o
 .progmem.data._ZZ4loopE3__c_7
                0x00001095       0x34 AL-Setup.o
 .progmem.data._ZZ4loopE3__c_6
                0x000010c9        0x1 AL-Setup.o
 .progmem.data._ZZ4loopE3__c_5
                0x000010ca       0x30 AL-Setup.o
 .progmem.data._ZZ4loopE3__c_4
                0x000010fa       0x2c AL-Setup.o
 .progmem.data._ZZ4loopE3__c_3
                0x00001126       0x1a AL-Setup.o
 .progmem.data._ZZ4loopE3__c_2
                0x00001140       0x34 AL-Setup.o
 .progmem.data._ZZ4loopE3__c_1
                0x00001174        0xd AL-Setup.o
 .progmem.data._ZZ4loopE3__c_0
                0x00001181       0x34 AL-Setup.o
 .progmem.data._ZZ4loopE3__c
                0x000011b5        0x1 AL-Setup.o
 .progmem.data.digital_pin_to_timer_PGM
                0x000011b6       0x14 C:\Data\infotek\svn\2012\gat\Projects\Atmega\code\Atmelstudio\Libraries\ArduinoCore\Release\libArduinoCore.a(wiring_digital.o)
                0x000011b6                digital_pin_to_timer_PGM
 .progmem.data.digital_pin_to_bit_mask_PGM
                0x000011ca       0x14 C:\Data\infotek\svn\2012\gat\Projects\Atmega\code\Atmelstudio\Libraries\ArduinoCore\Release\libArduinoCore.a(wiring_digital.o)
                0x000011ca                digital_pin_to_bit_mask_PGM
 .progmem.data.digital_pin_to_port_PGM
                0x000011de       0x14 C:\Data\infotek\svn\2012\gat\Projects\Atmega\code\Atmelstudio\Libraries\ArduinoCore\Release\libArduinoCore.a(wiring_digital.o)
                0x000011de                digital_pin_to_port_PGM
 .progmem.data.port_to_output_PGM
                0x000011f2        0xa C:\Data\infotek\svn\2012\gat\Projects\Atmega\code\Atmelstudio\Libraries\ArduinoCore\Release\libArduinoCore.a(wiring_digital.o)
                0x000011f2                port_to_output_PGM
 .progmem.data.port_to_mode_PGM
                0x000011fc        0xa C:\Data\infotek\svn\2012\gat\Projects\Atmega\code\Atmelstudio\Libraries\ArduinoCore\Release\libArduinoCore.a(wiring_digital.o)
                0x000011fc                port_to_mode_PGM
                0x00001206                . = ALIGN (0x2)
 *(.jumptables)
 *(.jumptables*)
 *(.lowtext)
 *(.lowtext*)
                0x00001206                __ctors_start = .
 *(.ctors)
 .ctors         0x00001206        0x2 C:\Data\infotek\svn\2012\gat\Projects\Atmega\code\Atmelstudio\Libraries\ArduinoCore\Release\libArduinoCore.a(HardwareSerial0.o)
 .ctors         0x00001208        0x2 C:\Data\infotek\svn\2012\gat\Projects\Atmega\code\Atmelstudio\Libraries\ArduinoCore\Release\libArduinoCore.a(Wire.o)
                0x0000120a                __ctors_end = .
                0x0000120a                __dtors_start = .
 *(.dtors)
                0x0000120a                __dtors_end = .
 SORT(*)(.ctors)
 SORT(*)(.dtors)
 *(.init0)
 .init0         0x0000120a        0x0 C:/Program Files (x86)/Atmel/Studio/7.0/Packs/atmel/ATmega_DFP/1.1.130/gcc/dev/atmega328p/avr5/crtatmega328p.o
                0x0000120a                __init
 *(.init0)
 *(.init1)
 *(.init1)
 *(.init2)
 .init2         0x0000120a        0xc C:/Program Files (x86)/Atmel/Studio/7.0/Packs/atmel/ATmega_DFP/1.1.130/gcc/dev/atmega328p/avr5/crtatmega328p.o
 *(.init2)
 *(.init3)
 *(.init3)
 *(.init4)
 .init4         0x00001216       0x16 c:/program files (x86)/atmel/studio/7.0/toolchain/avr8/avr8-gnu-toolchain/bin/../lib/gcc/avr/4.9.2/avr5\libgcc.a(_copy_data.o)
                0x00001216                __do_copy_data
 .init4         0x0000122c       0x10 c:/program files (x86)/atmel/studio/7.0/toolchain/avr8/avr8-gnu-toolchain/bin/../lib/gcc/avr/4.9.2/avr5\libgcc.a(_clear_bss.o)
                0x0000122c                __do_clear_bss
 *(.init4)
 *(.init5)
 *(.init5)
 *(.init6)
 .init6         0x0000123c       0x16 c:/program files (x86)/atmel/studio/7.0/toolchain/avr8/avr8-gnu-toolchain/bin/../lib/gcc/avr/4.9.2/avr5\libgcc.a(_ctors.o)
                0x0000123c                __do_global_ctors
 *(.init6)
 *(.init7)
 *(.init7)
 *(.init8)
 *(.init8)
 *(.init9)
 .init9         0x00001252        0x8 C:/Program Files (x86)/Atmel/Studio/7.0/Packs/atmel/ATmega_DFP/1.1.130/gcc/dev/atmega328p/avr5/crtatmega328p.o
 *(.init9)
 *(.text)
 .text          0x0000125a        0x4 C:/Program Files (x86)/Atmel/Studio/7.0/Packs/atmel/ATmega_DFP/1.1.130/gcc/dev/atmega328p/avr5/crtatmega328p.o
                0x0000125a                __vector_22
                0x0000125a                __vector_1
                0x0000125a                __vector_12
                0x0000125a                __bad_interrupt
                0x0000125a                __vector_6
                0x0000125a                __vector_23
                0x0000125a                __vector_25
                0x0000125a                __vector_11
                0x0000125a                __vector_13
                0x0000125a                __vector_17
                0x0000125a                __vector_7
                0x0000125a                __vector_5
                0x0000125a                __vector_4
                0x0000125a                __vector_9
                0x0000125a                __vector_2
                0x0000125a                __vector_21
                0x0000125a                __vector_15
                0x0000125a                __vector_8
                0x0000125a                __vector_14
                0x0000125a                __vector_10
                0x0000125a                __vector_20
                0x0000125e                . = ALIGN (0x2)
 *(.text.*)
 .text.unlikely._ZN11EEPROMClass4readEi.isra.0
                0x0000125e        0x4 AL-Setup.o
 .text.unlikely._ZN11EEPROMClass5writeEih.isra.1
                0x00001262        0x4 AL-Setup.o
 .text._ZN7TwoWire5writeEi
                0x00001266        0xe AL-Setup.o
                0x00001266                _ZN7TwoWire5writeEi
 .text.setup    0x00001274       0x54 AL-Setup.o
                0x00001274                setup
 .text._Z21check_receiver_inputsh
                0x000012c8      0x1b4 AL-Setup.o
                0x000012c8                _Z21check_receiver_inputsh
 .text._Z16wait_sticks_zerov
                0x0000147c       0xdc AL-Setup.o
                0x0000147c                _Z16wait_sticks_zerov
 .text._Z17check_to_continuev
                0x00001558      0x10e AL-Setup.o
                0x00001558                _Z17check_to_continuev
 .text._Z17wait_for_receiverv
                0x00001666      0x11a AL-Setup.o
                0x00001666                _Z17wait_for_receiverv
 .text._Z16register_min_maxv
                0x00001780      0x298 AL-Setup.o
                0x00001780                _Z16register_min_maxv
 .text.__vector_3
                0x00001a18      0x15e AL-Setup.o
                0x00001a18                __vector_3
 .text._Z5introv
                0x00001b76       0xe4 AL-Setup.o
                0x00001b76                _Z5introv
 .text._Z11search_gyroii
                0x00001c5a       0xbc AL-Setup.o
                0x00001c5a                _Z11search_gyroii
 .text._Z10start_gyrov
                0x00001d16      0x278 AL-Setup.o
                0x00001d16                _Z10start_gyrov
 .text._Z13gyro_signalenv
                0x00001f8e      0x34e AL-Setup.o
                0x00001f8e                _Z13gyro_signalenv
 .text._Z15check_gyro_axesh
                0x000022dc      0x4b6 AL-Setup.o
                0x000022dc                _Z15check_gyro_axesh
 .text.loop     0x00002792     0x11be AL-Setup.o
                0x00002792                loop
 .text.avr-libc.fplib
                0x00003950        0xe c:/program files (x86)/atmel/studio/7.0/toolchain/avr8/avr8-gnu-toolchain/bin/../lib/gcc/avr/4.9.2/../../../../avr/lib/avr5\libm.a(addsf3.o)
                0x00003950                __subsf3
                0x00003952                __addsf3
 .text.avr-libc.fplib
                0x0000395e       0xcc c:/program files (x86)/atmel/studio/7.0/toolchain/avr8/avr8-gnu-toolchain/bin/../lib/gcc/avr/4.9.2/../../../../avr/lib/avr5\libm.a(addsf3x.o)
                0x00003980                __addsf3x
 .text.avr-libc.fplib
                0x00003a2a        0xa c:/program files (x86)/atmel/studio/7.0/toolchain/avr8/avr8-gnu-toolchain/bin/../lib/gcc/avr/4.9.2/../../../../avr/lib/avr5\libm.a(cmpsf2.o)
                0x00003a2a                __nesf2
                0x00003a2a                __eqsf2
                0x00003a2a                __cmpsf2
                0x00003a2a                __ltsf2
                0x00003a2a                __lesf2
 .text.avr-libc.fplib
                0x00003a34        0x8 c:/program files (x86)/atmel/studio/7.0/toolchain/avr8/avr8-gnu-toolchain/bin/../lib/gcc/avr/4.9.2/../../../../avr/lib/avr5\libm.a(divsf3.o)
                0x00003a34                __divsf3
 .text.avr-libc.fplib
                0x00003a3c       0xdc c:/program files (x86)/atmel/studio/7.0/toolchain/avr8/avr8-gnu-toolchain/bin/../lib/gcc/avr/4.9.2/../../../../avr/lib/avr5\libm.a(divsf3x.o)
                0x00003a5c                __divsf3x
                0x00003a62                __divsf3_pse
 .text.avr-libc.fplib
                0x00003b18       0x7a c:/program files (x86)/atmel/studio/7.0/toolchain/avr8/avr8-gnu-toolchain/bin/../lib/gcc/avr/4.9.2/../../../../avr/lib/avr5\libm.a(floatsisf.o)
                0x00003b18                __floatunsisf
                0x00003b1c                __floatsisf
 .text.avr-libc.fplib
                0x00003b92       0x48 c:/program files (x86)/atmel/studio/7.0/toolchain/avr8/avr8-gnu-toolchain/bin/../lib/gcc/avr/4.9.2/../../../../avr/lib/avr5\libm.a(fp_cmp.o)
                0x00003b92                __fp_cmp
 .text.avr-libc.fplib
                0x00003bda        0xc c:/program files (x86)/atmel/studio/7.0/toolchain/avr8/avr8-gnu-toolchain/bin/../lib/gcc/avr/4.9.2/../../../../avr/lib/avr5\libm.a(fp_inf.o)
                0x00003bda                __fp_inf
 .text.avr-libc.fplib
                0x00003be6        0x6 c:/program files (x86)/atmel/studio/7.0/toolchain/avr8/avr8-gnu-toolchain/bin/../lib/gcc/avr/4.9.2/../../../../avr/lib/avr5\libm.a(fp_nan.o)
                0x00003be6                __fp_nan
 .text.avr-libc.fplib
                0x00003bec        0xe c:/program files (x86)/atmel/studio/7.0/toolchain/avr8/avr8-gnu-toolchain/bin/../lib/gcc/avr/4.9.2/../../../../avr/lib/avr5\libm.a(fp_pscA.o)
                0x00003bec                __fp_pscA
 .text.avr-libc.fplib
                0x00003bfa        0xe c:/program files (x86)/atmel/studio/7.0/toolchain/avr8/avr8-gnu-toolchain/bin/../lib/gcc/avr/4.9.2/../../../../avr/lib/avr5\libm.a(fp_pscB.o)
                0x00003bfa                __fp_pscB
 .text.avr-libc.fplib
                0x00003c08       0x22 c:/program files (x86)/atmel/studio/7.0/toolchain/avr8/avr8-gnu-toolchain/bin/../lib/gcc/avr/4.9.2/../../../../avr/lib/avr5\libm.a(fp_round.o)
                0x00003c08                __fp_round
 .text.avr-libc.fplib
                0x00003c2a       0x44 c:/program files (x86)/atmel/studio/7.0/toolchain/avr8/avr8-gnu-toolchain/bin/../lib/gcc/avr/4.9.2/../../../../avr/lib/avr5\libm.a(fp_split3.o)
                0x00003c2a                __fp_split3
                0x00003c3a                __fp_splitA
 .text.avr-libc.fplib
                0x00003c6e        0xe c:/program files (x86)/atmel/studio/7.0/toolchain/avr8/avr8-gnu-toolchain/bin/../lib/gcc/avr/4.9.2/../../../../avr/lib/avr5\libm.a(fp_zero.o)
                0x00003c6e                __fp_zero
                0x00003c70                __fp_szero
 .text.avr-libc.fplib
                0x00003c7c        0xa c:/program files (x86)/atmel/studio/7.0/toolchain/avr8/avr8-gnu-toolchain/bin/../lib/gcc/avr/4.9.2/../../../../avr/lib/avr5\libm.a(gesf2.o)
                0x00003c7c                __gesf2
                0x00003c7c                __gtsf2
 .text.avr-libc.fplib
                0x00003c86        0x8 c:/program files (x86)/atmel/studio/7.0/toolchain/avr8/avr8-gnu-toolchain/bin/../lib/gcc/avr/4.9.2/../../../../avr/lib/avr5\libm.a(mulsf3.o)
                0x00003c86                __mulsf3
 .text.avr-libc.fplib
                0x00003c8e       0xd2 c:/program files (x86)/atmel/studio/7.0/toolchain/avr8/avr8-gnu-toolchain/bin/../lib/gcc/avr/4.9.2/../../../../avr/lib/avr5\libm.a(mulsf3x.o)
                0x00003cac                __mulsf3x
                0x00003cb2                __mulsf3_pse
 .text._ZN14HardwareSerial9availableEv
                0x00003d60       0x18 C:\Data\infotek\svn\2012\gat\Projects\Atmega\code\Atmelstudio\Libraries\ArduinoCore\Release\libArduinoCore.a(HardwareSerial.o)
                0x00003d60                _ZN14HardwareSerial9availableEv
 .text._ZN14HardwareSerial4peekEv
                0x00003d78       0x1c C:\Data\infotek\svn\2012\gat\Projects\Atmega\code\Atmelstudio\Libraries\ArduinoCore\Release\libArduinoCore.a(HardwareSerial.o)
                0x00003d78                _ZN14HardwareSerial4peekEv
 .text._ZN14HardwareSerial4readEv
                0x00003d94       0x28 C:\Data\infotek\svn\2012\gat\Projects\Atmega\code\Atmelstudio\Libraries\ArduinoCore\Release\libArduinoCore.a(HardwareSerial.o)
                0x00003d94                _ZN14HardwareSerial4readEv
 .text._Z14serialEventRunv
                0x00003dbc       0x1c C:\Data\infotek\svn\2012\gat\Projects\Atmega\code\Atmelstudio\Libraries\ArduinoCore\Release\libArduinoCore.a(HardwareSerial.o)
                0x00003dbc                _Z14serialEventRunv
 .text._ZN14HardwareSerial17_tx_udr_empty_irqEv
                0x00003dd8       0x42 C:\Data\infotek\svn\2012\gat\Projects\Atmega\code\Atmelstudio\Libraries\ArduinoCore\Release\libArduinoCore.a(HardwareSerial.o)
                0x00003dd8                _ZN14HardwareSerial17_tx_udr_empty_irqEv
 .text._ZN14HardwareSerial5flushEv
                0x00003e1a       0x44 C:\Data\infotek\svn\2012\gat\Projects\Atmega\code\Atmelstudio\Libraries\ArduinoCore\Release\libArduinoCore.a(HardwareSerial.o)
                0x00003e1a                _ZN14HardwareSerial5flushEv
 .text._ZN14HardwareSerial5writeEh
                0x00003e5e       0x8e C:\Data\infotek\svn\2012\gat\Projects\Atmega\code\Atmelstudio\Libraries\ArduinoCore\Release\libArduinoCore.a(HardwareSerial.o)
                0x00003e5e                _ZN14HardwareSerial5writeEh
 .text._ZN14HardwareSerial5beginEmh
                0x00003eec       0xca C:\Data\infotek\svn\2012\gat\Projects\Atmega\code\Atmelstudio\Libraries\ArduinoCore\Release\libArduinoCore.a(HardwareSerial.o)
                0x00003eec                _ZN14HardwareSerial5beginEmh
 .text.__vector_18
                0x00003fb6       0x64 C:\Data\infotek\svn\2012\gat\Projects\Atmega\code\Atmelstudio\Libraries\ArduinoCore\Release\libArduinoCore.a(HardwareSerial0.o)
                0x00003fb6                __vector_18
 .text.__vector_19
                0x0000401a       0x4c C:\Data\infotek\svn\2012\gat\Projects\Atmega\code\Atmelstudio\Libraries\ArduinoCore\Release\libArduinoCore.a(HardwareSerial0.o)
                0x0000401a                __vector_19
 .text._Z17Serial0_availablev
                0x00004066       0x14 C:\Data\infotek\svn\2012\gat\Projects\Atmega\code\Atmelstudio\Libraries\ArduinoCore\Release\libArduinoCore.a(HardwareSerial0.o)
                0x00004066                _Z17Serial0_availablev
 .text.startup._GLOBAL__sub_I___vector_18
                0x0000407a       0x5a C:\Data\infotek\svn\2012\gat\Projects\Atmega\code\Atmelstudio\Libraries\ArduinoCore\Release\libArduinoCore.a(HardwareSerial0.o)
 .text.initVariant
                0x000040d4        0x2 C:\Data\infotek\svn\2012\gat\Projects\Atmega\code\Atmelstudio\Libraries\ArduinoCore\Release\libArduinoCore.a(main.o)
                0x000040d4                initVariant
 .text.startup.main
                0x000040d6       0x1e C:\Data\infotek\svn\2012\gat\Projects\Atmega\code\Atmelstudio\Libraries\ArduinoCore\Release\libArduinoCore.a(main.o)
                0x000040d6                main
 .text._ZN5Print5writeEPKhj
                0x000040f4       0x56 C:\Data\infotek\svn\2012\gat\Projects\Atmega\code\Atmelstudio\Libraries\ArduinoCore\Release\libArduinoCore.a(Print.o)
                0x000040f4                _ZN5Print5writeEPKhj
 .text._ZN5Print5writeEPKc
                0x0000414a       0x2a C:\Data\infotek\svn\2012\gat\Projects\Atmega\code\Atmelstudio\Libraries\ArduinoCore\Release\libArduinoCore.a(Print.o)
                0x0000414a                _ZN5Print5writeEPKc
 .text._ZN5Print5printEPK19__FlashStringHelper
                0x00004174       0x48 C:\Data\infotek\svn\2012\gat\Projects\Atmega\code\Atmelstudio\Libraries\ArduinoCore\Release\libArduinoCore.a(Print.o)
                0x00004174                _ZN5Print5printEPK19__FlashStringHelper
 .text._ZN5Print5printEPKc
                0x000041bc        0x4 C:\Data\infotek\svn\2012\gat\Projects\Atmega\code\Atmelstudio\Libraries\ArduinoCore\Release\libArduinoCore.a(Print.o)
                0x000041bc                _ZN5Print5printEPKc
 .text._ZN5Print5printEc
                0x000041c0        0xe C:\Data\infotek\svn\2012\gat\Projects\Atmega\code\Atmelstudio\Libraries\ArduinoCore\Release\libArduinoCore.a(Print.o)
                0x000041c0                _ZN5Print5printEc
 .text._ZN5Print7printlnEv
                0x000041ce        0x8 C:\Data\infotek\svn\2012\gat\Projects\Atmega\code\Atmelstudio\Libraries\ArduinoCore\Release\libArduinoCore.a(Print.o)
                0x000041ce                _ZN5Print7printlnEv
 .text._ZN5Print7printlnEPK19__FlashStringHelper
                0x000041d6       0x24 C:\Data\infotek\svn\2012\gat\Projects\Atmega\code\Atmelstudio\Libraries\ArduinoCore\Release\libArduinoCore.a(Print.o)
                0x000041d6                _ZN5Print7printlnEPK19__FlashStringHelper
 .text._ZN5Print7printlnEPKc
                0x000041fa       0x24 C:\Data\infotek\svn\2012\gat\Projects\Atmega\code\Atmelstudio\Libraries\ArduinoCore\Release\libArduinoCore.a(Print.o)
                0x000041fa                _ZN5Print7printlnEPKc
 .text._ZN5Print11printNumberEmh
                0x0000421e       0xa8 C:\Data\infotek\svn\2012\gat\Projects\Atmega\code\Atmelstudio\Libraries\ArduinoCore\Release\libArduinoCore.a(Print.o)
                0x0000421e                _ZN5Print11printNumberEmh
 .text._ZN5Print5printEli
                0x000042c6       0x94 C:\Data\infotek\svn\2012\gat\Projects\Atmega\code\Atmelstudio\Libraries\ArduinoCore\Release\libArduinoCore.a(Print.o)
                0x000042c6                _ZN5Print5printEli
 .text._ZN5Print5printEii
                0x0000435a        0xe C:\Data\infotek\svn\2012\gat\Projects\Atmega\code\Atmelstudio\Libraries\ArduinoCore\Release\libArduinoCore.a(Print.o)
                0x0000435a                _ZN5Print5printEii
 .text._ZN5Print7printlnEii
                0x00004368       0x2e C:\Data\infotek\svn\2012\gat\Projects\Atmega\code\Atmelstudio\Libraries\ArduinoCore\Release\libArduinoCore.a(Print.o)
                0x00004368                _ZN5Print7printlnEii
 .text._ZN5Print5printEmi
                0x00004396       0x1a C:\Data\infotek\svn\2012\gat\Projects\Atmega\code\Atmelstudio\Libraries\ArduinoCore\Release\libArduinoCore.a(Print.o)
                0x00004396                _ZN5Print5printEmi
 .text._ZN5Print7printlnEhi
                0x000043b0       0x2e C:\Data\infotek\svn\2012\gat\Projects\Atmega\code\Atmelstudio\Libraries\ArduinoCore\Release\libArduinoCore.a(Print.o)
                0x000043b0                _ZN5Print7printlnEhi
 .text._ZN5Print10printFloatEdh
                0x000043de      0x1c4 C:\Data\infotek\svn\2012\gat\Projects\Atmega\code\Atmelstudio\Libraries\ArduinoCore\Release\libArduinoCore.a(Print.o)
                0x000043de                _ZN5Print10printFloatEdh
 .text._ZN5Print7printlnEdi
                0x000045a2       0x24 C:\Data\infotek\svn\2012\gat\Projects\Atmega\code\Atmelstudio\Libraries\ArduinoCore\Release\libArduinoCore.a(Print.o)
                0x000045a2                _ZN5Print7printlnEdi
 .text._ZN7TwoWire9availableEv
                0x000045c6       0x10 C:\Data\infotek\svn\2012\gat\Projects\Atmega\code\Atmelstudio\Libraries\ArduinoCore\Release\libArduinoCore.a(Wire.o)
                0x000045c6                _ZN7TwoWire9availableEv
 .text._ZN7TwoWire4readEv
                0x000045d6       0x28 C:\Data\infotek\svn\2012\gat\Projects\Atmega\code\Atmelstudio\Libraries\ArduinoCore\Release\libArduinoCore.a(Wire.o)
                0x000045d6                _ZN7TwoWire4readEv
 .text._ZN7TwoWire4peekEv
                0x000045fe       0x1e C:\Data\infotek\svn\2012\gat\Projects\Atmega\code\Atmelstudio\Libraries\ArduinoCore\Release\libArduinoCore.a(Wire.o)
                0x000045fe                _ZN7TwoWire4peekEv
 .text._ZN7TwoWire5flushEv
                0x0000461c        0x2 C:\Data\infotek\svn\2012\gat\Projects\Atmega\code\Atmelstudio\Libraries\ArduinoCore\Release\libArduinoCore.a(Wire.o)
                0x0000461c                _ZN7TwoWire5flushEv
 .text._ZN7TwoWire5writeEPKhj
                0x0000461e       0x60 C:\Data\infotek\svn\2012\gat\Projects\Atmega\code\Atmelstudio\Libraries\ArduinoCore\Release\libArduinoCore.a(Wire.o)
                0x0000461e                _ZN7TwoWire5writeEPKhj
 .text._ZN7TwoWire5writeEh
                0x0000467e       0x5e C:\Data\infotek\svn\2012\gat\Projects\Atmega\code\Atmelstudio\Libraries\ArduinoCore\Release\libArduinoCore.a(Wire.o)
                0x0000467e                _ZN7TwoWire5writeEh
 .text._ZN7TwoWireC2Ev
                0x000046dc       0x20 C:\Data\infotek\svn\2012\gat\Projects\Atmega\code\Atmelstudio\Libraries\ArduinoCore\Release\libArduinoCore.a(Wire.o)
                0x000046dc                _ZN7TwoWireC1Ev
                0x000046dc                _ZN7TwoWireC2Ev
 .text._ZN7TwoWire5beginEv
                0x000046fc       0x14 C:\Data\infotek\svn\2012\gat\Projects\Atmega\code\Atmelstudio\Libraries\ArduinoCore\Release\libArduinoCore.a(Wire.o)
                0x000046fc                _ZN7TwoWire5beginEv
 .text._ZN7TwoWire17beginTransmissionEh
                0x00004710       0x14 C:\Data\infotek\svn\2012\gat\Projects\Atmega\code\Atmelstudio\Libraries\ArduinoCore\Release\libArduinoCore.a(Wire.o)
                0x00004710                _ZN7TwoWire17beginTransmissionEh
 .text._ZN7TwoWire17beginTransmissionEi
                0x00004724        0x4 C:\Data\infotek\svn\2012\gat\Projects\Atmega\code\Atmelstudio\Libraries\ArduinoCore\Release\libArduinoCore.a(Wire.o)
                0x00004724                _ZN7TwoWire17beginTransmissionEi
 .text._ZN7TwoWire15endTransmissionEh
                0x00004728       0x26 C:\Data\infotek\svn\2012\gat\Projects\Atmega\code\Atmelstudio\Libraries\ArduinoCore\Release\libArduinoCore.a(Wire.o)
                0x00004728                _ZN7TwoWire15endTransmissionEh
 .text._ZN7TwoWire11requestFromEhhmhh
                0x0000474e       0xa8 C:\Data\infotek\svn\2012\gat\Projects\Atmega\code\Atmelstudio\Libraries\ArduinoCore\Release\libArduinoCore.a(Wire.o)
                0x0000474e                _ZN7TwoWire11requestFromEhhmhh
 .text._ZN7TwoWire11requestFromEhhh
                0x000047f6       0x20 C:\Data\infotek\svn\2012\gat\Projects\Atmega\code\Atmelstudio\Libraries\ArduinoCore\Release\libArduinoCore.a(Wire.o)
                0x000047f6                _ZN7TwoWire11requestFromEhhh
 .text._ZN7TwoWire11requestFromEii
                0x00004816        0x6 C:\Data\infotek\svn\2012\gat\Projects\Atmega\code\Atmelstudio\Libraries\ArduinoCore\Release\libArduinoCore.a(Wire.o)
                0x00004816                _ZN7TwoWire11requestFromEii
 .text._ZN7TwoWire15endTransmissionEv
                0x0000481c        0x6 C:\Data\infotek\svn\2012\gat\Projects\Atmega\code\Atmelstudio\Libraries\ArduinoCore\Release\libArduinoCore.a(Wire.o)
                0x0000481c                _ZN7TwoWire15endTransmissionEv
 .text.startup._GLOBAL__sub_I__ZN7TwoWire8rxBufferE
                0x00004822        0x8 C:\Data\infotek\svn\2012\gat\Projects\Atmega\code\Atmelstudio\Libraries\ArduinoCore\Release\libArduinoCore.a(Wire.o)
 .text.__vector_16
                0x0000482a       0x94 C:\Data\infotek\svn\2012\gat\Projects\Atmega\code\Atmelstudio\Libraries\ArduinoCore\Release\libArduinoCore.a(wiring.o)
                0x0000482a                __vector_16
 .text.millis   0x000048be       0x18 C:\Data\infotek\svn\2012\gat\Projects\Atmega\code\Atmelstudio\Libraries\ArduinoCore\Release\libArduinoCore.a(wiring.o)
                0x000048be                millis
 .text.micros   0x000048d6       0x4a C:\Data\infotek\svn\2012\gat\Projects\Atmega\code\Atmelstudio\Libraries\ArduinoCore\Release\libArduinoCore.a(wiring.o)
                0x000048d6                micros
 .text.delay    0x00004920       0x78 C:\Data\infotek\svn\2012\gat\Projects\Atmega\code\Atmelstudio\Libraries\ArduinoCore\Release\libArduinoCore.a(wiring.o)
                0x00004920                delay
 .text.delayMicroseconds
                0x00004998       0x16 C:\Data\infotek\svn\2012\gat\Projects\Atmega\code\Atmelstudio\Libraries\ArduinoCore\Release\libArduinoCore.a(wiring.o)
                0x00004998                delayMicroseconds
 .text.init     0x000049ae       0x76 C:\Data\infotek\svn\2012\gat\Projects\Atmega\code\Atmelstudio\Libraries\ArduinoCore\Release\libArduinoCore.a(wiring.o)
                0x000049ae                init
 .text.turnOffPWM
                0x00004a24       0x52 C:\Data\infotek\svn\2012\gat\Projects\Atmega\code\Atmelstudio\Libraries\ArduinoCore\Release\libArduinoCore.a(wiring_digital.o)
 .text.pinMode  0x00004a76       0x78 C:\Data\infotek\svn\2012\gat\Projects\Atmega\code\Atmelstudio\Libraries\ArduinoCore\Release\libArduinoCore.a(wiring_digital.o)
                0x00004a76                pinMode
 .text.digitalWrite
                0x00004aee       0x60 C:\Data\infotek\svn\2012\gat\Projects\Atmega\code\Atmelstudio\Libraries\ArduinoCore\Release\libArduinoCore.a(wiring_digital.o)
                0x00004aee                digitalWrite
 .text.__empty  0x00004b4e        0x2 C:\Data\infotek\svn\2012\gat\Projects\Atmega\code\Atmelstudio\Libraries\ArduinoCore\Release\libArduinoCore.a(hooks.o)
                0x00004b4e                yield
 .text.twi_init
                0x00004b50       0x3c C:\Data\infotek\svn\2012\gat\Projects\Atmega\code\Atmelstudio\Libraries\ArduinoCore\Release\libArduinoCore.a(twi.o)
                0x00004b50                twi_init
 .text.twi_readFrom
                0x00004b8c       0x90 C:\Data\infotek\svn\2012\gat\Projects\Atmega\code\Atmelstudio\Libraries\ArduinoCore\Release\libArduinoCore.a(twi.o)
                0x00004b8c                twi_readFrom
 .text.twi_writeTo
                0x00004c1c       0xac C:\Data\infotek\svn\2012\gat\Projects\Atmega\code\Atmelstudio\Libraries\ArduinoCore\Release\libArduinoCore.a(twi.o)
                0x00004c1c                twi_writeTo
 .text.twi_transmit
                0x00004cc8       0x50 C:\Data\infotek\svn\2012\gat\Projects\Atmega\code\Atmelstudio\Libraries\ArduinoCore\Release\libArduinoCore.a(twi.o)
                0x00004cc8                twi_transmit
 .text.twi_stop
                0x00004d18       0x14 C:\Data\infotek\svn\2012\gat\Projects\Atmega\code\Atmelstudio\Libraries\ArduinoCore\Release\libArduinoCore.a(twi.o)
                0x00004d18                twi_stop
 .text.twi_releaseBus
                0x00004d2c        0xc C:\Data\infotek\svn\2012\gat\Projects\Atmega\code\Atmelstudio\Libraries\ArduinoCore\Release\libArduinoCore.a(twi.o)
                0x00004d2c                twi_releaseBus
 .text.__vector_24
                0x00004d38      0x25a C:\Data\infotek\svn\2012\gat\Projects\Atmega\code\Atmelstudio\Libraries\ArduinoCore\Release\libArduinoCore.a(twi.o)
                0x00004d38                __vector_24
 .text.avr-libc.fplib
                0x00004f92       0x5e c:/program files (x86)/atmel/studio/7.0/toolchain/avr8/avr8-gnu-toolchain/bin/../lib/gcc/avr/4.9.2/../../../../avr/lib/avr5\libm.a(fixunssfsi.o)
                0x00004f92                __fixunssfsi
 .text.avr-libc.fplib
                0x00004ff0        0xa c:/program files (x86)/atmel/studio/7.0/toolchain/avr8/avr8-gnu-toolchain/bin/../lib/gcc/avr/4.9.2/../../../../avr/lib/avr5\libm.a(unordsf2.o)
                0x00004ff0                __unordsf2
 .text.libgcc.div
                0x00004ffa       0x28 c:/program files (x86)/atmel/studio/7.0/toolchain/avr8/avr8-gnu-toolchain/bin/../lib/gcc/avr/4.9.2/avr5\libgcc.a(_divmodhi4.o)
                0x00004ffa                _div
                0x00004ffa                __divmodhi4
 .text.libgcc.div
                0x00005022       0x44 c:/program files (x86)/atmel/studio/7.0/toolchain/avr8/avr8-gnu-toolchain/bin/../lib/gcc/avr/4.9.2/avr5\libgcc.a(_udivmodsi4.o)
                0x00005022                __udivmodsi4
 .text.libgcc.div
                0x00005066       0x28 c:/program files (x86)/atmel/studio/7.0/toolchain/avr8/avr8-gnu-toolchain/bin/../lib/gcc/avr/4.9.2/avr5\libgcc.a(_udivmodhi4.o)
                0x00005066                __udivmodhi4
 .text.libgcc   0x0000508e        0xc c:/program files (x86)/atmel/studio/7.0/toolchain/avr8/avr8-gnu-toolchain/bin/../lib/gcc/avr/4.9.2/avr5\libgcc.a(_tablejump2.o)
                0x0000508e                __tablejump2__
 .text.avr-libc
                0x0000509a       0x10 C:/Program Files (x86)/Atmel/Studio/7.0/Packs/atmel/ATmega_DFP/1.1.130/gcc/dev/atmega328p/avr5\libatmega328p.a(eerd_byte.o)
                0x0000509a                eeprom_read_byte
 .text.avr-libc
                0x000050aa       0x1c C:/Program Files (x86)/Atmel/Studio/7.0/Packs/atmel/ATmega_DFP/1.1.130/gcc/dev/atmega328p/avr5\libatmega328p.a(eewr_byte.o)
                0x000050aa                eeprom_write_byte
                0x000050ac                eeprom_write_r18
                0x000050c6                . = ALIGN (0x2)
 *(.fini9)
 .fini9         0x000050c6        0x0 c:/program files (x86)/atmel/studio/7.0/toolchain/avr8/avr8-gnu-toolchain/bin/../lib/gcc/avr/4.9.2/avr5\libgcc.a(_exit.o)
                0x000050c6                _exit
                0x000050c6                exit
 *(.fini9)
 *(.fini8)
 *(.fini8)
 *(.fini7)
 *(.fini7)
 *(.fini6)
 *(.fini6)
 *(.fini5)
 *(.fini5)
 *(.fini4)
 *(.fini4)
 *(.fini3)
 *(.fini3)
 *(.fini2)
 *(.fini2)
 *(.fini1)
 *(.fini1)
 *(.fini0)
 .fini0         0x000050c6        0x4 c:/program files (x86)/atmel/studio/7.0/toolchain/avr8/avr8-gnu-toolchain/bin/../lib/gcc/avr/4.9.2/avr5\libgcc.a(_exit.o)
 *(.fini0)
                0x000050ca                _etext = .

.data           0x00800100       0x32 load address 0x000050ca
                0x00800100                PROVIDE (__data_start, .)
 *(.data)
 *(.data*)
 *(.rodata)
 *(.rodata*)
 .rodata.str1.1
                0x00800100        0x2 AL-Setup.o
 .rodata._ZTV14HardwareSerial
                0x00800102       0x10 C:\Data\infotek\svn\2012\gat\Projects\Atmega\code\Atmelstudio\Libraries\ArduinoCore\Release\libArduinoCore.a(HardwareSerial.o)
                0x00800102                _ZTV14HardwareSerial
 .rodata.str1.1
                0x00800112        0xf C:\Data\infotek\svn\2012\gat\Projects\Atmega\code\Atmelstudio\Libraries\ArduinoCore\Release\libArduinoCore.a(Print.o)
 .rodata._ZTV7TwoWire
                0x00800121       0x10 C:\Data\infotek\svn\2012\gat\Projects\Atmega\code\Atmelstudio\Libraries\ArduinoCore\Release\libArduinoCore.a(Wire.o)
                0x00800121                _ZTV7TwoWire
 *(.gnu.linkonce.d*)
                0x00800132                . = ALIGN (0x2)
 *fill*         0x00800131        0x1 
                0x00800132                _edata = .
                0x00800132                PROVIDE (__data_end, .)

.bss            0x00800132      0x1cd
                0x00800132                PROVIDE (__bss_start, .)
 *(.bss)
 *(.bss*)
 .bss.gyro_yaw_cal
                0x00800132        0x4 AL-Setup.o
                0x00800132                gyro_yaw_cal
 .bss.gyro_pitch_cal
                0x00800136        0x4 AL-Setup.o
                0x00800136                gyro_pitch_cal
 .bss.gyro_roll_cal
                0x0080013a        0x4 AL-Setup.o
                0x0080013a                gyro_roll_cal
 .bss.gyro_yaw  0x0080013e        0x4 AL-Setup.o
                0x0080013e                gyro_yaw
 .bss.gyro_roll
                0x00800142        0x4 AL-Setup.o
                0x00800142                gyro_roll
 .bss.gyro_pitch
                0x00800146        0x4 AL-Setup.o
                0x00800146                gyro_pitch
 .bss.current_time
                0x0080014a        0x4 AL-Setup.o
                0x0080014a                current_time
 .bss.timer_4   0x0080014e        0x4 AL-Setup.o
                0x0080014e                timer_4
 .bss.timer_3   0x00800152        0x4 AL-Setup.o
                0x00800152                timer_3
 .bss.timer_2   0x00800156        0x4 AL-Setup.o
                0x00800156                timer_2
 .bss.timer_1   0x0080015a        0x4 AL-Setup.o
                0x0080015a                timer_1
 .bss.timer     0x0080015e        0x4 AL-Setup.o
                0x0080015e                timer
 .bss.cal_int   0x00800162        0x2 AL-Setup.o
                0x00800162                cal_int
 .bss.address   0x00800164        0x2 AL-Setup.o
                0x00800164                address
 .bss.low_channel_4
                0x00800166        0x2 AL-Setup.o
                0x00800166                low_channel_4
 .bss.low_channel_3
                0x00800168        0x2 AL-Setup.o
                0x00800168                low_channel_3
 .bss.low_channel_2
                0x0080016a        0x2 AL-Setup.o
                0x0080016a                low_channel_2
 .bss.low_channel_1
                0x0080016c        0x2 AL-Setup.o
                0x0080016c                low_channel_1
 .bss.high_channel_4
                0x0080016e        0x2 AL-Setup.o
                0x0080016e                high_channel_4
 .bss.high_channel_3
                0x00800170        0x2 AL-Setup.o
                0x00800170                high_channel_3
 .bss.high_channel_2
                0x00800172        0x2 AL-Setup.o
                0x00800172                high_channel_2
 .bss.high_channel_1
                0x00800174        0x2 AL-Setup.o
                0x00800174                high_channel_1
 .bss.center_channel_4
                0x00800176        0x2 AL-Setup.o
                0x00800176                center_channel_4
 .bss.center_channel_3
                0x00800178        0x2 AL-Setup.o
                0x00800178                center_channel_3
 .bss.center_channel_2
                0x0080017a        0x2 AL-Setup.o
                0x0080017a                center_channel_2
 .bss.center_channel_1
                0x0080017c        0x2 AL-Setup.o
                0x0080017c                center_channel_1
 .bss.receiver_input_channel_4
                0x0080017e        0x2 AL-Setup.o
                0x0080017e                receiver_input_channel_4
 .bss.receiver_input_channel_3
                0x00800180        0x2 AL-Setup.o
                0x00800180                receiver_input_channel_3
 .bss.receiver_input_channel_2
                0x00800182        0x2 AL-Setup.o
                0x00800182                receiver_input_channel_2
 .bss.receiver_input_channel_1
                0x00800184        0x2 AL-Setup.o
                0x00800184                receiver_input_channel_1
 .bss.gyro_check_byte
                0x00800186        0x1 AL-Setup.o
                0x00800186                gyro_check_byte
 .bss.receiver_check_byte
                0x00800187        0x1 AL-Setup.o
                0x00800187                receiver_check_byte
 .bss.yaw_axis  0x00800188        0x1 AL-Setup.o
                0x00800188                yaw_axis
 .bss.pitch_axis
                0x00800189        0x1 AL-Setup.o
                0x00800189                pitch_axis
 .bss.roll_axis
                0x0080018a        0x1 AL-Setup.o
                0x0080018a                roll_axis
 .bss.channel_4_assign
                0x0080018b        0x1 AL-Setup.o
                0x0080018b                channel_4_assign
 .bss.channel_3_assign
                0x0080018c        0x1 AL-Setup.o
                0x0080018c                channel_3_assign
 .bss.channel_2_assign
                0x0080018d        0x1 AL-Setup.o
                0x0080018d                channel_2_assign
 .bss.channel_1_assign
                0x0080018e        0x1 AL-Setup.o
                0x0080018e                channel_1_assign
 .bss.clockspeed_ok
                0x0080018f        0x1 AL-Setup.o
                0x0080018f                clockspeed_ok
 .bss.error     0x00800190        0x1 AL-Setup.o
                0x00800190                error
 .bss.gyro_address
                0x00800191        0x1 AL-Setup.o
                0x00800191                gyro_address
 .bss.type      0x00800192        0x1 AL-Setup.o
                0x00800192                type
 .bss.highByte  0x00800193        0x1 AL-Setup.o
                0x00800193                highByte
 .bss.lowByte   0x00800194        0x1 AL-Setup.o
                0x00800194                lowByte
 .bss.last_channel_4
                0x00800195        0x1 AL-Setup.o
                0x00800195                last_channel_4
 .bss.last_channel_3
                0x00800196        0x1 AL-Setup.o
                0x00800196                last_channel_3
 .bss.last_channel_2
                0x00800197        0x1 AL-Setup.o
                0x00800197                last_channel_2
 .bss.last_channel_1
                0x00800198        0x1 AL-Setup.o
                0x00800198                last_channel_1
 .bss.Serial    0x00800199       0x9d C:\Data\infotek\svn\2012\gat\Projects\Atmega\code\Atmelstudio\Libraries\ArduinoCore\Release\libArduinoCore.a(HardwareSerial0.o)
                0x00800199                Serial
 .bss.Wire      0x00800236        0xc C:\Data\infotek\svn\2012\gat\Projects\Atmega\code\Atmelstudio\Libraries\ArduinoCore\Release\libArduinoCore.a(Wire.o)
                0x00800236                Wire
 .bss._ZN7TwoWire12transmittingE
                0x00800242        0x1 C:\Data\infotek\svn\2012\gat\Projects\Atmega\code\Atmelstudio\Libraries\ArduinoCore\Release\libArduinoCore.a(Wire.o)
                0x00800242                _ZN7TwoWire12transmittingE
 .bss._ZN7TwoWire14txBufferLengthE
                0x00800243        0x1 C:\Data\infotek\svn\2012\gat\Projects\Atmega\code\Atmelstudio\Libraries\ArduinoCore\Release\libArduinoCore.a(Wire.o)
                0x00800243                _ZN7TwoWire14txBufferLengthE
 .bss._ZN7TwoWire13txBufferIndexE
                0x00800244        0x1 C:\Data\infotek\svn\2012\gat\Projects\Atmega\code\Atmelstudio\Libraries\ArduinoCore\Release\libArduinoCore.a(Wire.o)
                0x00800244                _ZN7TwoWire13txBufferIndexE
 .bss._ZN7TwoWire8txBufferE
                0x00800245       0x20 C:\Data\infotek\svn\2012\gat\Projects\Atmega\code\Atmelstudio\Libraries\ArduinoCore\Release\libArduinoCore.a(Wire.o)
                0x00800245                _ZN7TwoWire8txBufferE
 .bss._ZN7TwoWire9txAddressE
                0x00800265        0x1 C:\Data\infotek\svn\2012\gat\Projects\Atmega\code\Atmelstudio\Libraries\ArduinoCore\Release\libArduinoCore.a(Wire.o)
                0x00800265                _ZN7TwoWire9txAddressE
 .bss._ZN7TwoWire14rxBufferLengthE
                0x00800266        0x1 C:\Data\infotek\svn\2012\gat\Projects\Atmega\code\Atmelstudio\Libraries\ArduinoCore\Release\libArduinoCore.a(Wire.o)
                0x00800266                _ZN7TwoWire14rxBufferLengthE
 .bss._ZN7TwoWire13rxBufferIndexE
                0x00800267        0x1 C:\Data\infotek\svn\2012\gat\Projects\Atmega\code\Atmelstudio\Libraries\ArduinoCore\Release\libArduinoCore.a(Wire.o)
                0x00800267                _ZN7TwoWire13rxBufferIndexE
 .bss._ZN7TwoWire8rxBufferE
                0x00800268       0x20 C:\Data\infotek\svn\2012\gat\Projects\Atmega\code\Atmelstudio\Libraries\ArduinoCore\Release\libArduinoCore.a(Wire.o)
                0x00800268                _ZN7TwoWire8rxBufferE
 .bss.timer0_fract
                0x00800288        0x1 C:\Data\infotek\svn\2012\gat\Projects\Atmega\code\Atmelstudio\Libraries\ArduinoCore\Release\libArduinoCore.a(wiring.o)
 .bss.timer0_millis
                0x00800289        0x4 C:\Data\infotek\svn\2012\gat\Projects\Atmega\code\Atmelstudio\Libraries\ArduinoCore\Release\libArduinoCore.a(wiring.o)
                0x00800289                timer0_millis
 .bss.timer0_overflow_count
                0x0080028d        0x4 C:\Data\infotek\svn\2012\gat\Projects\Atmega\code\Atmelstudio\Libraries\ArduinoCore\Release\libArduinoCore.a(wiring.o)
                0x0080028d                timer0_overflow_count
 .bss.twi_error
                0x00800291        0x1 C:\Data\infotek\svn\2012\gat\Projects\Atmega\code\Atmelstudio\Libraries\ArduinoCore\Release\libArduinoCore.a(twi.o)
 .bss.twi_rxBufferIndex
                0x00800292        0x1 C:\Data\infotek\svn\2012\gat\Projects\Atmega\code\Atmelstudio\Libraries\ArduinoCore\Release\libArduinoCore.a(twi.o)
 .bss.twi_rxBuffer
                0x00800293       0x20 C:\Data\infotek\svn\2012\gat\Projects\Atmega\code\Atmelstudio\Libraries\ArduinoCore\Release\libArduinoCore.a(twi.o)
 .bss.twi_txBufferLength
                0x008002b3        0x1 C:\Data\infotek\svn\2012\gat\Projects\Atmega\code\Atmelstudio\Libraries\ArduinoCore\Release\libArduinoCore.a(twi.o)
 .bss.twi_txBufferIndex
                0x008002b4        0x1 C:\Data\infotek\svn\2012\gat\Projects\Atmega\code\Atmelstudio\Libraries\ArduinoCore\Release\libArduinoCore.a(twi.o)
 .bss.twi_txBuffer
                0x008002b5       0x20 C:\Data\infotek\svn\2012\gat\Projects\Atmega\code\Atmelstudio\Libraries\ArduinoCore\Release\libArduinoCore.a(twi.o)
 .bss.twi_masterBufferLength
                0x008002d5        0x1 C:\Data\infotek\svn\2012\gat\Projects\Atmega\code\Atmelstudio\Libraries\ArduinoCore\Release\libArduinoCore.a(twi.o)
 .bss.twi_masterBufferIndex
                0x008002d6        0x1 C:\Data\infotek\svn\2012\gat\Projects\Atmega\code\Atmelstudio\Libraries\ArduinoCore\Release\libArduinoCore.a(twi.o)
 .bss.twi_masterBuffer
                0x008002d7       0x20 C:\Data\infotek\svn\2012\gat\Projects\Atmega\code\Atmelstudio\Libraries\ArduinoCore\Release\libArduinoCore.a(twi.o)
 .bss.twi_onSlaveReceive
                0x008002f7        0x2 C:\Data\infotek\svn\2012\gat\Projects\Atmega\code\Atmelstudio\Libraries\ArduinoCore\Release\libArduinoCore.a(twi.o)
 .bss.twi_onSlaveTransmit
                0x008002f9        0x2 C:\Data\infotek\svn\2012\gat\Projects\Atmega\code\Atmelstudio\Libraries\ArduinoCore\Release\libArduinoCore.a(twi.o)
 .bss.twi_inRepStart
                0x008002fb        0x1 C:\Data\infotek\svn\2012\gat\Projects\Atmega\code\Atmelstudio\Libraries\ArduinoCore\Release\libArduinoCore.a(twi.o)
 .bss.twi_sendStop
                0x008002fc        0x1 C:\Data\infotek\svn\2012\gat\Projects\Atmega\code\Atmelstudio\Libraries\ArduinoCore\Release\libArduinoCore.a(twi.o)
 .bss.twi_slarw
                0x008002fd        0x1 C:\Data\infotek\svn\2012\gat\Projects\Atmega\code\Atmelstudio\Libraries\ArduinoCore\Release\libArduinoCore.a(twi.o)
 .bss.twi_state
                0x008002fe        0x1 C:\Data\infotek\svn\2012\gat\Projects\Atmega\code\Atmelstudio\Libraries\ArduinoCore\Release\libArduinoCore.a(twi.o)
 *(COMMON)
                0x008002ff                PROVIDE (__bss_end, .)
                0x000050ca                __data_load_start = LOADADDR (.data)
                0x000050fc                __data_load_end = (__data_load_start + SIZEOF (.data))

.noinit         0x008002ff        0x0
                [!provide]                PROVIDE (__noinit_start, .)
 *(.noinit*)
                [!provide]                PROVIDE (__noinit_end, .)
                0x008002ff                _end = .
                [!provide]                PROVIDE (__heap_start, .)

.eeprom         0x00810000        0x0
 *(.eeprom*)
                0x00810000                __eeprom_end = .

.fuse
 *(.fuse)
 *(.lfuse)
 *(.hfuse)
 *(.efuse)

.lock
 *(.lock*)

.signature
 *(.signature*)

.user_signatures
 *(.user_signatures*)

.stab
 *(.stab)

.stabstr
 *(.stabstr)

.stab.excl
 *(.stab.excl)

.stab.exclstr
 *(.stab.exclstr)

.stab.index
 *(.stab.index)

.stab.indexstr
 *(.stab.indexstr)

.comment        0x00000000       0x30
 *(.comment)
 .comment       0x00000000       0x30 AL-Setup.o
                                 0x31 (size before relaxing)
 .comment       0x00000030       0x31 C:\Data\infotek\svn\2012\gat\Projects\Atmega\code\Atmelstudio\Libraries\ArduinoCore\Release\libArduinoCore.a(HardwareSerial.o)
 .comment       0x00000030       0x31 C:\Data\infotek\svn\2012\gat\Projects\Atmega\code\Atmelstudio\Libraries\ArduinoCore\Release\libArduinoCore.a(HardwareSerial0.o)
 .comment       0x00000030       0x31 C:\Data\infotek\svn\2012\gat\Projects\Atmega\code\Atmelstudio\Libraries\ArduinoCore\Release\libArduinoCore.a(main.o)
 .comment       0x00000030       0x31 C:\Data\infotek\svn\2012\gat\Projects\Atmega\code\Atmelstudio\Libraries\ArduinoCore\Release\libArduinoCore.a(Print.o)
 .comment       0x00000030       0x31 C:\Data\infotek\svn\2012\gat\Projects\Atmega\code\Atmelstudio\Libraries\ArduinoCore\Release\libArduinoCore.a(Wire.o)
 .comment       0x00000030       0x31 C:\Data\infotek\svn\2012\gat\Projects\Atmega\code\Atmelstudio\Libraries\ArduinoCore\Release\libArduinoCore.a(wiring.o)
 .comment       0x00000030       0x31 C:\Data\infotek\svn\2012\gat\Projects\Atmega\code\Atmelstudio\Libraries\ArduinoCore\Release\libArduinoCore.a(wiring_digital.o)
 .comment       0x00000030       0x31 C:\Data\infotek\svn\2012\gat\Projects\Atmega\code\Atmelstudio\Libraries\ArduinoCore\Release\libArduinoCore.a(hooks.o)
 .comment       0x00000030       0x31 C:\Data\infotek\svn\2012\gat\Projects\Atmega\code\Atmelstudio\Libraries\ArduinoCore\Release\libArduinoCore.a(twi.o)

.note.gnu.avr.deviceinfo
                0x00000000       0x40
 .note.gnu.avr.deviceinfo
                0x00000000       0x40 C:/Program Files (x86)/Atmel/Studio/7.0/Packs/atmel/ATmega_DFP/1.1.130/gcc/dev/atmega328p/avr5/crtatmega328p.o

.note.gnu.build-id
 *(.note.gnu.build-id)

.debug
 *(.debug)

.line
 *(.line)

.debug_srcinfo
 *(.debug_srcinfo)

.debug_sfnames
 *(.debug_sfnames)

.debug_aranges  0x00000000      0x4a8
 *(.debug_aranges)
 .debug_aranges
                0x00000000       0x98 AL-Setup.o
 .debug_aranges
                0x00000098       0x68 C:\Data\infotek\svn\2012\gat\Projects\Atmega\code\Atmelstudio\Libraries\ArduinoCore\Release\libArduinoCore.a(HardwareSerial.o)
 .debug_aranges
                0x00000100       0x38 C:\Data\infotek\svn\2012\gat\Projects\Atmega\code\Atmelstudio\Libraries\ArduinoCore\Release\libArduinoCore.a(HardwareSerial0.o)
 .debug_aranges
                0x00000138       0x38 C:\Data\infotek\svn\2012\gat\Projects\Atmega\code\Atmelstudio\Libraries\ArduinoCore\Release\libArduinoCore.a(main.o)
 .debug_aranges
                0x00000170       0xf0 C:\Data\infotek\svn\2012\gat\Projects\Atmega\code\Atmelstudio\Libraries\ArduinoCore\Release\libArduinoCore.a(Print.o)
 .debug_aranges
                0x00000260       0xe8 C:\Data\infotek\svn\2012\gat\Projects\Atmega\code\Atmelstudio\Libraries\ArduinoCore\Release\libArduinoCore.a(Wire.o)
 .debug_aranges
                0x00000348       0x48 C:\Data\infotek\svn\2012\gat\Projects\Atmega\code\Atmelstudio\Libraries\ArduinoCore\Release\libArduinoCore.a(wiring.o)
 .debug_aranges
                0x00000390       0x38 C:\Data\infotek\svn\2012\gat\Projects\Atmega\code\Atmelstudio\Libraries\ArduinoCore\Release\libArduinoCore.a(wiring_digital.o)
 .debug_aranges
                0x000003c8       0x20 C:\Data\infotek\svn\2012\gat\Projects\Atmega\code\Atmelstudio\Libraries\ArduinoCore\Release\libArduinoCore.a(hooks.o)
 .debug_aranges
                0x000003e8       0x80 C:\Data\infotek\svn\2012\gat\Projects\Atmega\code\Atmelstudio\Libraries\ArduinoCore\Release\libArduinoCore.a(twi.o)
 .debug_aranges
                0x00000468       0x20 C:/Program Files (x86)/Atmel/Studio/7.0/Packs/atmel/ATmega_DFP/1.1.130/gcc/dev/atmega328p/avr5\libatmega328p.a(eerd_byte.o)
 .debug_aranges
                0x00000488       0x20 C:/Program Files (x86)/Atmel/Studio/7.0/Packs/atmel/ATmega_DFP/1.1.130/gcc/dev/atmega328p/avr5\libatmega328p.a(eewr_byte.o)

.debug_pubnames
 *(.debug_pubnames)

.debug_info     0x00000000     0xdae8
 *(.debug_info .gnu.linkonce.wi.*)
 .debug_info    0x00000000      0x5f4 C:/Program Files (x86)/Atmel/Studio/7.0/Packs/atmel/ATmega_DFP/1.1.130/gcc/dev/atmega328p/avr5/crtatmega328p.o
 .debug_info    0x000005f4     0x38aa AL-Setup.o
 .debug_info    0x00003e9e     0x1e51 C:\Data\infotek\svn\2012\gat\Projects\Atmega\code\Atmelstudio\Libraries\ArduinoCore\Release\libArduinoCore.a(HardwareSerial.o)
 .debug_info    0x00005cef     0x1a4a C:\Data\infotek\svn\2012\gat\Projects\Atmega\code\Atmelstudio\Libraries\ArduinoCore\Release\libArduinoCore.a(HardwareSerial0.o)
 .debug_info    0x00007739      0x231 C:\Data\infotek\svn\2012\gat\Projects\Atmega\code\Atmelstudio\Libraries\ArduinoCore\Release\libArduinoCore.a(main.o)
 .debug_info    0x0000796a     0x29db C:\Data\infotek\svn\2012\gat\Projects\Atmega\code\Atmelstudio\Libraries\ArduinoCore\Release\libArduinoCore.a(Print.o)
 .debug_info    0x0000a345     0x2743 C:\Data\infotek\svn\2012\gat\Projects\Atmega\code\Atmelstudio\Libraries\ArduinoCore\Release\libArduinoCore.a(Wire.o)
 .debug_info    0x0000ca88      0x2c8 C:\Data\infotek\svn\2012\gat\Projects\Atmega\code\Atmelstudio\Libraries\ArduinoCore\Release\libArduinoCore.a(wiring.o)
 .debug_info    0x0000cd50      0x5f9 C:\Data\infotek\svn\2012\gat\Projects\Atmega\code\Atmelstudio\Libraries\ArduinoCore\Release\libArduinoCore.a(wiring_digital.o)
 .debug_info    0x0000d349       0x3e C:\Data\infotek\svn\2012\gat\Projects\Atmega\code\Atmelstudio\Libraries\ArduinoCore\Release\libArduinoCore.a(hooks.o)
 .debug_info    0x0000d387      0x609 C:\Data\infotek\svn\2012\gat\Projects\Atmega\code\Atmelstudio\Libraries\ArduinoCore\Release\libArduinoCore.a(twi.o)
 .debug_info    0x0000d990       0xac C:/Program Files (x86)/Atmel/Studio/7.0/Packs/atmel/ATmega_DFP/1.1.130/gcc/dev/atmega328p/avr5\libatmega328p.a(eerd_byte.o)
 .debug_info    0x0000da3c       0xac C:/Program Files (x86)/Atmel/Studio/7.0/Packs/atmel/ATmega_DFP/1.1.130/gcc/dev/atmega328p/avr5\libatmega328p.a(eewr_byte.o)

.debug_abbrev   0x00000000     0x22b2
 *(.debug_abbrev)
 .debug_abbrev  0x00000000      0x5a2 C:/Program Files (x86)/Atmel/Studio/7.0/Packs/atmel/ATmega_DFP/1.1.130/gcc/dev/atmega328p/avr5/crtatmega328p.o
 .debug_abbrev  0x000005a2      0x440 AL-Setup.o
 .debug_abbrev  0x000009e2      0x478 C:\Data\infotek\svn\2012\gat\Projects\Atmega\code\Atmelstudio\Libraries\ArduinoCore\Release\libArduinoCore.a(HardwareSerial.o)
 .debug_abbrev  0x00000e5a      0x3b1 C:\Data\infotek\svn\2012\gat\Projects\Atmega\code\Atmelstudio\Libraries\ArduinoCore\Release\libArduinoCore.a(HardwareSerial0.o)
 .debug_abbrev  0x0000120b      0x109 C:\Data\infotek\svn\2012\gat\Projects\Atmega\code\Atmelstudio\Libraries\ArduinoCore\Release\libArduinoCore.a(main.o)
 .debug_abbrev  0x00001314      0x487 C:\Data\infotek\svn\2012\gat\Projects\Atmega\code\Atmelstudio\Libraries\ArduinoCore\Release\libArduinoCore.a(Print.o)
 .debug_abbrev  0x0000179b      0x5c6 C:\Data\infotek\svn\2012\gat\Projects\Atmega\code\Atmelstudio\Libraries\ArduinoCore\Release\libArduinoCore.a(Wire.o)
 .debug_abbrev  0x00001d61      0x145 C:\Data\infotek\svn\2012\gat\Projects\Atmega\code\Atmelstudio\Libraries\ArduinoCore\Release\libArduinoCore.a(wiring.o)
 .debug_abbrev  0x00001ea6      0x15b C:\Data\infotek\svn\2012\gat\Projects\Atmega\code\Atmelstudio\Libraries\ArduinoCore\Release\libArduinoCore.a(wiring_digital.o)
 .debug_abbrev  0x00002001       0x2a C:\Data\infotek\svn\2012\gat\Projects\Atmega\code\Atmelstudio\Libraries\ArduinoCore\Release\libArduinoCore.a(hooks.o)
 .debug_abbrev  0x0000202b      0x25f C:\Data\infotek\svn\2012\gat\Projects\Atmega\code\Atmelstudio\Libraries\ArduinoCore\Release\libArduinoCore.a(twi.o)
 .debug_abbrev  0x0000228a       0x14 C:/Program Files (x86)/Atmel/Studio/7.0/Packs/atmel/ATmega_DFP/1.1.130/gcc/dev/atmega328p/avr5\libatmega328p.a(eerd_byte.o)
 .debug_abbrev  0x0000229e       0x14 C:/Program Files (x86)/Atmel/Studio/7.0/Packs/atmel/ATmega_DFP/1.1.130/gcc/dev/atmega328p/avr5\libatmega328p.a(eewr_byte.o)

.debug_line     0x00000000     0x38be
 *(.debug_line .debug_line.* .debug_line_end)
 .debug_line    0x00000000      0x133 C:/Program Files (x86)/Atmel/Studio/7.0/Packs/atmel/ATmega_DFP/1.1.130/gcc/dev/atmega328p/avr5/crtatmega328p.o
 .debug_line    0x00000133     0x16d6 AL-Setup.o
 .debug_line    0x00001809      0x477 C:\Data\infotek\svn\2012\gat\Projects\Atmega\code\Atmelstudio\Libraries\ArduinoCore\Release\libArduinoCore.a(HardwareSerial.o)
 .debug_line    0x00001c80      0x2a8 C:\Data\infotek\svn\2012\gat\Projects\Atmega\code\Atmelstudio\Libraries\ArduinoCore\Release\libArduinoCore.a(HardwareSerial0.o)
 .debug_line    0x00001f28      0x1c6 C:\Data\infotek\svn\2012\gat\Projects\Atmega\code\Atmelstudio\Libraries\ArduinoCore\Release\libArduinoCore.a(main.o)
 .debug_line    0x000020ee      0x68d C:\Data\infotek\svn\2012\gat\Projects\Atmega\code\Atmelstudio\Libraries\ArduinoCore\Release\libArduinoCore.a(Print.o)
 .debug_line    0x0000277b      0x529 C:\Data\infotek\svn\2012\gat\Projects\Atmega\code\Atmelstudio\Libraries\ArduinoCore\Release\libArduinoCore.a(Wire.o)
 .debug_line    0x00002ca4      0x2ea C:\Data\infotek\svn\2012\gat\Projects\Atmega\code\Atmelstudio\Libraries\ArduinoCore\Release\libArduinoCore.a(wiring.o)
 .debug_line    0x00002f8e      0x2a3 C:\Data\infotek\svn\2012\gat\Projects\Atmega\code\Atmelstudio\Libraries\ArduinoCore\Release\libArduinoCore.a(wiring_digital.o)
 .debug_line    0x00003231       0x41 C:\Data\infotek\svn\2012\gat\Projects\Atmega\code\Atmelstudio\Libraries\ArduinoCore\Release\libArduinoCore.a(hooks.o)
 .debug_line    0x00003272      0x534 C:\Data\infotek\svn\2012\gat\Projects\Atmega\code\Atmelstudio\Libraries\ArduinoCore\Release\libArduinoCore.a(twi.o)
 .debug_line    0x000037a6       0x7a C:/Program Files (x86)/Atmel/Studio/7.0/Packs/atmel/ATmega_DFP/1.1.130/gcc/dev/atmega328p/avr5\libatmega328p.a(eerd_byte.o)
 .debug_line    0x00003820       0x9e C:/Program Files (x86)/Atmel/Studio/7.0/Packs/atmel/ATmega_DFP/1.1.130/gcc/dev/atmega328p/avr5\libatmega328p.a(eewr_byte.o)

.debug_frame    0x00000000      0xd00
 *(.debug_frame)
 .debug_frame   0x00000000      0x250 AL-Setup.o
 .debug_frame   0x00000250      0x110 C:\Data\infotek\svn\2012\gat\Projects\Atmega\code\Atmelstudio\Libraries\ArduinoCore\Release\libArduinoCore.a(HardwareSerial.o)
 .debug_frame   0x00000360       0xc0 C:\Data\infotek\svn\2012\gat\Projects\Atmega\code\Atmelstudio\Libraries\ArduinoCore\Release\libArduinoCore.a(HardwareSerial0.o)
 .debug_frame   0x00000420       0x54 C:\Data\infotek\svn\2012\gat\Projects\Atmega\code\Atmelstudio\Libraries\ArduinoCore\Release\libArduinoCore.a(main.o)
 .debug_frame   0x00000474      0x39c C:\Data\infotek\svn\2012\gat\Projects\Atmega\code\Atmelstudio\Libraries\ArduinoCore\Release\libArduinoCore.a(Print.o)
 .debug_frame   0x00000810      0x258 C:\Data\infotek\svn\2012\gat\Projects\Atmega\code\Atmelstudio\Libraries\ArduinoCore\Release\libArduinoCore.a(Wire.o)
 .debug_frame   0x00000a68       0xc4 C:\Data\infotek\svn\2012\gat\Projects\Atmega\code\Atmelstudio\Libraries\ArduinoCore\Release\libArduinoCore.a(wiring.o)
 .debug_frame   0x00000b2c       0x7c C:\Data\infotek\svn\2012\gat\Projects\Atmega\code\Atmelstudio\Libraries\ArduinoCore\Release\libArduinoCore.a(wiring_digital.o)
 .debug_frame   0x00000ba8       0x24 C:\Data\infotek\svn\2012\gat\Projects\Atmega\code\Atmelstudio\Libraries\ArduinoCore\Release\libArduinoCore.a(hooks.o)
 .debug_frame   0x00000bcc      0x134 C:\Data\infotek\svn\2012\gat\Projects\Atmega\code\Atmelstudio\Libraries\ArduinoCore\Release\libArduinoCore.a(twi.o)

.debug_str      0x00000000     0x2a28
 *(.debug_str)
 .debug_str     0x00000000      0x208 C:/Program Files (x86)/Atmel/Studio/7.0/Packs/atmel/ATmega_DFP/1.1.130/gcc/dev/atmega328p/avr5/crtatmega328p.o
 .debug_str     0x00000208      0xc52 AL-Setup.o
                                0xd02 (size before relaxing)
 .debug_str     0x00000e5a     0x1032 C:\Data\infotek\svn\2012\gat\Projects\Atmega\code\Atmelstudio\Libraries\ArduinoCore\Release\libArduinoCore.a(HardwareSerial.o)
                               0x135a (size before relaxing)
 .debug_str     0x00001e8c       0x8b C:\Data\infotek\svn\2012\gat\Projects\Atmega\code\Atmelstudio\Libraries\ArduinoCore\Release\libArduinoCore.a(HardwareSerial0.o)
                               0x115a (size before relaxing)
 .debug_str     0x00001f17       0x43 C:\Data\infotek\svn\2012\gat\Projects\Atmega\code\Atmelstudio\Libraries\ArduinoCore\Release\libArduinoCore.a(main.o)
                                0x2c5 (size before relaxing)
 .debug_str     0x00001f5a      0x2e1 C:\Data\infotek\svn\2012\gat\Projects\Atmega\code\Atmelstudio\Libraries\ArduinoCore\Release\libArduinoCore.a(Print.o)
                                0xfb6 (size before relaxing)
 .debug_str     0x0000223b      0x499 C:\Data\infotek\svn\2012\gat\Projects\Atmega\code\Atmelstudio\Libraries\ArduinoCore\Release\libArduinoCore.a(Wire.o)
                               0x15ed (size before relaxing)
 .debug_str     0x000026d4      0x138 C:\Data\infotek\svn\2012\gat\Projects\Atmega\code\Atmelstudio\Libraries\ArduinoCore\Release\libArduinoCore.a(wiring.o)
                                0x24f (size before relaxing)
 .debug_str     0x0000280c       0xc1 C:\Data\infotek\svn\2012\gat\Projects\Atmega\code\Atmelstudio\Libraries\ArduinoCore\Release\libArduinoCore.a(wiring_digital.o)
                                0x2b4 (size before relaxing)
 .debug_str     0x000028cd       0x1c C:\Data\infotek\svn\2012\gat\Projects\Atmega\code\Atmelstudio\Libraries\ArduinoCore\Release\libArduinoCore.a(hooks.o)
                                0x144 (size before relaxing)
 .debug_str     0x000028e9      0x13f C:\Data\infotek\svn\2012\gat\Projects\Atmega\code\Atmelstudio\Libraries\ArduinoCore\Release\libArduinoCore.a(twi.o)
                                0x3bd (size before relaxing)

.debug_loc      0x00000000     0x44f0
 *(.debug_loc)
 .debug_loc     0x00000000      0x7fb AL-Setup.o
 .debug_loc     0x000007fb      0x497 C:\Data\infotek\svn\2012\gat\Projects\Atmega\code\Atmelstudio\Libraries\ArduinoCore\Release\libArduinoCore.a(HardwareSerial.o)
 .debug_loc     0x00000c92      0x161 C:\Data\infotek\svn\2012\gat\Projects\Atmega\code\Atmelstudio\Libraries\ArduinoCore\Release\libArduinoCore.a(HardwareSerial0.o)
 .debug_loc     0x00000df3     0x1ef6 C:\Data\infotek\svn\2012\gat\Projects\Atmega\code\Atmelstudio\Libraries\ArduinoCore\Release\libArduinoCore.a(Print.o)
 .debug_loc     0x00002ce9      0xb72 C:\Data\infotek\svn\2012\gat\Projects\Atmega\code\Atmelstudio\Libraries\ArduinoCore\Release\libArduinoCore.a(Wire.o)
 .debug_loc     0x0000385b      0x269 C:\Data\infotek\svn\2012\gat\Projects\Atmega\code\Atmelstudio\Libraries\ArduinoCore\Release\libArduinoCore.a(wiring.o)
 .debug_loc     0x00003ac4      0x5e3 C:\Data\infotek\svn\2012\gat\Projects\Atmega\code\Atmelstudio\Libraries\ArduinoCore\Release\libArduinoCore.a(wiring_digital.o)
 .debug_loc     0x000040a7      0x449 C:\Data\infotek\svn\2012\gat\Projects\Atmega\code\Atmelstudio\Libraries\ArduinoCore\Release\libArduinoCore.a(twi.o)

.debug_macinfo
 *(.debug_macinfo)

.debug_weaknames
 *(.debug_weaknames)

.debug_funcnames
 *(.debug_funcnames)

.debug_typenames
 *(.debug_typenames)

.debug_varnames
 *(.debug_varnames)

.debug_pubtypes
 *(.debug_pubtypes)

.debug_ranges   0x00000000      0x4a0
 *(.debug_ranges)
 .debug_ranges  0x00000000      0x100 AL-Setup.o
 .debug_ranges  0x00000100       0x70 C:\Data\infotek\svn\2012\gat\Projects\Atmega\code\Atmelstudio\Libraries\ArduinoCore\Release\libArduinoCore.a(HardwareSerial.o)
 .debug_ranges  0x00000170       0x28 C:\Data\infotek\svn\2012\gat\Projects\Atmega\code\Atmelstudio\Libraries\ArduinoCore\Release\libArduinoCore.a(HardwareSerial0.o)
 .debug_ranges  0x00000198       0x28 C:\Data\infotek\svn\2012\gat\Projects\Atmega\code\Atmelstudio\Libraries\ArduinoCore\Release\libArduinoCore.a(main.o)
 .debug_ranges  0x000001c0      0x128 C:\Data\infotek\svn\2012\gat\Projects\Atmega\code\Atmelstudio\Libraries\ArduinoCore\Release\libArduinoCore.a(Print.o)
 .debug_ranges  0x000002e8       0xd8 C:\Data\infotek\svn\2012\gat\Projects\Atmega\code\Atmelstudio\Libraries\ArduinoCore\Release\libArduinoCore.a(Wire.o)
 .debug_ranges  0x000003c0       0x38 C:\Data\infotek\svn\2012\gat\Projects\Atmega\code\Atmelstudio\Libraries\ArduinoCore\Release\libArduinoCore.a(wiring.o)
 .debug_ranges  0x000003f8       0x28 C:\Data\infotek\svn\2012\gat\Projects\Atmega\code\Atmelstudio\Libraries\ArduinoCore\Release\libArduinoCore.a(wiring_digital.o)
 .debug_ranges  0x00000420       0x10 C:\Data\infotek\svn\2012\gat\Projects\Atmega\code\Atmelstudio\Libraries\ArduinoCore\Release\libArduinoCore.a(hooks.o)
 .debug_ranges  0x00000430       0x70 C:\Data\infotek\svn\2012\gat\Projects\Atmega\code\Atmelstudio\Libraries\ArduinoCore\Release\libArduinoCore.a(twi.o)

.debug_macro
 *(.debug_macro)
OUTPUT(AL-Setup.elf elf32-avr)
LOAD linker stubs
