Archive member included to satisfy reference by file (symbol)

c:/program files (x86)/atmel/studio/7.0/toolchain/avr8/avr8-gnu-toolchain/bin/../lib/gcc/avr/4.9.2/../../../../avr/lib/avr5\libm.a(addsf3.o)
                              Sketch.o (__subsf3)
c:/program files (x86)/atmel/studio/7.0/toolchain/avr8/avr8-gnu-toolchain/bin/../lib/gcc/avr/4.9.2/../../../../avr/lib/avr5\libm.a(addsf3x.o)
                              c:/program files (x86)/atmel/studio/7.0/toolchain/avr8/avr8-gnu-toolchain/bin/../lib/gcc/avr/4.9.2/../../../../avr/lib/avr5\libm.a(addsf3.o) (__addsf3x)
c:/program files (x86)/atmel/studio/7.0/toolchain/avr8/avr8-gnu-toolchain/bin/../lib/gcc/avr/4.9.2/../../../../avr/lib/avr5\libm.a(asin.o)
                              Sketch.o (asin)
c:/program files (x86)/atmel/studio/7.0/toolchain/avr8/avr8-gnu-toolchain/bin/../lib/gcc/avr/4.9.2/../../../../avr/lib/avr5\libm.a(atan2.o)
                              Sketch.o (atan2)
c:/program files (x86)/atmel/studio/7.0/toolchain/avr8/avr8-gnu-toolchain/bin/../lib/gcc/avr/4.9.2/../../../../avr/lib/avr5\libm.a(atan.o)
                              c:/program files (x86)/atmel/studio/7.0/toolchain/avr8/avr8-gnu-toolchain/bin/../lib/gcc/avr/4.9.2/../../../../avr/lib/avr5\libm.a(atan2.o) (atan)
c:/program files (x86)/atmel/studio/7.0/toolchain/avr8/avr8-gnu-toolchain/bin/../lib/gcc/avr/4.9.2/../../../../avr/lib/avr5\libm.a(cmpsf2.o)
                              Sketch.o (__eqsf2)
c:/program files (x86)/atmel/studio/7.0/toolchain/avr8/avr8-gnu-toolchain/bin/../lib/gcc/avr/4.9.2/../../../../avr/lib/avr5\libm.a(divsf3.o)
                              Sketch.o (__divsf3)
c:/program files (x86)/atmel/studio/7.0/toolchain/avr8/avr8-gnu-toolchain/bin/../lib/gcc/avr/4.9.2/../../../../avr/lib/avr5\libm.a(divsf3x.o)
                              c:/program files (x86)/atmel/studio/7.0/toolchain/avr8/avr8-gnu-toolchain/bin/../lib/gcc/avr/4.9.2/../../../../avr/lib/avr5\libm.a(divsf3.o) (__divsf3x)
c:/program files (x86)/atmel/studio/7.0/toolchain/avr8/avr8-gnu-toolchain/bin/../lib/gcc/avr/4.9.2/../../../../avr/lib/avr5\libm.a(floatsisf.o)
                              Sketch.o (__floatunsisf)
c:/program files (x86)/atmel/studio/7.0/toolchain/avr8/avr8-gnu-toolchain/bin/../lib/gcc/avr/4.9.2/../../../../avr/lib/avr5\libm.a(fp_arccos.o)
                              c:/program files (x86)/atmel/studio/7.0/toolchain/avr8/avr8-gnu-toolchain/bin/../lib/gcc/avr/4.9.2/../../../../avr/lib/avr5\libm.a(asin.o) (__fp_arccos)
c:/program files (x86)/atmel/studio/7.0/toolchain/avr8/avr8-gnu-toolchain/bin/../lib/gcc/avr/4.9.2/../../../../avr/lib/avr5\libm.a(fp_cmp.o)
                              c:/program files (x86)/atmel/studio/7.0/toolchain/avr8/avr8-gnu-toolchain/bin/../lib/gcc/avr/4.9.2/../../../../avr/lib/avr5\libm.a(cmpsf2.o) (__fp_cmp)
c:/program files (x86)/atmel/studio/7.0/toolchain/avr8/avr8-gnu-toolchain/bin/../lib/gcc/avr/4.9.2/../../../../avr/lib/avr5\libm.a(fp_inf.o)
                              c:/program files (x86)/atmel/studio/7.0/toolchain/avr8/avr8-gnu-toolchain/bin/../lib/gcc/avr/4.9.2/../../../../avr/lib/avr5\libm.a(addsf3x.o) (__fp_inf)
c:/program files (x86)/atmel/studio/7.0/toolchain/avr8/avr8-gnu-toolchain/bin/../lib/gcc/avr/4.9.2/../../../../avr/lib/avr5\libm.a(fp_nan.o)
                              c:/program files (x86)/atmel/studio/7.0/toolchain/avr8/avr8-gnu-toolchain/bin/../lib/gcc/avr/4.9.2/../../../../avr/lib/avr5\libm.a(addsf3x.o) (__fp_nan)
c:/program files (x86)/atmel/studio/7.0/toolchain/avr8/avr8-gnu-toolchain/bin/../lib/gcc/avr/4.9.2/../../../../avr/lib/avr5\libm.a(fp_powser.o)
                              c:/program files (x86)/atmel/studio/7.0/toolchain/avr8/avr8-gnu-toolchain/bin/../lib/gcc/avr/4.9.2/../../../../avr/lib/avr5\libm.a(atan.o) (__fp_powser)
c:/program files (x86)/atmel/studio/7.0/toolchain/avr8/avr8-gnu-toolchain/bin/../lib/gcc/avr/4.9.2/../../../../avr/lib/avr5\libm.a(fp_powsodd.o)
                              c:/program files (x86)/atmel/studio/7.0/toolchain/avr8/avr8-gnu-toolchain/bin/../lib/gcc/avr/4.9.2/../../../../avr/lib/avr5\libm.a(asin.o) (__fp_powsodd)
c:/program files (x86)/atmel/studio/7.0/toolchain/avr8/avr8-gnu-toolchain/bin/../lib/gcc/avr/4.9.2/../../../../avr/lib/avr5\libm.a(fp_pscA.o)
                              c:/program files (x86)/atmel/studio/7.0/toolchain/avr8/avr8-gnu-toolchain/bin/../lib/gcc/avr/4.9.2/../../../../avr/lib/avr5\libm.a(addsf3x.o) (__fp_pscA)
c:/program files (x86)/atmel/studio/7.0/toolchain/avr8/avr8-gnu-toolchain/bin/../lib/gcc/avr/4.9.2/../../../../avr/lib/avr5\libm.a(fp_pscB.o)
                              c:/program files (x86)/atmel/studio/7.0/toolchain/avr8/avr8-gnu-toolchain/bin/../lib/gcc/avr/4.9.2/../../../../avr/lib/avr5\libm.a(addsf3x.o) (__fp_pscB)
c:/program files (x86)/atmel/studio/7.0/toolchain/avr8/avr8-gnu-toolchain/bin/../lib/gcc/avr/4.9.2/../../../../avr/lib/avr5\libm.a(fp_round.o)
[...]
Memory Configuration

Name             Origin             Length             Attributes
text             0x00000000         0x00020000         xr
data             0x00800060         0x0000ffa0         rw !x
eeprom           0x00810000         0x00010000         rw !x
fuse             0x00820000         0x00000003         rw !x
lock             0x00830000         0x00000400         rw !x
signature        0x00840000         0x00000400         rw !x
user_signatures  0x00850000         0x00000400         rw !x
*default*        0x00000000         0xffffffff

Linker script and memory map

Address of section .data set to 0x800100
LOAD C:/Program Files (x86)/Atmel/Studio/7.0/Packs/Atmel/ATmega_DFP/1.2.132/gcc/dev/atmega328p/avr5/crtatmega328p.o
LOAD OrgSketch.o
LOAD Sketch.o
START GROUP
LOAD c:/program files (x86)/atmel/studio/7.0/toolchain/avr8/avr8-gnu-toolchain/bin/../lib/gcc/avr/4.9.2/../../../../avr/lib/avr5\libm.a
LOAD C:\Data\infotek\svn\2012\gat\Projects\Atmega\code\Atmelstudio\Libraries\ArduinoCore\Debug\libArduinoCore.a
END GROUP
LOAD c:/program files (x86)/atmel/studio/7.0/toolchain/avr8/avr8-gnu-toolchain/bin/../lib/gcc/avr/4.9.2/avr5\libgcc.a
LOAD c:/program files (x86)/atmel/studio/7.0/toolchain/avr8/avr8-gnu-toolchain/bin/../lib/gcc/avr/4.9.2/../../../../avr/lib/avr5\libm.a
START GROUP
LOAD c:/program files (x86)/atmel/studio/7.0/toolchain/avr8/avr8-gnu-toolchain/bin/../lib/gcc/avr/4.9.2/avr5\libgcc.a
LOAD c:/program files (x86)/atmel/studio/7.0/toolchain/avr8/avr8-gnu-toolchain/bin/../lib/gcc/avr/4.9.2/../../../../avr/lib/avr5\libm.a
LOAD c:/program files (x86)/atmel/studio/7.0/toolchain/avr8/avr8-gnu-toolchain/bin/../lib/gcc/avr/4.9.2/../../../../avr/lib/avr5\libc.a
LOAD C:/Program Files (x86)/Atmel/Studio/7.0/Packs/Atmel/ATmega_DFP/1.2.132/gcc/dev/atmega328p/avr5\libatmega328p.a
END GROUP
                0x00020000                __TEXT_REGION_LENGTH__ = DEFINED (__TEXT_REGION_LENGTH__)?__TEXT_REGION_LENGTH__:0x20000
                0x0000ffa0                __DATA_REGION_LENGTH__ = DEFINED (__DATA_REGION_LENGTH__)?__DATA_REGION_LENGTH__:0xffa0
                0x00010000                __EEPROM_REGION_LENGTH__ = DEFINED (__EEPROM_REGION_LENGTH__)?__EEPROM_REGION_LENGTH__:0x10000
                [0x00000003]                __FUSE_REGION_LENGTH__ = DEFINED (__FUSE_REGION_LENGTH__)?__FUSE_REGION_LENGTH__:0x400
                0x00000400                __LOCK_REGION_LENGTH__ = DEFINED (__LOCK_REGION_LENGTH__)?__LOCK_REGION_LENGTH__:0x400
                0x00000400                __SIGNATURE_REGION_LENGTH__ = DEFINED (__SIGNATURE_REGION_LENGTH__)?__SIGNATURE_REGION_LENGTH__:0x400
                0x00000400                __USER_SIGNATURE_REGION_LENGTH__ = DEFINED (__USER_SIGNATURE_REGION_LENGTH__)?__USER_SIGNATURE_REGION_LENGTH__:0x400

.hash
 *(.hash)

.dynsym
 *(.dynsym)

.dynstr
 *(.dynstr)

.gnu.version
 *(.gnu.version)

.gnu.version_d
 *(.gnu.version_d)

.gnu.version_r
 *(.gnu.version_r)

.rel.init
 *(.rel.init)

.rela.init
 *(.rela.init)

.rel.text
 *(.rel.text)
 *(.rel.text.*)
 *(.rel.gnu.linkonce.t*)

.rela.text
 *(.rela.text)
 *(.rela.text.*)
 *(.rela.gnu.linkonce.t*)

.rel.fini
 *(.rel.fini)

.rela.fini
 *(.rela.fini)

.rel.rodata
 *(.rel.rodata)
 *(.rel.rodata.*)
 *(.rel.gnu.linkonce.r*)

.rela.rodata
 *(.rela.rodata)
 *(.rela.rodata.*)
 *(.rela.gnu.linkonce.r*)

.rel.data
 *(.rel.data)
 *(.rel.data.*)
 *(.rel.gnu.linkonce.d*)

.rela.data
 *(.rela.data)
 *(.rela.data.*)
 *(.rela.gnu.linkonce.d*)

.rel.ctors
 *(.rel.ctors)

.rela.ctors
 *(.rela.ctors)

.rel.dtors
 *(.rel.dtors)

.rela.dtors
 *(.rela.dtors)

.rel.got
 *(.rel.got)

.rela.got
 *(.rela.got)

.rel.bss
 *(.rel.bss)

.rela.bss
 *(.rela.bss)

.rel.plt
 *(.rel.plt)

.rela.plt
 *(.rela.plt)

.text           0x00000000     0x5c3c
 *(.vectors)
 .vectors       0x00000000       0x68 C:/Program Files (x86)/Atmel/Studio/7.0/Packs/Atmel/ATmega_DFP/1.2.132/gcc/dev/atmega328p/avr5/crtatmega328p.o
                0x00000000                __vector_default
                0x00000000                __vectors
 *(.vectors)
 *(.progmem.gcc*)
 .progmem.gcc_fplib
                0x00000068       0x14 c:/program files (x86)/atmel/studio/7.0/toolchain/avr8/avr8-gnu-toolchain/bin/../lib/gcc/avr/4.9.2/../../../../avr/lib/avr5\libm.a(asin.o)
 .progmem.gcc_fplib
                0x0000007c       0x2d c:/program files (x86)/atmel/studio/7.0/toolchain/avr8/avr8-gnu-toolchain/bin/../lib/gcc/avr/4.9.2/../../../../avr/lib/avr5\libm.a(atan.o)
 .progmem.gcc_fplib
                0x000000a9       0x28 c:/program files (x86)/atmel/studio/7.0/toolchain/avr8/avr8-gnu-toolchain/bin/../lib/gcc/avr/4.9.2/../../../../avr/lib/avr5\libm.a(fp_arccos.o)
 .progmem.gcc_fplib
                0x000000d1       0x28 c:/program files (x86)/atmel/studio/7.0/toolchain/avr8/avr8-gnu-toolchain/bin/../lib/gcc/avr/4.9.2/../../../../avr/lib/avr5\libm.a(exp.o)
 .progmem.gcc_fplib
                0x000000f9       0x5a c:/program files (x86)/atmel/studio/7.0/toolchain/avr8/avr8-gnu-toolchain/bin/../lib/gcc/avr/4.9.2/../../../../avr/lib/avr5\libm.a(log.o)
                0x00000154                . = ALIGN (0x2)
 *fill*         0x00000153        0x1 
                0x00000154                __trampolines_start = .
 *(.trampolines)
 .trampolines   0x00000154        0x0 linker stubs
 *(.trampolines*)
                0x00000154                __trampolines_end = .
 *libprintf_flt.a:*(.progmem.data)
 *libc.a:*(.progmem.data)
 *(.progmem*)
 .progmem.data.digital_pin_to_timer_PGM
                0x00000154       0x14 C:\Data\infotek\svn\2012\gat\Projects\Atmega\code\Atmelstudio\Libraries\ArduinoCore\Debug\libArduinoCore.a(wiring_digital.o)
                0x00000154                digital_pin_to_timer_PGM
 .progmem.data.digital_pin_to_bit_mask_PGM
                0x00000168       0x14 C:\Data\infotek\svn\2012\gat\Projects\Atmega\code\Atmelstudio\Libraries\ArduinoCore\Debug\libArduinoCore.a(wiring_digital.o)
                0x00000168                digital_pin_to_bit_mask_PGM
 .progmem.data.digital_pin_to_port_PGM
                0x0000017c       0x14 C:\Data\infotek\svn\2012\gat\Projects\Atmega\code\Atmelstudio\Libraries\ArduinoCore\Debug\libArduinoCore.a(wiring_digital.o)
                0x0000017c                digital_pin_to_port_PGM
 .progmem.data.port_to_input_PGM
                0x00000190        0xa C:\Data\infotek\svn\2012\gat\Projects\Atmega\code\Atmelstudio\Libraries\ArduinoCore\Debug\libArduinoCore.a(wiring_digital.o)
                0x00000190                port_to_input_PGM
 .progmem.data.port_to_output_PGM
                0x0000019a        0xa C:\Data\infotek\svn\2012\gat\Projects\Atmega\code\Atmelstudio\Libraries\ArduinoCore\Debug\libArduinoCore.a(wiring_digital.o)
                0x0000019a                port_to_output_PGM
 .progmem.data.port_to_mode_PGM
                0x000001a4        0xa C:\Data\infotek\svn\2012\gat\Projects\Atmega\code\Atmelstudio\Libraries\ArduinoCore\Debug\libArduinoCore.a(wiring_digital.o)
                0x000001a4                port_to_mode_PGM
                0x000001ae                . = ALIGN (0x2)
 *(.jumptables)
 *(.jumptables*)
 *(.lowtext)
 *(.lowtext*)
                0x000001ae                __ctors_start = .
 *(.ctors)
 .ctors         0x000001ae        0x2 Sketch.o
 .ctors         0x000001b0        0x2 C:\Data\infotek\svn\2012\gat\Projects\Atmega\code\Atmelstudio\Libraries\ArduinoCore\Debug\libArduinoCore.a(HardwareSerial0.o)
 .ctors         0x000001b2        0x2 C:\Data\infotek\svn\2012\gat\Projects\Atmega\code\Atmelstudio\Libraries\ArduinoCore\Debug\libArduinoCore.a(Wire.o)
                0x000001b4                __ctors_end = .
                0x000001b4                __dtors_start = .
 *(.dtors)
                0x000001b4                __dtors_end = .
 SORT(*)(.ctors)
 SORT(*)(.dtors)
 *(.init0)
 .init0         0x000001b4        0x0 C:/Program Files (x86)/Atmel/Studio/7.0/Packs/Atmel/ATmega_DFP/1.2.132/gcc/dev/atmega328p/avr5/crtatmega328p.o
                0x000001b4                __init
 *(.init0)
 *(.init1)
 *(.init1)
 *(.init2)
 .init2         0x000001b4        0xc C:/Program Files (x86)/Atmel/Studio/7.0/Packs/Atmel/ATmega_DFP/1.2.132/gcc/dev/atmega328p/avr5/crtatmega328p.o
 *(.init2)
 *(.init3)
 *(.init3)
 *(.init4)
 .init4         0x000001c0       0x16 c:/program files (x86)/atmel/studio/7.0/toolchain/avr8/avr8-gnu-toolchain/bin/../lib/gcc/avr/4.9.2/avr5\libgcc.a(_copy_data.o)
                0x000001c0                __do_copy_data
 .init4         0x000001d6       0x10 c:/program files (x86)/atmel/studio/7.0/toolchain/avr8/avr8-gnu-toolchain/bin/../lib/gcc/avr/4.9.2/avr5\libgcc.a(_clear_bss.o)
                0x000001d6                __do_clear_bss
 *(.init4)
 *(.init5)
 *(.init5)
 *(.init6)
 .init6         0x000001e6       0x16 c:/program files (x86)/atmel/studio/7.0/toolchain/avr8/avr8-gnu-toolchain/bin/../lib/gcc/avr/4.9.2/avr5\libgcc.a(_ctors.o)
                0x000001e6                __do_global_ctors
 *(.init6)
 *(.init7)
 *(.init7)
 *(.init8)
 *(.init8)
 *(.init9)
 .init9         0x000001fc        0x8 C:/Program Files (x86)/Atmel/Studio/7.0/Packs/Atmel/ATmega_DFP/1.2.132/gcc/dev/atmega328p/avr5/crtatmega328p.o
 *(.init9)
 *(.text)
 .text          0x00000204        0x4 C:/Program Files (x86)/Atmel/Studio/7.0/Packs/Atmel/ATmega_DFP/1.2.132/gcc/dev/atmega328p/avr5/crtatmega328p.o
                0x00000204                __vector_22
                0x00000204                __vector_1
                0x00000204                __vector_12
                0x00000204                __bad_interrupt
                0x00000204                __vector_6
                0x00000204                __vector_3
                0x00000204                __vector_23
                0x00000204                __vector_25
                0x00000204                __vector_11
                0x00000204                __vector_13
                0x00000204                __vector_17
                0x00000204                __vector_7
                0x00000204                __vector_5
                0x00000204                __vector_4
                0x00000204                __vector_9
                0x00000204                __vector_2
                0x00000204                __vector_21
                0x00000204                __vector_15
                0x00000204                __vector_8
                0x00000204                __vector_14
                0x00000204                __vector_10
                0x00000204                __vector_20
                0x00000208                . = ALIGN (0x2)
 *(.text.*)
 .text._Z7getMresv
                0x00000208       0x42 Sketch.o
                0x00000208                _Z7getMresv
 .text._Z7getGresv
                0x0000024a       0x7c Sketch.o
                0x0000024a                _Z7getGresv
 .text._Z7getAresv
                0x000002c6       0x7c Sketch.o
                0x000002c6                _Z7getAresv
 .text._Z24MadgwickQuaternionUpdatefffffffff
                0x00000342     0x1532 Sketch.o
                0x00000342                _Z24MadgwickQuaternionUpdatefffffffff
 .text._GLOBAL__sub_I_Gscale
                0x00001874       0x5a Sketch.o
 .text._Z9writeBytehhh
                0x000018ce       0x34 Sketch.o
                0x000018ce                _Z9writeBytehhh
 .text._Z14MPL3115A2Resetv
                0x00001902        0xc Sketch.o
                0x00001902                _Z14MPL3115A2Resetv
 .text._Z8readBytehh
                0x0000190e       0x3e Sketch.o
                0x0000190e                _Z8readBytehh
 .text._Z11initMPU9250v
                0x0000194c       0xb4 Sketch.o
                0x0000194c                _Z11initMPU9250v
 .text._Z16MPL3115A2Standbyv
                0x00001a00       0x16 Sketch.o
                0x00001a00                _Z16MPL3115A2Standbyv
 .text._Z15MPL3115A2Activev
                0x00001a16       0x16 Sketch.o
                0x00001a16                _Z15MPL3115A2Activev
 .text._Z25MPL3115A2enableEventflagsv
                0x00001a2c       0x14 Sketch.o
                0x00001a2c                _Z25MPL3115A2enableEventflagsv
 .text._Z22MPL3115A2toggleOneShotv
                0x00001a40       0x2e Sketch.o
                0x00001a40                _Z22MPL3115A2toggleOneShotv
 .text._Z19MPL3115A2SampleRateh
                0x00001a6e       0x40 Sketch.o
                0x00001a6e                _Z19MPL3115A2SampleRateh
 .text._Z21initRealTimeMPL3115A2v
                0x00001aae       0x62 Sketch.o
                0x00001aae                _Z21initRealTimeMPL3115A2v
 .text._Z28MPL3115A2ActiveAltimeterModev
                0x00001b10       0x1e Sketch.o
                0x00001b10                _Z28MPL3115A2ActiveAltimeterModev
 .text._Z28MPL3115A2ActiveBarometerModev
                0x00001b2e       0x1e Sketch.o
                0x00001b2e                _Z28MPL3115A2ActiveBarometerModev
 .text._Z9readByteshhhPh
                0x00001b4c       0x72 Sketch.o
                0x00001b4c                _Z9readByteshhhPh
 .text._Z13readAccelDataPi
                0x00001bbe       0x6c Sketch.o
                0x00001bbe                _Z13readAccelDataPi
 .text._Z12readGyroDataPi
                0x00001c2a       0x6c Sketch.o
                0x00001c2a                _Z12readGyroDataPi
 .text._Z11readMagDataPi
                0x00001c96       0x84 Sketch.o
                0x00001c96                _Z11readMagDataPi
 .text._Z12readTempDatav
                0x00001d1a       0x30 Sketch.o
                0x00001d1a                _Z12readTempDatav
 .text._Z10initAK8963Pf
                0x00001d4a      0x13c Sketch.o
                0x00001d4a                _Z10initAK8963Pf
 .text._Z16calibrateMPU9250PfS_
                0x00001e86      0x552 Sketch.o
                0x00001e86                _Z16calibrateMPU9250PfS_
 .text._Z15MPU9250SelfTestPf
                0x000023d8      0x74c Sketch.o
                0x000023d8                _Z15MPU9250SelfTestPf
 .text.setup    0x00002b24      0x38c Sketch.o
                0x00002b24                setup
 .text._Z21MPL3115A2readAltitudev
                0x00002eb0      0x226 Sketch.o
                0x00002eb0                _Z21MPL3115A2readAltitudev
 .text._Z21MPL3115A2readPressurev
                0x000030d6      0x1b6 Sketch.o
                0x000030d6                _Z21MPL3115A2readPressurev
 .text.loop     0x0000328c      0xc94 Sketch.o
                0x0000328c                loop
 .text.avr-libc.fplib
                0x00003f20        0xe c:/program files (x86)/atmel/studio/7.0/toolchain/avr8/avr8-gnu-toolchain/bin/../lib/gcc/avr/4.9.2/../../../../avr/lib/avr5\libm.a(addsf3.o)
                0x00003f20                __subsf3
                0x00003f22                __addsf3
 .text.avr-libc.fplib
                0x00003f2e       0xcc c:/program files (x86)/atmel/studio/7.0/toolchain/avr8/avr8-gnu-toolchain/bin/../lib/gcc/avr/4.9.2/../../../../avr/lib/avr5\libm.a(addsf3x.o)
                0x00003f50                __addsf3x
 .text.avr-libc.fplib
                0x00003ffa       0x36 c:/program files (x86)/atmel/studio/7.0/toolchain/avr8/avr8-gnu-toolchain/bin/../lib/gcc/avr/4.9.2/../../../../avr/lib/avr5\libm.a(asin.o)
                0x00003ffa                asin
 .text.avr-libc.fplib
                0x00004030       0x86 c:/program files (x86)/atmel/studio/7.0/toolchain/avr8/avr8-gnu-toolchain/bin/../lib/gcc/avr/4.9.2/../../../../avr/lib/avr5\libm.a(atan2.o)
                0x00004056                atan2
 .text.avr-libc.fplib
                0x000040b6       0x5e c:/program files (x86)/atmel/studio/7.0/toolchain/avr8/avr8-gnu-toolchain/bin/../lib/gcc/avr/4.9.2/../../../../avr/lib/avr5\libm.a(atan.o)
                0x000040b6                atan
 .text.avr-libc.fplib
                0x00004114        0xa c:/program files (x86)/atmel/studio/7.0/toolchain/avr8/avr8-gnu-toolchain/bin/../lib/gcc/avr/4.9.2/../../../../avr/lib/avr5\libm.a(cmpsf2.o)
                0x00004114                __nesf2
                0x00004114                __eqsf2
                0x00004114                __cmpsf2
                0x00004114                __ltsf2
                0x00004114                __lesf2
 .text.avr-libc.fplib
                0x0000411e        0x8 c:/program files (x86)/atmel/studio/7.0/toolchain/avr8/avr8-gnu-toolchain/bin/../lib/gcc/avr/4.9.2/../../../../avr/lib/avr5\libm.a(divsf3.o)
                0x0000411e                __divsf3
 .text.avr-libc.fplib
                0x00004126       0xdc c:/program files (x86)/atmel/studio/7.0/toolchain/avr8/avr8-gnu-toolchain/bin/../lib/gcc/avr/4.9.2/../../../../avr/lib/avr5\libm.a(divsf3x.o)
                0x00004146                __divsf3x
                0x0000414c                __divsf3_pse
 .text.avr-libc.fplib
                0x00004202       0x7a c:/program files (x86)/atmel/studio/7.0/toolchain/avr8/avr8-gnu-toolchain/bin/../lib/gcc/avr/4.9.2/../../../../avr/lib/avr5\libm.a(floatsisf.o)
                0x00004202                __floatunsisf
                0x00004206                __floatsisf
 .text.avr-libc.fplib
                0x0000427c       0x40 c:/program files (x86)/atmel/studio/7.0/toolchain/avr8/avr8-gnu-toolchain/bin/../lib/gcc/avr/4.9.2/../../../../avr/lib/avr5\libm.a(fp_arccos.o)
                0x0000427c                __fp_arccos
 .text.avr-libc.fplib
                0x000042bc       0x48 c:/program files (x86)/atmel/studio/7.0/toolchain/avr8/avr8-gnu-toolchain/bin/../lib/gcc/avr/4.9.2/../../../../avr/lib/avr5\libm.a(fp_cmp.o)
                0x000042bc                __fp_cmp
 .text.avr-libc.fplib
                0x00004304        0xc c:/program files (x86)/atmel/studio/7.0/toolchain/avr8/avr8-gnu-toolchain/bin/../lib/gcc/avr/4.9.2/../../../../avr/lib/avr5\libm.a(fp_inf.o)
                0x00004304                __fp_inf
 .text.avr-libc.fplib
                0x00004310        0x6 c:/program files (x86)/atmel/studio/7.0/toolchain/avr8/avr8-gnu-toolchain/bin/../lib/gcc/avr/4.9.2/../../../../avr/lib/avr5\libm.a(fp_nan.o)
                0x00004310                __fp_nan
 .text.avr-libc.fplib
                0x00004316       0x4e c:/program files (x86)/atmel/studio/7.0/toolchain/avr8/avr8-gnu-toolchain/bin/../lib/gcc/avr/4.9.2/../../../../avr/lib/avr5\libm.a(fp_powser.o)
                0x00004316                __fp_powser
 .text.avr-libc.fplib
                0x00004364       0x28 c:/program files (x86)/atmel/studio/7.0/toolchain/avr8/avr8-gnu-toolchain/bin/../lib/gcc/avr/4.9.2/../../../../avr/lib/avr5\libm.a(fp_powsodd.o)
                0x00004364                __fp_powsodd
 .text.avr-libc.fplib
                0x0000438c        0xe c:/program files (x86)/atmel/studio/7.0/toolchain/avr8/avr8-gnu-toolchain/bin/../lib/gcc/avr/4.9.2/../../../../avr/lib/avr5\libm.a(fp_pscA.o)
                0x0000438c                __fp_pscA
 .text.avr-libc.fplib
                0x0000439a        0xe c:/program files (x86)/atmel/studio/7.0/toolchain/avr8/avr8-gnu-toolchain/bin/../lib/gcc/avr/4.9.2/../../../../avr/lib/avr5\libm.a(fp_pscB.o)
                0x0000439a                __fp_pscB
 .text.avr-libc.fplib
                0x000043a8       0x22 c:/program files (x86)/atmel/studio/7.0/toolchain/avr8/avr8-gnu-toolchain/bin/../lib/gcc/avr/4.9.2/../../../../avr/lib/avr5\libm.a(fp_round.o)
                0x000043a8                __fp_round
 .text.avr-libc.fplib
                0x000043ca       0x44 c:/program files (x86)/atmel/studio/7.0/toolchain/avr8/avr8-gnu-toolchain/bin/../lib/gcc/avr/4.9.2/../../../../avr/lib/avr5\libm.a(fp_split3.o)
                0x000043ca                __fp_split3
                0x000043da                __fp_splitA
 .text.avr-libc.fplib
                0x0000440e        0xe c:/program files (x86)/atmel/studio/7.0/toolchain/avr8/avr8-gnu-toolchain/bin/../lib/gcc/avr/4.9.2/../../../../avr/lib/avr5\libm.a(fp_zero.o)
                0x0000440e                __fp_zero
                0x00004410                __fp_szero
 .text.avr-libc.fplib
                0x0000441c       0x10 c:/program files (x86)/atmel/studio/7.0/toolchain/avr8/avr8-gnu-toolchain/bin/../lib/gcc/avr/4.9.2/../../../../avr/lib/avr5\libm.a(inverse.o)
                0x0000441c                inverse
 .text.avr-libc.fplib
                0x0000442c        0x8 c:/program files (x86)/atmel/studio/7.0/toolchain/avr8/avr8-gnu-toolchain/bin/../lib/gcc/avr/4.9.2/../../../../avr/lib/avr5\libm.a(mulsf3.o)
                0x0000442c                __mulsf3
 .text.avr-libc.fplib
                0x00004434       0xd2 c:/program files (x86)/atmel/studio/7.0/toolchain/avr8/avr8-gnu-toolchain/bin/../lib/gcc/avr/4.9.2/../../../../avr/lib/avr5\libm.a(mulsf3x.o)
                0x00004452                __mulsf3x
                0x00004458                __mulsf3_pse
 .text.avr-libc.fplib
                0x00004506       0xa0 c:/program files (x86)/atmel/studio/7.0/toolchain/avr8/avr8-gnu-toolchain/bin/../lib/gcc/avr/4.9.2/../../../../avr/lib/avr5\libm.a(pow.o)
                0x00004506                pow
 .text.avr-libc.fplib
                0x000045a6       0x8c c:/program files (x86)/atmel/studio/7.0/toolchain/avr8/avr8-gnu-toolchain/bin/../lib/gcc/avr/4.9.2/../../../../avr/lib/avr5\libm.a(sqrt.o)
                0x000045b2                sqrtf
                0x000045b2                sqrt
 .text.avr-libc.fplib
                0x00004632        0x8 c:/program files (x86)/atmel/studio/7.0/toolchain/avr8/avr8-gnu-toolchain/bin/../lib/gcc/avr/4.9.2/../../../../avr/lib/avr5\libm.a(square.o)
                0x00004632                square
 .text.avr-libc.fplib
                0x0000463a       0x74 c:/program files (x86)/atmel/studio/7.0/toolchain/avr8/avr8-gnu-toolchain/bin/../lib/gcc/avr/4.9.2/../../../../avr/lib/avr5\libm.a(exp.o)
                0x0000464a                exp
 .text.avr-libc.fplib
                0x000046ae       0x1c c:/program files (x86)/atmel/studio/7.0/toolchain/avr8/avr8-gnu-toolchain/bin/../lib/gcc/avr/4.9.2/../../../../avr/lib/avr5\libm.a(fp_mpack.o)
                0x000046ae                __fp_mpack
                0x000046b2                __fp_mpack_finite
 .text.avr-libc.fplib
                0x000046ca        0xe c:/program files (x86)/atmel/studio/7.0/toolchain/avr8/avr8-gnu-toolchain/bin/../lib/gcc/avr/4.9.2/../../../../avr/lib/avr5\libm.a(fp_norm2.o)
                0x000046ca                __fp_norm2
 .text.avr-libc.fplib
                0x000046d8       0x74 c:/program files (x86)/atmel/studio/7.0/toolchain/avr8/avr8-gnu-toolchain/bin/../lib/gcc/avr/4.9.2/../../../../avr/lib/avr5\libm.a(ldexp.o)
                0x000046e0                ldexp
 .text.avr-libc.fplib
                0x0000474c       0xa0 c:/program files (x86)/atmel/studio/7.0/toolchain/avr8/avr8-gnu-toolchain/bin/../lib/gcc/avr/4.9.2/../../../../avr/lib/avr5\libm.a(log.o)
                0x0000475c                log
 .text.avr-libc.fplib
                0x000047ec       0x68 c:/program files (x86)/atmel/studio/7.0/toolchain/avr8/avr8-gnu-toolchain/bin/../lib/gcc/avr/4.9.2/../../../../avr/lib/avr5\libm.a(modf.o)
                0x000047ec                modf
                0x000047ec                modff
 .text._ZN14HardwareSerial9availableEv
                0x00004854       0x18 C:\Data\infotek\svn\2012\gat\Projects\Atmega\code\Atmelstudio\Libraries\ArduinoCore\Debug\libArduinoCore.a(HardwareSerial.o)
                0x00004854                _ZN14HardwareSerial9availableEv
 .text._ZN14HardwareSerial4peekEv
                0x0000486c       0x1c C:\Data\infotek\svn\2012\gat\Projects\Atmega\code\Atmelstudio\Libraries\ArduinoCore\Debug\libArduinoCore.a(HardwareSerial.o)
                0x0000486c                _ZN14HardwareSerial4peekEv
 .text._ZN14HardwareSerial4readEv
                0x00004888       0x28 C:\Data\infotek\svn\2012\gat\Projects\Atmega\code\Atmelstudio\Libraries\ArduinoCore\Debug\libArduinoCore.a(HardwareSerial.o)
                0x00004888                _ZN14HardwareSerial4readEv
 .text._Z14serialEventRunv
                0x000048b0       0x1c C:\Data\infotek\svn\2012\gat\Projects\Atmega\code\Atmelstudio\Libraries\ArduinoCore\Debug\libArduinoCore.a(HardwareSerial.o)
                0x000048b0                _Z14serialEventRunv
 .text._ZN14HardwareSerial17_tx_udr_empty_irqEv
                0x000048cc       0x54 C:\Data\infotek\svn\2012\gat\Projects\Atmega\code\Atmelstudio\Libraries\ArduinoCore\Debug\libArduinoCore.a(HardwareSerial.o)
                0x000048cc                _ZN14HardwareSerial17_tx_udr_empty_irqEv
 .text._ZN14HardwareSerial5flushEv
                0x00004920       0x44 C:\Data\infotek\svn\2012\gat\Projects\Atmega\code\Atmelstudio\Libraries\ArduinoCore\Debug\libArduinoCore.a(HardwareSerial.o)
                0x00004920                _ZN14HardwareSerial5flushEv
 .text._ZN14HardwareSerial5writeEh
                0x00004964       0x9e C:\Data\infotek\svn\2012\gat\Projects\Atmega\code\Atmelstudio\Libraries\ArduinoCore\Debug\libArduinoCore.a(HardwareSerial.o)
                0x00004964                _ZN14HardwareSerial5writeEh
 .text._ZN14HardwareSerial5beginEmh
                0x00004a02       0xd2 C:\Data\infotek\svn\2012\gat\Projects\Atmega\code\Atmelstudio\Libraries\ArduinoCore\Debug\libArduinoCore.a(HardwareSerial.o)
                0x00004a02                _ZN14HardwareSerial5beginEmh
 .text.__vector_18
                0x00004ad4       0x70 C:\Data\infotek\svn\2012\gat\Projects\Atmega\code\Atmelstudio\Libraries\ArduinoCore\Debug\libArduinoCore.a(HardwareSerial0.o)
                0x00004ad4                __vector_18
 .text.__vector_19
                0x00004b44       0x4c C:\Data\infotek\svn\2012\gat\Projects\Atmega\code\Atmelstudio\Libraries\ArduinoCore\Debug\libArduinoCore.a(HardwareSerial0.o)
                0x00004b44                __vector_19
 .text._Z17Serial0_availablev
                0x00004b90       0x14 C:\Data\infotek\svn\2012\gat\Projects\Atmega\code\Atmelstudio\Libraries\ArduinoCore\Debug\libArduinoCore.a(HardwareSerial0.o)
                0x00004b90                _Z17Serial0_availablev
 .text._GLOBAL__sub_I___vector_18
                0x00004ba4       0x5a C:\Data\infotek\svn\2012\gat\Projects\Atmega\code\Atmelstudio\Libraries\ArduinoCore\Debug\libArduinoCore.a(HardwareSerial0.o)
 .text.initVariant
                0x00004bfe        0x2 C:\Data\infotek\svn\2012\gat\Projects\Atmega\code\Atmelstudio\Libraries\ArduinoCore\Debug\libArduinoCore.a(main.o)
                0x00004bfe                initVariant
 .text.main     0x00004c00       0x1e C:\Data\infotek\svn\2012\gat\Projects\Atmega\code\Atmelstudio\Libraries\ArduinoCore\Debug\libArduinoCore.a(main.o)
                0x00004c00                main
 .text._ZN5Print5writeEPKhj
                0x00004c1e       0x5e C:\Data\infotek\svn\2012\gat\Projects\Atmega\code\Atmelstudio\Libraries\ArduinoCore\Debug\libArduinoCore.a(Print.o)
                0x00004c1e                _ZN5Print5writeEPKhj
 .text._ZN5Print5printEPKc
                0x00004c7c       0x2c C:\Data\infotek\svn\2012\gat\Projects\Atmega\code\Atmelstudio\Libraries\ArduinoCore\Debug\libArduinoCore.a(Print.o)
                0x00004c7c                _ZN5Print5printEPKc
 .text._ZN5Print5printEc
                0x00004ca8       0x10 C:\Data\infotek\svn\2012\gat\Projects\Atmega\code\Atmelstudio\Libraries\ArduinoCore\Debug\libArduinoCore.a(Print.o)
                0x00004ca8                _ZN5Print5printEc
 .text._ZN5Print7printlnEv
                0x00004cb8       0x18 C:\Data\infotek\svn\2012\gat\Projects\Atmega\code\Atmelstudio\Libraries\ArduinoCore\Debug\libArduinoCore.a(Print.o)
                0x00004cb8                _ZN5Print7printlnEv
 .text._ZN5Print7printlnEPKc
                0x00004cd0       0x24 C:\Data\infotek\svn\2012\gat\Projects\Atmega\code\Atmelstudio\Libraries\ArduinoCore\Debug\libArduinoCore.a(Print.o)
                0x00004cd0                _ZN5Print7printlnEPKc
 .text._ZN5Print11printNumberEmh
                0x00004cf4       0xbe C:\Data\infotek\svn\2012\gat\Projects\Atmega\code\Atmelstudio\Libraries\ArduinoCore\Debug\libArduinoCore.a(Print.o)
                0x00004cf4                _ZN5Print11printNumberEmh
 .text._ZN5Print5printEli
                0x00004db2       0x78 C:\Data\infotek\svn\2012\gat\Projects\Atmega\code\Atmelstudio\Libraries\ArduinoCore\Debug\libArduinoCore.a(Print.o)
                0x00004db2                _ZN5Print5printEli
 .text._ZN5Print5printEii
                0x00004e2a       0x10 C:\Data\infotek\svn\2012\gat\Projects\Atmega\code\Atmelstudio\Libraries\ArduinoCore\Debug\libArduinoCore.a(Print.o)
                0x00004e2a                _ZN5Print5printEii
 .text._ZN5Print7printlnEii
                0x00004e3a       0x2e C:\Data\infotek\svn\2012\gat\Projects\Atmega\code\Atmelstudio\Libraries\ArduinoCore\Debug\libArduinoCore.a(Print.o)
                0x00004e3a                _ZN5Print7printlnEii
 .text._ZN5Print5printEmi
                0x00004e68       0x1e C:\Data\infotek\svn\2012\gat\Projects\Atmega\code\Atmelstudio\Libraries\ArduinoCore\Debug\libArduinoCore.a(Print.o)
                0x00004e68                _ZN5Print5printEmi
 .text._ZN5Print5printEhi
                0x00004e86       0x10 C:\Data\infotek\svn\2012\gat\Projects\Atmega\code\Atmelstudio\Libraries\ArduinoCore\Debug\libArduinoCore.a(Print.o)
                0x00004e86                _ZN5Print5printEhi
 .text._ZN5Print7printlnEhi
                0x00004e96       0x2e C:\Data\infotek\svn\2012\gat\Projects\Atmega\code\Atmelstudio\Libraries\ArduinoCore\Debug\libArduinoCore.a(Print.o)
                0x00004e96                _ZN5Print7printlnEhi
 .text._ZN5Print10printFloatEdh
                0x00004ec4      0x212 C:\Data\infotek\svn\2012\gat\Projects\Atmega\code\Atmelstudio\Libraries\ArduinoCore\Debug\libArduinoCore.a(Print.o)
                0x00004ec4                _ZN5Print10printFloatEdh
 .text._ZN5Print5printEdi
                0x000050d6        0x6 C:\Data\infotek\svn\2012\gat\Projects\Atmega\code\Atmelstudio\Libraries\ArduinoCore\Debug\libArduinoCore.a(Print.o)
                0x000050d6                _ZN5Print5printEdi
 .text._ZN5Print7printlnEdi
                0x000050dc       0x24 C:\Data\infotek\svn\2012\gat\Projects\Atmega\code\Atmelstudio\Libraries\ArduinoCore\Debug\libArduinoCore.a(Print.o)
                0x000050dc                _ZN5Print7printlnEdi
 .text._ZN7TwoWire9availableEv
                0x00005100       0x10 C:\Data\infotek\svn\2012\gat\Projects\Atmega\code\Atmelstudio\Libraries\ArduinoCore\Debug\libArduinoCore.a(Wire.o)
                0x00005100                _ZN7TwoWire9availableEv
 .text._ZN7TwoWire4readEv
                0x00005110       0x28 C:\Data\infotek\svn\2012\gat\Projects\Atmega\code\Atmelstudio\Libraries\ArduinoCore\Debug\libArduinoCore.a(Wire.o)
                0x00005110                _ZN7TwoWire4readEv
 .text._ZN7TwoWire4peekEv
                0x00005138       0x1e C:\Data\infotek\svn\2012\gat\Projects\Atmega\code\Atmelstudio\Libraries\ArduinoCore\Debug\libArduinoCore.a(Wire.o)
                0x00005138                _ZN7TwoWire4peekEv
 .text._ZN7TwoWire5flushEv
                0x00005156        0x2 C:\Data\infotek\svn\2012\gat\Projects\Atmega\code\Atmelstudio\Libraries\ArduinoCore\Debug\libArduinoCore.a(Wire.o)
                0x00005156                _ZN7TwoWire5flushEv
 .text._ZN7TwoWire5writeEPKhj
                0x00005158       0x60 C:\Data\infotek\svn\2012\gat\Projects\Atmega\code\Atmelstudio\Libraries\ArduinoCore\Debug\libArduinoCore.a(Wire.o)
                0x00005158                _ZN7TwoWire5writeEPKhj
 .text._ZN7TwoWire5writeEh
                0x000051b8       0x62 C:\Data\infotek\svn\2012\gat\Projects\Atmega\code\Atmelstudio\Libraries\ArduinoCore\Debug\libArduinoCore.a(Wire.o)
                0x000051b8                _ZN7TwoWire5writeEh
 .text._ZN7TwoWireC2Ev
                0x0000521a       0x20 C:\Data\infotek\svn\2012\gat\Projects\Atmega\code\Atmelstudio\Libraries\ArduinoCore\Debug\libArduinoCore.a(Wire.o)
                0x0000521a                _ZN7TwoWireC1Ev
                0x0000521a                _ZN7TwoWireC2Ev
 .text._ZN7TwoWire5beginEv
                0x0000523a       0x16 C:\Data\infotek\svn\2012\gat\Projects\Atmega\code\Atmelstudio\Libraries\ArduinoCore\Debug\libArduinoCore.a(Wire.o)
                0x0000523a                _ZN7TwoWire5beginEv
 .text._ZN7TwoWire17beginTransmissionEh
                0x00005250       0x14 C:\Data\infotek\svn\2012\gat\Projects\Atmega\code\Atmelstudio\Libraries\ArduinoCore\Debug\libArduinoCore.a(Wire.o)
                0x00005250                _ZN7TwoWire17beginTransmissionEh
 .text._ZN7TwoWire15endTransmissionEh
                0x00005264       0x26 C:\Data\infotek\svn\2012\gat\Projects\Atmega\code\Atmelstudio\Libraries\ArduinoCore\Debug\libArduinoCore.a(Wire.o)
                0x00005264                _ZN7TwoWire15endTransmissionEh
 .text._ZN7TwoWire11requestFromEhhmhh
                0x0000528a       0xb2 C:\Data\infotek\svn\2012\gat\Projects\Atmega\code\Atmelstudio\Libraries\ArduinoCore\Debug\libArduinoCore.a(Wire.o)
                0x0000528a                _ZN7TwoWire11requestFromEhhmhh
 .text._ZN7TwoWire11requestFromEhhh
                0x0000533c       0x20 C:\Data\infotek\svn\2012\gat\Projects\Atmega\code\Atmelstudio\Libraries\ArduinoCore\Debug\libArduinoCore.a(Wire.o)
                0x0000533c                _ZN7TwoWire11requestFromEhhh
 .text._ZN7TwoWire11requestFromEhh
                0x0000535c        0x8 C:\Data\infotek\svn\2012\gat\Projects\Atmega\code\Atmelstudio\Libraries\ArduinoCore\Debug\libArduinoCore.a(Wire.o)
                0x0000535c                _ZN7TwoWire11requestFromEhh
 .text._ZN7TwoWire15endTransmissionEv
                0x00005364        0x8 C:\Data\infotek\svn\2012\gat\Projects\Atmega\code\Atmelstudio\Libraries\ArduinoCore\Debug\libArduinoCore.a(Wire.o)
                0x00005364                _ZN7TwoWire15endTransmissionEv
 .text._GLOBAL__sub_I__ZN7TwoWire8rxBufferE
                0x0000536c        0xa C:\Data\infotek\svn\2012\gat\Projects\Atmega\code\Atmelstudio\Libraries\ArduinoCore\Debug\libArduinoCore.a(Wire.o)
 .text.__vector_16
                0x00005376       0x94 C:\Data\infotek\svn\2012\gat\Projects\Atmega\code\Atmelstudio\Libraries\ArduinoCore\Debug\libArduinoCore.a(wiring.o)
                0x00005376                __vector_16
 .text.millis   0x0000540a       0x18 C:\Data\infotek\svn\2012\gat\Projects\Atmega\code\Atmelstudio\Libraries\ArduinoCore\Debug\libArduinoCore.a(wiring.o)
                0x0000540a                millis
 .text.micros   0x00005422       0x4a C:\Data\infotek\svn\2012\gat\Projects\Atmega\code\Atmelstudio\Libraries\ArduinoCore\Debug\libArduinoCore.a(wiring.o)
                0x00005422                micros
 .text.delay    0x0000546c       0x78 C:\Data\infotek\svn\2012\gat\Projects\Atmega\code\Atmelstudio\Libraries\ArduinoCore\Debug\libArduinoCore.a(wiring.o)
                0x0000546c                delay
 .text.init     0x000054e4       0x76 C:\Data\infotek\svn\2012\gat\Projects\Atmega\code\Atmelstudio\Libraries\ArduinoCore\Debug\libArduinoCore.a(wiring.o)
                0x000054e4                init
 .text.turnOffPWM
                0x0000555a       0x52 C:\Data\infotek\svn\2012\gat\Projects\Atmega\code\Atmelstudio\Libraries\ArduinoCore\Debug\libArduinoCore.a(wiring_digital.o)
 .text.pinMode  0x000055ac       0x78 C:\Data\infotek\svn\2012\gat\Projects\Atmega\code\Atmelstudio\Libraries\ArduinoCore\Debug\libArduinoCore.a(wiring_digital.o)
                0x000055ac                pinMode
 .text.digitalWrite
                0x00005624       0x60 C:\Data\infotek\svn\2012\gat\Projects\Atmega\code\Atmelstudio\Libraries\ArduinoCore\Debug\libArduinoCore.a(wiring_digital.o)
                0x00005624                digitalWrite
 .text.digitalRead
                0x00005684       0x52 C:\Data\infotek\svn\2012\gat\Projects\Atmega\code\Atmelstudio\Libraries\ArduinoCore\Debug\libArduinoCore.a(wiring_digital.o)
                0x00005684                digitalRead
 .text.__empty  0x000056d6        0x2 C:\Data\infotek\svn\2012\gat\Projects\Atmega\code\Atmelstudio\Libraries\ArduinoCore\Debug\libArduinoCore.a(hooks.o)
                0x000056d6                yield
 .text.twi_init
                0x000056d8       0x3c C:\Data\infotek\svn\2012\gat\Projects\Atmega\code\Atmelstudio\Libraries\ArduinoCore\Debug\libArduinoCore.a(twi.o)
                0x000056d8                twi_init
 .text.twi_readFrom
                0x00005714       0x90 C:\Data\infotek\svn\2012\gat\Projects\Atmega\code\Atmelstudio\Libraries\ArduinoCore\Debug\libArduinoCore.a(twi.o)
                0x00005714                twi_readFrom
 .text.twi_writeTo
                0x000057a4       0xac C:\Data\infotek\svn\2012\gat\Projects\Atmega\code\Atmelstudio\Libraries\ArduinoCore\Debug\libArduinoCore.a(twi.o)
                0x000057a4                twi_writeTo
 .text.twi_transmit
                0x00005850       0x50 C:\Data\infotek\svn\2012\gat\Projects\Atmega\code\Atmelstudio\Libraries\ArduinoCore\Debug\libArduinoCore.a(twi.o)
                0x00005850                twi_transmit
 .text.twi_stop
                0x000058a0       0x14 C:\Data\infotek\svn\2012\gat\Projects\Atmega\code\Atmelstudio\Libraries\ArduinoCore\Debug\libArduinoCore.a(twi.o)
                0x000058a0                twi_stop
 .text.twi_releaseBus
                0x000058b4        0xc C:\Data\infotek\svn\2012\gat\Projects\Atmega\code\Atmelstudio\Libraries\ArduinoCore\Debug\libArduinoCore.a(twi.o)
                0x000058b4                twi_releaseBus
 .text.__vector_24
                0x000058c0      0x25a C:\Data\infotek\svn\2012\gat\Projects\Atmega\code\Atmelstudio\Libraries\ArduinoCore\Debug\libArduinoCore.a(twi.o)
                0x000058c0                __vector_24
 .text.avr-libc.fplib
                0x00005b1a       0x5e c:/program files (x86)/atmel/studio/7.0/toolchain/avr8/avr8-gnu-toolchain/bin/../lib/gcc/avr/4.9.2/../../../../avr/lib/avr5\libm.a(fixunssfsi.o)
                0x00005b1a                __fixunssfsi
 .text.avr-libc.fplib
                0x00005b78        0xa c:/program files (x86)/atmel/studio/7.0/toolchain/avr8/avr8-gnu-toolchain/bin/../lib/gcc/avr/4.9.2/../../../../avr/lib/avr5\libm.a(gesf2.o)
                0x00005b78                __gesf2
                0x00005b78                __gtsf2
 .text.avr-libc.fplib
                0x00005b82        0xa c:/program files (x86)/atmel/studio/7.0/toolchain/avr8/avr8-gnu-toolchain/bin/../lib/gcc/avr/4.9.2/../../../../avr/lib/avr5\libm.a(unordsf2.o)
                0x00005b82                __unordsf2
 .text.libgcc.div
                0x00005b8c       0x44 c:/program files (x86)/atmel/studio/7.0/toolchain/avr8/avr8-gnu-toolchain/bin/../lib/gcc/avr/4.9.2/avr5\libgcc.a(_udivmodsi4.o)
                0x00005b8c                __udivmodsi4
 .text.libgcc.div
                0x00005bd0       0x2e c:/program files (x86)/atmel/studio/7.0/toolchain/avr8/avr8-gnu-toolchain/bin/../lib/gcc/avr/4.9.2/avr5\libgcc.a(_divmodsi4.o)
                0x00005bd0                __divmodsi4
 .text.libgcc.div
                0x00005bfe       0x10 c:/program files (x86)/atmel/studio/7.0/toolchain/avr8/avr8-gnu-toolchain/bin/../lib/gcc/avr/4.9.2/avr5\libgcc.a(_negsi2.o)
                0x00005bfe                __negsi2
 .text.libgcc.mul
                0x00005c0e       0x1e c:/program files (x86)/atmel/studio/7.0/toolchain/avr8/avr8-gnu-toolchain/bin/../lib/gcc/avr/4.9.2/avr5\libgcc.a(_umulhisi3.o)
                0x00005c0e                __umulhisi3
 .text.libgcc   0x00005c2c        0xc c:/program files (x86)/atmel/studio/7.0/toolchain/avr8/avr8-gnu-toolchain/bin/../lib/gcc/avr/4.9.2/avr5\libgcc.a(_tablejump2.o)
                0x00005c2c                __tablejump2__
                0x00005c38                . = ALIGN (0x2)
 *(.fini9)
 .fini9         0x00005c38        0x0 c:/program files (x86)/atmel/studio/7.0/toolchain/avr8/avr8-gnu-toolchain/bin/../lib/gcc/avr/4.9.2/avr5\libgcc.a(_exit.o)
                0x00005c38                _exit
                0x00005c38                exit
 *(.fini9)
 *(.fini8)
 *(.fini8)
 *(.fini7)
 *(.fini7)
 *(.fini6)
 *(.fini6)
 *(.fini5)
 *(.fini5)
 *(.fini4)
 *(.fini4)
 *(.fini3)
 *(.fini3)
 *(.fini2)
 *(.fini2)
 *(.fini1)
 *(.fini1)
 *(.fini0)
 .fini0         0x00005c38        0x4 c:/program files (x86)/atmel/studio/7.0/toolchain/avr8/avr8-gnu-toolchain/bin/../lib/gcc/avr/4.9.2/avr5\libgcc.a(_exit.o)
 *(.fini0)
                0x00005c3c                _etext = .

.data           0x00800100      0x414 load address 0x00005c3c
                0x00800100                PROVIDE (__data_start, .)
 *(.data)
 *(.data*)
 .data.q        0x00800100       0x10 Sketch.o
                0x00800100                q
 .data.GyroMeasError
                0x00800110        0x4 Sketch.o
                0x00800110                GyroMeasError
 .data.myLed    0x00800114        0x2 Sketch.o
                0x00800114                myLed
 .data.INTP2    0x00800116        0x2 Sketch.o
                0x00800116                INTP2
 .data.INTP1    0x00800118        0x2 Sketch.o
                0x00800118                INTP1
 .data.INTGX    0x0080011a        0x2 Sketch.o
                0x0080011a                INTGX
 .data.SAMPLERATE
                0x0080011c        0x1 Sketch.o
                0x0080011c                SAMPLERATE
 .data.Mmode    0x0080011d        0x1 Sketch.o
                0x0080011d                Mmode
 .data.Mscale   0x0080011e        0x1 Sketch.o
                0x0080011e                Mscale
 *(.rodata)
 *(.rodata*)
 .rodata.str1.1
                0x0080011f      0x3c6 Sketch.o
                                0x3c9 (size before relaxing)
 .rodata._ZTV14HardwareSerial
                0x008004e5       0x10 C:\Data\infotek\svn\2012\gat\Projects\Atmega\code\Atmelstudio\Libraries\ArduinoCore\Debug\libArduinoCore.a(HardwareSerial.o)
                0x008004e5                _ZTV14HardwareSerial
 .rodata.str1.1
                0x008004f5        0xf C:\Data\infotek\svn\2012\gat\Projects\Atmega\code\Atmelstudio\Libraries\ArduinoCore\Debug\libArduinoCore.a(Print.o)
 .rodata._ZTV7TwoWire
                0x00800504       0x10 C:\Data\infotek\svn\2012\gat\Projects\Atmega\code\Atmelstudio\Libraries\ArduinoCore\Debug\libArduinoCore.a(Wire.o)
                0x00800504                _ZTV7TwoWire
 *(.gnu.linkonce.d*)
                0x00800514                . = ALIGN (0x2)
                0x00800514                _edata = .
                0x00800514                PROVIDE (__data_end, .)

.bss            0x00800514      0x238
                0x00800514                PROVIDE (__bss_start, .)
 *(.bss)
 *(.bss*)
 .bss.mz        0x00800514        0x4 Sketch.o
                0x00800514                mz
 .bss.my        0x00800518        0x4 Sketch.o
                0x00800518                my
 .bss.mx        0x0080051c        0x4 Sketch.o
                0x0080051c                mx
 .bss.gz        0x00800520        0x4 Sketch.o
                0x00800520                gz
 .bss.gy        0x00800524        0x4 Sketch.o
                0x00800524                gy
 .bss.gx        0x00800528        0x4 Sketch.o
                0x00800528                gx
 .bss.az        0x0080052c        0x4 Sketch.o
                0x0080052c                az
 .bss.ay        0x00800530        0x4 Sketch.o
                0x00800530                ay
 .bss.ax        0x00800534        0x4 Sketch.o
                0x00800534                ax
 .bss.Now       0x00800538        0x4 Sketch.o
                0x00800538                Now
 .bss.lastUpdate
                0x0080053c        0x4 Sketch.o
                0x0080053c                lastUpdate
 .bss.sum       0x00800540        0x4 Sketch.o
                0x00800540                sum
 .bss.deltat    0x00800544        0x4 Sketch.o
                0x00800544                deltat
 .bss.roll      0x00800548        0x4 Sketch.o
                0x00800548                roll
 .bss.yaw       0x0080054c        0x4 Sketch.o
                0x0080054c                yaw
 .bss.pitch     0x00800550        0x4 Sketch.o
                0x00800550                pitch
 .bss.sumCount  0x00800554        0x4 Sketch.o
                0x00800554                sumCount
 .bss.count     0x00800558        0x4 Sketch.o
                0x00800558                count
 .bss.delt_t    0x0080055c        0x4 Sketch.o
                0x0080055c                delt_t
 .bss.zeta      0x00800560        0x4 Sketch.o
                0x00800560                zeta
 .bss.beta      0x00800564        0x4 Sketch.o
                0x00800564                beta
 .bss.GyroMeasDrift
                0x00800568        0x4 Sketch.o
                0x00800568                GyroMeasDrift
 .bss.SelfTest  0x0080056c       0x18 Sketch.o
                0x0080056c                SelfTest
 .bss.Temperature
                0x00800584        0x4 Sketch.o
                0x00800584                Temperature
 .bss.temperature
                0x00800588        0x4 Sketch.o
                0x00800588                temperature
 .bss.tempCount
                0x0080058c        0x2 Sketch.o
                0x0080058c                tempCount
 .bss.accelBias
                0x0080058e        0xc Sketch.o
                0x0080058e                accelBias
 .bss.gyroBias  0x0080059a        0xc Sketch.o
                0x0080059a                gyroBias
 .bss.magbias   0x008005a6        0xc Sketch.o
                0x008005a6                magbias
 .bss.magCalibration
                0x008005b2        0xc Sketch.o
                0x008005b2                magCalibration
 .bss.magCount  0x008005be        0x6 Sketch.o
                0x008005be                magCount
 .bss.gyroCount
                0x008005c4        0x6 Sketch.o
                0x008005c4                gyroCount
 .bss.accelCount
                0x008005ca        0x6 Sketch.o
                0x008005ca                accelCount
 .bss.pressure  0x008005d0        0x4 Sketch.o
                0x008005d0                pressure
 .bss.altitude  0x008005d4        0x4 Sketch.o
                0x008005d4                altitude
 .bss.mRes      0x008005d8        0x4 Sketch.o
                0x008005d8                mRes
 .bss.gRes      0x008005dc        0x4 Sketch.o
                0x008005dc                gRes
 .bss.aRes      0x008005e0        0x4 Sketch.o
                0x008005e0                aRes
 .bss.Ascale    0x008005e4        0x1 Sketch.o
                0x008005e4                Ascale
 .bss.Gscale    0x008005e5        0x1 Sketch.o
                0x008005e5                Gscale
 .bss.Serial    0x008005e6       0x9d C:\Data\infotek\svn\2012\gat\Projects\Atmega\code\Atmelstudio\Libraries\ArduinoCore\Debug\libArduinoCore.a(HardwareSerial0.o)
                0x008005e6                Serial
 .bss.Wire      0x00800683        0xc C:\Data\infotek\svn\2012\gat\Projects\Atmega\code\Atmelstudio\Libraries\ArduinoCore\Debug\libArduinoCore.a(Wire.o)
                0x00800683                Wire
 .bss._ZN7TwoWire12transmittingE
                0x0080068f        0x1 C:\Data\infotek\svn\2012\gat\Projects\Atmega\code\Atmelstudio\Libraries\ArduinoCore\Debug\libArduinoCore.a(Wire.o)
                0x0080068f                _ZN7TwoWire12transmittingE
 .bss._ZN7TwoWire14txBufferLengthE
                0x00800690        0x1 C:\Data\infotek\svn\2012\gat\Projects\Atmega\code\Atmelstudio\Libraries\ArduinoCore\Debug\libArduinoCore.a(Wire.o)
                0x00800690                _ZN7TwoWire14txBufferLengthE
 .bss._ZN7TwoWire13txBufferIndexE
                0x00800691        0x1 C:\Data\infotek\svn\2012\gat\Projects\Atmega\code\Atmelstudio\Libraries\ArduinoCore\Debug\libArduinoCore.a(Wire.o)
                0x00800691                _ZN7TwoWire13txBufferIndexE
 .bss._ZN7TwoWire8txBufferE
                0x00800692       0x20 C:\Data\infotek\svn\2012\gat\Projects\Atmega\code\Atmelstudio\Libraries\ArduinoCore\Debug\libArduinoCore.a(Wire.o)
                0x00800692                _ZN7TwoWire8txBufferE
 .bss._ZN7TwoWire9txAddressE
                0x008006b2        0x1 C:\Data\infotek\svn\2012\gat\Projects\Atmega\code\Atmelstudio\Libraries\ArduinoCore\Debug\libArduinoCore.a(Wire.o)
                0x008006b2                _ZN7TwoWire9txAddressE
 .bss._ZN7TwoWire14rxBufferLengthE
                0x008006b3        0x1 C:\Data\infotek\svn\2012\gat\Projects\Atmega\code\Atmelstudio\Libraries\ArduinoCore\Debug\libArduinoCore.a(Wire.o)
                0x008006b3                _ZN7TwoWire14rxBufferLengthE
 .bss._ZN7TwoWire13rxBufferIndexE
                0x008006b4        0x1 C:\Data\infotek\svn\2012\gat\Projects\Atmega\code\Atmelstudio\Libraries\ArduinoCore\Debug\libArduinoCore.a(Wire.o)
                0x008006b4                _ZN7TwoWire13rxBufferIndexE
 .bss._ZN7TwoWire8rxBufferE
                0x008006b5       0x20 C:\Data\infotek\svn\2012\gat\Projects\Atmega\code\Atmelstudio\Libraries\ArduinoCore\Debug\libArduinoCore.a(Wire.o)
                0x008006b5                _ZN7TwoWire8rxBufferE
 .bss.timer0_fract
                0x008006d5        0x1 C:\Data\infotek\svn\2012\gat\Projects\Atmega\code\Atmelstudio\Libraries\ArduinoCore\Debug\libArduinoCore.a(wiring.o)
 .bss.timer0_millis
                0x008006d6        0x4 C:\Data\infotek\svn\2012\gat\Projects\Atmega\code\Atmelstudio\Libraries\ArduinoCore\Debug\libArduinoCore.a(wiring.o)
                0x008006d6                timer0_millis
 .bss.timer0_overflow_count
                0x008006da        0x4 C:\Data\infotek\svn\2012\gat\Projects\Atmega\code\Atmelstudio\Libraries\ArduinoCore\Debug\libArduinoCore.a(wiring.o)
                0x008006da                timer0_overflow_count
 .bss.twi_error
                0x008006de        0x1 C:\Data\infotek\svn\2012\gat\Projects\Atmega\code\Atmelstudio\Libraries\ArduinoCore\Debug\libArduinoCore.a(twi.o)
 .bss.twi_rxBufferIndex
                0x008006df        0x1 C:\Data\infotek\svn\2012\gat\Projects\Atmega\code\Atmelstudio\Libraries\ArduinoCore\Debug\libArduinoCore.a(twi.o)
 .bss.twi_rxBuffer
                0x008006e0       0x20 C:\Data\infotek\svn\2012\gat\Projects\Atmega\code\Atmelstudio\Libraries\ArduinoCore\Debug\libArduinoCore.a(twi.o)
 .bss.twi_txBufferLength
                0x00800700        0x1 C:\Data\infotek\svn\2012\gat\Projects\Atmega\code\Atmelstudio\Libraries\ArduinoCore\Debug\libArduinoCore.a(twi.o)
 .bss.twi_txBufferIndex
                0x00800701        0x1 C:\Data\infotek\svn\2012\gat\Projects\Atmega\code\Atmelstudio\Libraries\ArduinoCore\Debug\libArduinoCore.a(twi.o)
 .bss.twi_txBuffer
                0x00800702       0x20 C:\Data\infotek\svn\2012\gat\Projects\Atmega\code\Atmelstudio\Libraries\ArduinoCore\Debug\libArduinoCore.a(twi.o)
 .bss.twi_masterBufferLength
                0x00800722        0x1 C:\Data\infotek\svn\2012\gat\Projects\Atmega\code\Atmelstudio\Libraries\ArduinoCore\Debug\libArduinoCore.a(twi.o)
 .bss.twi_masterBufferIndex
                0x00800723        0x1 C:\Data\infotek\svn\2012\gat\Projects\Atmega\code\Atmelstudio\Libraries\ArduinoCore\Debug\libArduinoCore.a(twi.o)
 .bss.twi_masterBuffer
                0x00800724       0x20 C:\Data\infotek\svn\2012\gat\Projects\Atmega\code\Atmelstudio\Libraries\ArduinoCore\Debug\libArduinoCore.a(twi.o)
 .bss.twi_onSlaveReceive
                0x00800744        0x2 C:\Data\infotek\svn\2012\gat\Projects\Atmega\code\Atmelstudio\Libraries\ArduinoCore\Debug\libArduinoCore.a(twi.o)
 .bss.twi_onSlaveTransmit
                0x00800746        0x2 C:\Data\infotek\svn\2012\gat\Projects\Atmega\code\Atmelstudio\Libraries\ArduinoCore\Debug\libArduinoCore.a(twi.o)
 .bss.twi_inRepStart
                0x00800748        0x1 C:\Data\infotek\svn\2012\gat\Projects\Atmega\code\Atmelstudio\Libraries\ArduinoCore\Debug\libArduinoCore.a(twi.o)
 .bss.twi_sendStop
                0x00800749        0x1 C:\Data\infotek\svn\2012\gat\Projects\Atmega\code\Atmelstudio\Libraries\ArduinoCore\Debug\libArduinoCore.a(twi.o)
 .bss.twi_slarw
                0x0080074a        0x1 C:\Data\infotek\svn\2012\gat\Projects\Atmega\code\Atmelstudio\Libraries\ArduinoCore\Debug\libArduinoCore.a(twi.o)
 .bss.twi_state
                0x0080074b        0x1 C:\Data\infotek\svn\2012\gat\Projects\Atmega\code\Atmelstudio\Libraries\ArduinoCore\Debug\libArduinoCore.a(twi.o)
 *(COMMON)
                0x0080074c                PROVIDE (__bss_end, .)
                0x00005c3c                __data_load_start = LOADADDR (.data)
                0x00006050                __data_load_end = (__data_load_start + SIZEOF (.data))

.noinit         0x0080074c        0x0
                [!provide]                PROVIDE (__noinit_start, .)
 *(.noinit*)
                [!provide]                PROVIDE (__noinit_end, .)
                0x0080074c                _end = .
                [!provide]                PROVIDE (__heap_start, .)

.eeprom         0x00810000        0x0
 *(.eeprom*)
                0x00810000                __eeprom_end = .

.fuse
 *(.fuse)
 *(.lfuse)
 *(.hfuse)
 *(.efuse)

.lock
 *(.lock*)

.signature
 *(.signature*)

.user_signatures
 *(.user_signatures*)

.stab
 *(.stab)

.stabstr
 *(.stabstr)

.stab.excl
 *(.stab.excl)

.stab.exclstr
 *(.stab.exclstr)

.stab.index
 *(.stab.index)

.stab.indexstr
 *(.stab.indexstr)

.comment        0x00000000       0x30
 *(.comment)
 .comment       0x00000000       0x30 Sketch.o
                                 0x31 (size before relaxing)
 .comment       0x00000030       0x31 C:\Data\infotek\svn\2012\gat\Projects\Atmega\code\Atmelstudio\Libraries\ArduinoCore\Debug\libArduinoCore.a(HardwareSerial.o)
 .comment       0x00000030       0x31 C:\Data\infotek\svn\2012\gat\Projects\Atmega\code\Atmelstudio\Libraries\ArduinoCore\Debug\libArduinoCore.a(HardwareSerial0.o)
 .comment       0x00000030       0x31 C:\Data\infotek\svn\2012\gat\Projects\Atmega\code\Atmelstudio\Libraries\ArduinoCore\Debug\libArduinoCore.a(main.o)
 .comment       0x00000030       0x31 C:\Data\infotek\svn\2012\gat\Projects\Atmega\code\Atmelstudio\Libraries\ArduinoCore\Debug\libArduinoCore.a(Print.o)
 .comment       0x00000030       0x31 C:\Data\infotek\svn\2012\gat\Projects\Atmega\code\Atmelstudio\Libraries\ArduinoCore\Debug\libArduinoCore.a(Wire.o)
 .comment       0x00000030       0x31 C:\Data\infotek\svn\2012\gat\Projects\Atmega\code\Atmelstudio\Libraries\ArduinoCore\Debug\libArduinoCore.a(wiring.o)
 .comment       0x00000030       0x31 C:\Data\infotek\svn\2012\gat\Projects\Atmega\code\Atmelstudio\Libraries\ArduinoCore\Debug\libArduinoCore.a(wiring_digital.o)
 .comment       0x00000030       0x31 C:\Data\infotek\svn\2012\gat\Projects\Atmega\code\Atmelstudio\Libraries\ArduinoCore\Debug\libArduinoCore.a(hooks.o)
 .comment       0x00000030       0x31 C:\Data\infotek\svn\2012\gat\Projects\Atmega\code\Atmelstudio\Libraries\ArduinoCore\Debug\libArduinoCore.a(twi.o)

.note.gnu.avr.deviceinfo
                0x00000000       0x40
 .note.gnu.avr.deviceinfo
                0x00000000       0x40 C:/Program Files (x86)/Atmel/Studio/7.0/Packs/Atmel/ATmega_DFP/1.2.132/gcc/dev/atmega328p/avr5/crtatmega328p.o

.note.gnu.build-id
 *(.note.gnu.build-id)

.debug
 *(.debug)

.line
 *(.line)

.debug_srcinfo
 *(.debug_srcinfo)

.debug_sfnames
 *(.debug_sfnames)

.debug_aranges  0x00000000      0x4e0
 *(.debug_aranges)
 .debug_aranges
                0x00000000      0x118 Sketch.o
 .debug_aranges
                0x00000118       0x68 C:\Data\infotek\svn\2012\gat\Projects\Atmega\code\Atmelstudio\Libraries\ArduinoCore\Debug\libArduinoCore.a(HardwareSerial.o)
 .debug_aranges
                0x00000180       0x38 C:\Data\infotek\svn\2012\gat\Projects\Atmega\code\Atmelstudio\Libraries\ArduinoCore\Debug\libArduinoCore.a(HardwareSerial0.o)
 .debug_aranges
                0x000001b8       0x38 C:\Data\infotek\svn\2012\gat\Projects\Atmega\code\Atmelstudio\Libraries\ArduinoCore\Debug\libArduinoCore.a(main.o)
 .debug_aranges
                0x000001f0       0xe8 C:\Data\infotek\svn\2012\gat\Projects\Atmega\code\Atmelstudio\Libraries\ArduinoCore\Debug\libArduinoCore.a(Print.o)
 .debug_aranges
                0x000002d8       0xe8 C:\Data\infotek\svn\2012\gat\Projects\Atmega\code\Atmelstudio\Libraries\ArduinoCore\Debug\libArduinoCore.a(Wire.o)
 .debug_aranges
                0x000003c0       0x48 C:\Data\infotek\svn\2012\gat\Projects\Atmega\code\Atmelstudio\Libraries\ArduinoCore\Debug\libArduinoCore.a(wiring.o)
 .debug_aranges
                0x00000408       0x38 C:\Data\infotek\svn\2012\gat\Projects\Atmega\code\Atmelstudio\Libraries\ArduinoCore\Debug\libArduinoCore.a(wiring_digital.o)
 .debug_aranges
                0x00000440       0x20 C:\Data\infotek\svn\2012\gat\Projects\Atmega\code\Atmelstudio\Libraries\ArduinoCore\Debug\libArduinoCore.a(hooks.o)
 .debug_aranges
                0x00000460       0x80 C:\Data\infotek\svn\2012\gat\Projects\Atmega\code\Atmelstudio\Libraries\ArduinoCore\Debug\libArduinoCore.a(twi.o)

.debug_pubnames
 *(.debug_pubnames)

.debug_info     0x00000000     0xd969
 *(.debug_info .gnu.linkonce.wi.*)
 .debug_info    0x00000000      0x5f4 C:/Program Files (x86)/Atmel/Studio/7.0/Packs/Atmel/ATmega_DFP/1.2.132/gcc/dev/atmega328p/avr5/crtatmega328p.o
 .debug_info    0x000005f4     0x3aad Sketch.o
 .debug_info    0x000040a1     0x1d97 C:\Data\infotek\svn\2012\gat\Projects\Atmega\code\Atmelstudio\Libraries\ArduinoCore\Debug\libArduinoCore.a(HardwareSerial.o)
 .debug_info    0x00005e38     0x1a3b C:\Data\infotek\svn\2012\gat\Projects\Atmega\code\Atmelstudio\Libraries\ArduinoCore\Debug\libArduinoCore.a(HardwareSerial0.o)
 .debug_info    0x00007873      0x231 C:\Data\infotek\svn\2012\gat\Projects\Atmega\code\Atmelstudio\Libraries\ArduinoCore\Debug\libArduinoCore.a(main.o)
 .debug_info    0x00007aa4     0x2886 C:\Data\infotek\svn\2012\gat\Projects\Atmega\code\Atmelstudio\Libraries\ArduinoCore\Debug\libArduinoCore.a(Print.o)
 .debug_info    0x0000a32a     0x2737 C:\Data\infotek\svn\2012\gat\Projects\Atmega\code\Atmelstudio\Libraries\ArduinoCore\Debug\libArduinoCore.a(Wire.o)
 .debug_info    0x0000ca61      0x2c8 C:\Data\infotek\svn\2012\gat\Projects\Atmega\code\Atmelstudio\Libraries\ArduinoCore\Debug\libArduinoCore.a(wiring.o)
 .debug_info    0x0000cd29      0x5f9 C:\Data\infotek\svn\2012\gat\Projects\Atmega\code\Atmelstudio\Libraries\ArduinoCore\Debug\libArduinoCore.a(wiring_digital.o)
 .debug_info    0x0000d322       0x3e C:\Data\infotek\svn\2012\gat\Projects\Atmega\code\Atmelstudio\Libraries\ArduinoCore\Debug\libArduinoCore.a(hooks.o)
 .debug_info    0x0000d360      0x609 C:\Data\infotek\svn\2012\gat\Projects\Atmega\code\Atmelstudio\Libraries\ArduinoCore\Debug\libArduinoCore.a(twi.o)

.debug_abbrev   0x00000000     0x20f1
 *(.debug_abbrev)
 .debug_abbrev  0x00000000      0x5a2 C:/Program Files (x86)/Atmel/Studio/7.0/Packs/Atmel/ATmega_DFP/1.2.132/gcc/dev/atmega328p/avr5/crtatmega328p.o
 .debug_abbrev  0x000005a2      0x3fa Sketch.o
 .debug_abbrev  0x0000099c      0x3d7 C:\Data\infotek\svn\2012\gat\Projects\Atmega\code\Atmelstudio\Libraries\ArduinoCore\Debug\libArduinoCore.a(HardwareSerial.o)
 .debug_abbrev  0x00000d73      0x3aa C:\Data\infotek\svn\2012\gat\Projects\Atmega\code\Atmelstudio\Libraries\ArduinoCore\Debug\libArduinoCore.a(HardwareSerial0.o)
 .debug_abbrev  0x0000111d      0x109 C:\Data\infotek\svn\2012\gat\Projects\Atmega\code\Atmelstudio\Libraries\ArduinoCore\Debug\libArduinoCore.a(main.o)
 .debug_abbrev  0x00001226      0x401 C:\Data\infotek\svn\2012\gat\Projects\Atmega\code\Atmelstudio\Libraries\ArduinoCore\Debug\libArduinoCore.a(Print.o)
 .debug_abbrev  0x00001627      0x5a1 C:\Data\infotek\svn\2012\gat\Projects\Atmega\code\Atmelstudio\Libraries\ArduinoCore\Debug\libArduinoCore.a(Wire.o)
 .debug_abbrev  0x00001bc8      0x145 C:\Data\infotek\svn\2012\gat\Projects\Atmega\code\Atmelstudio\Libraries\ArduinoCore\Debug\libArduinoCore.a(wiring.o)
 .debug_abbrev  0x00001d0d      0x15b C:\Data\infotek\svn\2012\gat\Projects\Atmega\code\Atmelstudio\Libraries\ArduinoCore\Debug\libArduinoCore.a(wiring_digital.o)
 .debug_abbrev  0x00001e68       0x2a C:\Data\infotek\svn\2012\gat\Projects\Atmega\code\Atmelstudio\Libraries\ArduinoCore\Debug\libArduinoCore.a(hooks.o)
 .debug_abbrev  0x00001e92      0x25f C:\Data\infotek\svn\2012\gat\Projects\Atmega\code\Atmelstudio\Libraries\ArduinoCore\Debug\libArduinoCore.a(twi.o)

.debug_line     0x00000000     0x3416
 *(.debug_line .debug_line.* .debug_line_end)
 .debug_line    0x00000000      0x133 C:/Program Files (x86)/Atmel/Studio/7.0/Packs/Atmel/ATmega_DFP/1.2.132/gcc/dev/atmega328p/avr5/crtatmega328p.o
 .debug_line    0x00000133     0x129c Sketch.o
 .debug_line    0x000013cf      0x49f C:\Data\infotek\svn\2012\gat\Projects\Atmega\code\Atmelstudio\Libraries\ArduinoCore\Debug\libArduinoCore.a(HardwareSerial.o)
 .debug_line    0x0000186e      0x2a8 C:\Data\infotek\svn\2012\gat\Projects\Atmega\code\Atmelstudio\Libraries\ArduinoCore\Debug\libArduinoCore.a(HardwareSerial0.o)
 .debug_line    0x00001b16      0x1c6 C:\Data\infotek\svn\2012\gat\Projects\Atmega\code\Atmelstudio\Libraries\ArduinoCore\Debug\libArduinoCore.a(main.o)
 .debug_line    0x00001cdc      0x6d9 C:\Data\infotek\svn\2012\gat\Projects\Atmega\code\Atmelstudio\Libraries\ArduinoCore\Debug\libArduinoCore.a(Print.o)
 .debug_line    0x000023b5      0x55f C:\Data\infotek\svn\2012\gat\Projects\Atmega\code\Atmelstudio\Libraries\ArduinoCore\Debug\libArduinoCore.a(Wire.o)
 .debug_line    0x00002914      0x2ea C:\Data\infotek\svn\2012\gat\Projects\Atmega\code\Atmelstudio\Libraries\ArduinoCore\Debug\libArduinoCore.a(wiring.o)
 .debug_line    0x00002bfe      0x2a3 C:\Data\infotek\svn\2012\gat\Projects\Atmega\code\Atmelstudio\Libraries\ArduinoCore\Debug\libArduinoCore.a(wiring_digital.o)
 .debug_line    0x00002ea1       0x41 C:\Data\infotek\svn\2012\gat\Projects\Atmega\code\Atmelstudio\Libraries\ArduinoCore\Debug\libArduinoCore.a(hooks.o)
 .debug_line    0x00002ee2      0x534 C:\Data\infotek\svn\2012\gat\Projects\Atmega\code\Atmelstudio\Libraries\ArduinoCore\Debug\libArduinoCore.a(twi.o)

.debug_frame    0x00000000      0xfe8
 *(.debug_frame)
 .debug_frame   0x00000000      0x530 Sketch.o
 .debug_frame   0x00000530      0x110 C:\Data\infotek\svn\2012\gat\Projects\Atmega\code\Atmelstudio\Libraries\ArduinoCore\Debug\libArduinoCore.a(HardwareSerial.o)
 .debug_frame   0x00000640       0xcc C:\Data\infotek\svn\2012\gat\Projects\Atmega\code\Atmelstudio\Libraries\ArduinoCore\Debug\libArduinoCore.a(HardwareSerial0.o)
 .debug_frame   0x0000070c       0x54 C:\Data\infotek\svn\2012\gat\Projects\Atmega\code\Atmelstudio\Libraries\ArduinoCore\Debug\libArduinoCore.a(main.o)
 .debug_frame   0x00000760      0x38c C:\Data\infotek\svn\2012\gat\Projects\Atmega\code\Atmelstudio\Libraries\ArduinoCore\Debug\libArduinoCore.a(Print.o)
 .debug_frame   0x00000aec      0x264 C:\Data\infotek\svn\2012\gat\Projects\Atmega\code\Atmelstudio\Libraries\ArduinoCore\Debug\libArduinoCore.a(Wire.o)
 .debug_frame   0x00000d50       0xc4 C:\Data\infotek\svn\2012\gat\Projects\Atmega\code\Atmelstudio\Libraries\ArduinoCore\Debug\libArduinoCore.a(wiring.o)
 .debug_frame   0x00000e14       0x7c C:\Data\infotek\svn\2012\gat\Projects\Atmega\code\Atmelstudio\Libraries\ArduinoCore\Debug\libArduinoCore.a(wiring_digital.o)
 .debug_frame   0x00000e90       0x24 C:\Data\infotek\svn\2012\gat\Projects\Atmega\code\Atmelstudio\Libraries\ArduinoCore\Debug\libArduinoCore.a(hooks.o)
 .debug_frame   0x00000eb4      0x134 C:\Data\infotek\svn\2012\gat\Projects\Atmega\code\Atmelstudio\Libraries\ArduinoCore\Debug\libArduinoCore.a(twi.o)

.debug_str      0x00000000     0x2ca1
 *(.debug_str)
 .debug_str     0x00000000      0x208 C:/Program Files (x86)/Atmel/Studio/7.0/Packs/Atmel/ATmega_DFP/1.2.132/gcc/dev/atmega328p/avr5/crtatmega328p.o
 .debug_str     0x00000208      0xdbc Sketch.o
                                0xe7c (size before relaxing)
 .debug_str     0x00000fc4     0x1174 C:\Data\infotek\svn\2012\gat\Projects\Atmega\code\Atmelstudio\Libraries\ArduinoCore\Debug\libArduinoCore.a(HardwareSerial.o)
                               0x1358 (size before relaxing)
 .debug_str     0x00002138       0x47 C:\Data\infotek\svn\2012\gat\Projects\Atmega\code\Atmelstudio\Libraries\ArduinoCore\Debug\libArduinoCore.a(HardwareSerial0.o)
                               0x1158 (size before relaxing)
 .debug_str     0x0000217f       0x43 C:\Data\infotek\svn\2012\gat\Projects\Atmega\code\Atmelstudio\Libraries\ArduinoCore\Debug\libArduinoCore.a(main.o)
                                0x2c3 (size before relaxing)
 .debug_str     0x000021c2      0x2f9 C:\Data\infotek\svn\2012\gat\Projects\Atmega\code\Atmelstudio\Libraries\ArduinoCore\Debug\libArduinoCore.a(Print.o)
                                0xfb4 (size before relaxing)
 .debug_str     0x000024bb      0x48b C:\Data\infotek\svn\2012\gat\Projects\Atmega\code\Atmelstudio\Libraries\ArduinoCore\Debug\libArduinoCore.a(Wire.o)
                               0x15eb (size before relaxing)
 .debug_str     0x00002946      0x14a C:\Data\infotek\svn\2012\gat\Projects\Atmega\code\Atmelstudio\Libraries\ArduinoCore\Debug\libArduinoCore.a(wiring.o)
                                0x24d (size before relaxing)
 .debug_str     0x00002a90       0xb6 C:\Data\infotek\svn\2012\gat\Projects\Atmega\code\Atmelstudio\Libraries\ArduinoCore\Debug\libArduinoCore.a(wiring_digital.o)
                                0x2b2 (size before relaxing)
 .debug_str     0x00002b46       0x1c C:\Data\infotek\svn\2012\gat\Projects\Atmega\code\Atmelstudio\Libraries\ArduinoCore\Debug\libArduinoCore.a(hooks.o)
                                0x142 (size before relaxing)
 .debug_str     0x00002b62      0x13f C:\Data\infotek\svn\2012\gat\Projects\Atmega\code\Atmelstudio\Libraries\ArduinoCore\Debug\libArduinoCore.a(twi.o)
                                0x3bb (size before relaxing)

.debug_loc      0x00000000     0x6a41
 *(.debug_loc)
 .debug_loc     0x00000000     0x2e7a Sketch.o
 .debug_loc     0x00002e7a      0x484 C:\Data\infotek\svn\2012\gat\Projects\Atmega\code\Atmelstudio\Libraries\ArduinoCore\Debug\libArduinoCore.a(HardwareSerial.o)
 .debug_loc     0x000032fe      0x17b C:\Data\infotek\svn\2012\gat\Projects\Atmega\code\Atmelstudio\Libraries\ArduinoCore\Debug\libArduinoCore.a(HardwareSerial0.o)
 .debug_loc     0x00003479     0x1d62 C:\Data\infotek\svn\2012\gat\Projects\Atmega\code\Atmelstudio\Libraries\ArduinoCore\Debug\libArduinoCore.a(Print.o)
 .debug_loc     0x000051db      0xbd1 C:\Data\infotek\svn\2012\gat\Projects\Atmega\code\Atmelstudio\Libraries\ArduinoCore\Debug\libArduinoCore.a(Wire.o)
 .debug_loc     0x00005dac      0x269 C:\Data\infotek\svn\2012\gat\Projects\Atmega\code\Atmelstudio\Libraries\ArduinoCore\Debug\libArduinoCore.a(wiring.o)
 .debug_loc     0x00006015      0x5e3 C:\Data\infotek\svn\2012\gat\Projects\Atmega\code\Atmelstudio\Libraries\ArduinoCore\Debug\libArduinoCore.a(wiring_digital.o)
 .debug_loc     0x000065f8      0x449 C:\Data\infotek\svn\2012\gat\Projects\Atmega\code\Atmelstudio\Libraries\ArduinoCore\Debug\libArduinoCore.a(twi.o)

.debug_macinfo
 *(.debug_macinfo)

.debug_weaknames
 *(.debug_weaknames)

.debug_funcnames
 *(.debug_funcnames)

.debug_typenames
 *(.debug_typenames)

.debug_varnames
 *(.debug_varnames)

.debug_pubtypes
 *(.debug_pubtypes)

.debug_ranges   0x00000000      0x458
 *(.debug_ranges)
 .debug_ranges  0x00000000      0x108 Sketch.o
 .debug_ranges  0x00000108       0x58 C:\Data\infotek\svn\2012\gat\Projects\Atmega\code\Atmelstudio\Libraries\ArduinoCore\Debug\libArduinoCore.a(HardwareSerial.o)
 .debug_ranges  0x00000160       0x28 C:\Data\infotek\svn\2012\gat\Projects\Atmega\code\Atmelstudio\Libraries\ArduinoCore\Debug\libArduinoCore.a(HardwareSerial0.o)
 .debug_ranges  0x00000188       0x28 C:\Data\infotek\svn\2012\gat\Projects\Atmega\code\Atmelstudio\Libraries\ArduinoCore\Debug\libArduinoCore.a(main.o)
 .debug_ranges  0x000001b0       0xf0 C:\Data\infotek\svn\2012\gat\Projects\Atmega\code\Atmelstudio\Libraries\ArduinoCore\Debug\libArduinoCore.a(Print.o)
 .debug_ranges  0x000002a0       0xd8 C:\Data\infotek\svn\2012\gat\Projects\Atmega\code\Atmelstudio\Libraries\ArduinoCore\Debug\libArduinoCore.a(Wire.o)
 .debug_ranges  0x00000378       0x38 C:\Data\infotek\svn\2012\gat\Projects\Atmega\code\Atmelstudio\Libraries\ArduinoCore\Debug\libArduinoCore.a(wiring.o)
 .debug_ranges  0x000003b0       0x28 C:\Data\infotek\svn\2012\gat\Projects\Atmega\code\Atmelstudio\Libraries\ArduinoCore\Debug\libArduinoCore.a(wiring_digital.o)
 .debug_ranges  0x000003d8       0x10 C:\Data\infotek\svn\2012\gat\Projects\Atmega\code\Atmelstudio\Libraries\ArduinoCore\Debug\libArduinoCore.a(hooks.o)
 .debug_ranges  0x000003e8       0x70 C:\Data\infotek\svn\2012\gat\Projects\Atmega\code\Atmelstudio\Libraries\ArduinoCore\Debug\libArduinoCore.a(twi.o)

.debug_macro
 *(.debug_macro)
OUTPUT(GyroTest9250Dof9.elf elf32-avr)
LOAD linker stubs
