Archive member included to satisfy reference by file (symbol)

c:/program files (x86)/atmel/studio/7.0/toolchain/avr8/avr8-gnu-toolchain/bin/../lib/gcc/avr/4.9.2/../../../../avr/lib/avr5\libm.a(addsf3.o)
                              ALFlightController.o (__subsf3)
c:/program files (x86)/atmel/studio/7.0/toolchain/avr8/avr8-gnu-toolchain/bin/../lib/gcc/avr/4.9.2/../../../../avr/lib/avr5\libm.a(addsf3x.o)
                              c:/program files (x86)/atmel/studio/7.0/toolchain/avr8/avr8-gnu-toolchain/bin/../lib/gcc/avr/4.9.2/../../../../avr/lib/avr5\libm.a(addsf3.o) (__addsf3x)
c:/program files (x86)/atmel/studio/7.0/toolchain/avr8/avr8-gnu-toolchain/bin/../lib/gcc/avr/4.9.2/../../../../avr/lib/avr5\libm.a(asin.o)
                              ALFlightController.o (asin)
c:/program files (x86)/atmel/studio/7.0/toolchain/avr8/avr8-gnu-toolchain/bin/../lib/gcc/avr/4.9.2/../../../../avr/lib/avr5\libm.a(cmpsf2.o)
                              ALFlightController.o (__ltsf2)
c:/program files (x86)/atmel/studio/7.0/toolchain/avr8/avr8-gnu-toolchain/bin/../lib/gcc/avr/4.9.2/../../../../avr/lib/avr5\libm.a(divsf3.o)
                              ALFlightController.o (__divsf3)
c:/program files (x86)/atmel/studio/7.0/toolchain/avr8/avr8-gnu-toolchain/bin/../lib/gcc/avr/4.9.2/../../../../avr/lib/avr5\libm.a(divsf3x.o)
                              c:/program files (x86)/atmel/studio/7.0/toolchain/avr8/avr8-gnu-toolchain/bin/../lib/gcc/avr/4.9.2/../../../../avr/lib/avr5\libm.a(divsf3.o) (__divsf3x)
c:/program files (x86)/atmel/studio/7.0/toolchain/avr8/avr8-gnu-toolchain/bin/../lib/gcc/avr/4.9.2/../../../../avr/lib/avr5\libm.a(fixsfsi.o)
                              ALFlightController.o (__fixsfsi)
c:/program files (x86)/atmel/studio/7.0/toolchain/avr8/avr8-gnu-toolchain/bin/../lib/gcc/avr/4.9.2/../../../../avr/lib/avr5\libm.a(fixunssfsi.o)
                              c:/program files (x86)/atmel/studio/7.0/toolchain/avr8/avr8-gnu-toolchain/bin/../lib/gcc/avr/4.9.2/../../../../avr/lib/avr5\libm.a(fixsfsi.o) (__fixunssfsi)
c:/program files (x86)/atmel/studio/7.0/toolchain/avr8/avr8-gnu-toolchain/bin/../lib/gcc/avr/4.9.2/../../../../avr/lib/avr5\libm.a(floatsisf.o)
                              ALFlightController.o (__floatsisf)
c:/program files (x86)/atmel/studio/7.0/toolchain/avr8/avr8-gnu-toolchain/bin/../lib/gcc/avr/4.9.2/../../../../avr/lib/avr5\libm.a(fp_arccos.o)
                              c:/program files (x86)/atmel/studio/7.0/toolchain/avr8/avr8-gnu-toolchain/bin/../lib/gcc/avr/4.9.2/../../../../avr/lib/avr5\libm.a(asin.o) (__fp_arccos)
c:/program files (x86)/atmel/studio/7.0/toolchain/avr8/avr8-gnu-toolchain/bin/../lib/gcc/avr/4.9.2/../../../../avr/lib/avr5\libm.a(fp_cmp.o)
                              c:/program files (x86)/atmel/studio/7.0/toolchain/avr8/avr8-gnu-toolchain/bin/../lib/gcc/avr/4.9.2/../../../../avr/lib/avr5\libm.a(cmpsf2.o) (__fp_cmp)
c:/program files (x86)/atmel/studio/7.0/toolchain/avr8/avr8-gnu-toolchain/bin/../lib/gcc/avr/4.9.2/../../../../avr/lib/avr5\libm.a(fp_inf.o)
                              c:/program files (x86)/atmel/studio/7.0/toolchain/avr8/avr8-gnu-toolchain/bin/../lib/gcc/avr/4.9.2/../../../../avr/lib/avr5\libm.a(addsf3x.o) (__fp_inf)
c:/program files (x86)/atmel/studio/7.0/toolchain/avr8/avr8-gnu-toolchain/bin/../lib/gcc/avr/4.9.2/../../../../avr/lib/avr5\libm.a(fp_nan.o)
                              c:/program files (x86)/atmel/studio/7.0/toolchain/avr8/avr8-gnu-toolchain/bin/../lib/gcc/avr/4.9.2/../../../../avr/lib/avr5\libm.a(addsf3x.o) (__fp_nan)
c:/program files (x86)/atmel/studio/7.0/toolchain/avr8/avr8-gnu-toolchain/bin/../lib/gcc/avr/4.9.2/../../../../avr/lib/avr5\libm.a(fp_powser.o)
                              c:/program files (x86)/atmel/studio/7.0/toolchain/avr8/avr8-gnu-toolchain/bin/../lib/gcc/avr/4.9.2/../../../../avr/lib/avr5\libm.a(fp_arccos.o) (__fp_powser)
c:/program files (x86)/atmel/studio/7.0/toolchain/avr8/avr8-gnu-toolchain/bin/../lib/gcc/avr/4.9.2/../../../../avr/lib/avr5\libm.a(fp_powsodd.o)
                              c:/program files (x86)/atmel/studio/7.0/toolchain/avr8/avr8-gnu-toolchain/bin/../lib/gcc/avr/4.9.2/../../../../avr/lib/avr5\libm.a(asin.o) (__fp_powsodd)
c:/program files (x86)/atmel/studio/7.0/toolchain/avr8/avr8-gnu-toolchain/bin/../lib/gcc/avr/4.9.2/../../../../avr/lib/avr5\libm.a(fp_pscA.o)
                              c:/program files (x86)/atmel/studio/7.0/toolchain/avr8/avr8-gnu-toolchain/bin/../lib/gcc/avr/4.9.2/../../../../avr/lib/avr5\libm.a(addsf3x.o) (__fp_pscA)
c:/program files (x86)/atmel/studio/7.0/toolchain/avr8/avr8-gnu-toolchain/bin/../lib/gcc/avr/4.9.2/../../../../avr/lib/avr5\libm.a(fp_pscB.o)
                              c:/program files (x86)/atmel/studio/7.0/toolchain/avr8/avr8-gnu-toolchain/bin/../lib/gcc/avr/4.9.2/../../../../avr/lib/avr5\libm.a(addsf3x.o) (__fp_pscB)
[...]
Memory Configuration

Name             Origin             Length             Attributes
text             0x00000000         0x00020000         xr
data             0x00800060         0x0000ffa0         rw !x
eeprom           0x00810000         0x00010000         rw !x
fuse             0x00820000         0x00000003         rw !x
lock             0x00830000         0x00000400         rw !x
signature        0x00840000         0x00000400         rw !x
user_signatures  0x00850000         0x00000400         rw !x
*default*        0x00000000         0xffffffff

Linker script and memory map

Address of section .data set to 0x800100
LOAD C:/Program Files (x86)/Atmel/Studio/7.0/Packs/atmel/ATmega_DFP/1.1.130/gcc/dev/atmega328p/avr5/crtatmega328p.o
LOAD ALFlightController.o
START GROUP
LOAD c:/program files (x86)/atmel/studio/7.0/toolchain/avr8/avr8-gnu-toolchain/bin/../lib/gcc/avr/4.9.2/../../../../avr/lib/avr5\libm.a
LOAD C:\Data\infotek\svn\2012\gat\Projects\Atmega\code\Atmelstudio\Libraries\ArduinoCore\Release\libArduinoCore.a
END GROUP
LOAD c:/program files (x86)/atmel/studio/7.0/toolchain/avr8/avr8-gnu-toolchain/bin/../lib/gcc/avr/4.9.2/avr5\libgcc.a
LOAD c:/program files (x86)/atmel/studio/7.0/toolchain/avr8/avr8-gnu-toolchain/bin/../lib/gcc/avr/4.9.2/../../../../avr/lib/avr5\libm.a
START GROUP
LOAD c:/program files (x86)/atmel/studio/7.0/toolchain/avr8/avr8-gnu-toolchain/bin/../lib/gcc/avr/4.9.2/avr5\libgcc.a
LOAD c:/program files (x86)/atmel/studio/7.0/toolchain/avr8/avr8-gnu-toolchain/bin/../lib/gcc/avr/4.9.2/../../../../avr/lib/avr5\libm.a
LOAD c:/program files (x86)/atmel/studio/7.0/toolchain/avr8/avr8-gnu-toolchain/bin/../lib/gcc/avr/4.9.2/../../../../avr/lib/avr5\libc.a
LOAD C:/Program Files (x86)/Atmel/Studio/7.0/Packs/atmel/ATmega_DFP/1.1.130/gcc/dev/atmega328p/avr5\libatmega328p.a
END GROUP
                0x00020000                __TEXT_REGION_LENGTH__ = DEFINED (__TEXT_REGION_LENGTH__)?__TEXT_REGION_LENGTH__:0x20000
                0x0000ffa0                __DATA_REGION_LENGTH__ = DEFINED (__DATA_REGION_LENGTH__)?__DATA_REGION_LENGTH__:0xffa0
                0x00010000                __EEPROM_REGION_LENGTH__ = DEFINED (__EEPROM_REGION_LENGTH__)?__EEPROM_REGION_LENGTH__:0x10000
                [0x00000003]                __FUSE_REGION_LENGTH__ = DEFINED (__FUSE_REGION_LENGTH__)?__FUSE_REGION_LENGTH__:0x400
                0x00000400                __LOCK_REGION_LENGTH__ = DEFINED (__LOCK_REGION_LENGTH__)?__LOCK_REGION_LENGTH__:0x400
                0x00000400                __SIGNATURE_REGION_LENGTH__ = DEFINED (__SIGNATURE_REGION_LENGTH__)?__SIGNATURE_REGION_LENGTH__:0x400
                0x00000400                __USER_SIGNATURE_REGION_LENGTH__ = DEFINED (__USER_SIGNATURE_REGION_LENGTH__)?__USER_SIGNATURE_REGION_LENGTH__:0x400

.hash
 *(.hash)

.dynsym
 *(.dynsym)

.dynstr
 *(.dynstr)

.gnu.version
 *(.gnu.version)

.gnu.version_d
 *(.gnu.version_d)

.gnu.version_r
 *(.gnu.version_r)

.rel.init
 *(.rel.init)

.rela.init
 *(.rela.init)

.rel.text
 *(.rel.text)
 *(.rel.text.*)
 *(.rel.gnu.linkonce.t*)

.rela.text
 *(.rela.text)
 *(.rela.text.*)
 *(.rela.gnu.linkonce.t*)

.rel.fini
 *(.rel.fini)

.rela.fini
 *(.rela.fini)

.rel.rodata
 *(.rel.rodata)
 *(.rel.rodata.*)
 *(.rel.gnu.linkonce.r*)

.rela.rodata
 *(.rela.rodata)
 *(.rela.rodata.*)
 *(.rela.gnu.linkonce.r*)

.rel.data
 *(.rel.data)
 *(.rel.data.*)
 *(.rel.gnu.linkonce.d*)

.rela.data
 *(.rela.data)
 *(.rela.data.*)
 *(.rela.gnu.linkonce.d*)

.rel.ctors
 *(.rel.ctors)

.rela.ctors
 *(.rela.ctors)

.rel.dtors
 *(.rel.dtors)

.rela.dtors
 *(.rela.dtors)

.rel.got
 *(.rel.got)

.rela.got
 *(.rela.got)

.rel.bss
 *(.rel.bss)

.rela.bss
 *(.rela.bss)

.rel.plt
 *(.rel.plt)

.rela.plt
 *(.rela.plt)

.text           0x00000000     0x33e0
 *(.vectors)
 .vectors       0x00000000       0x68 C:/Program Files (x86)/Atmel/Studio/7.0/Packs/atmel/ATmega_DFP/1.1.130/gcc/dev/atmega328p/avr5/crtatmega328p.o
                0x00000000                __vector_default
                0x00000000                __vectors
 *(.vectors)
 *(.progmem.gcc*)
 .progmem.gcc_fplib
                0x00000068       0x14 c:/program files (x86)/atmel/studio/7.0/toolchain/avr8/avr8-gnu-toolchain/bin/../lib/gcc/avr/4.9.2/../../../../avr/lib/avr5\libm.a(asin.o)
 .progmem.gcc_fplib
                0x0000007c       0x28 c:/program files (x86)/atmel/studio/7.0/toolchain/avr8/avr8-gnu-toolchain/bin/../lib/gcc/avr/4.9.2/../../../../avr/lib/avr5\libm.a(fp_arccos.o)
 .progmem.gcc_fplib
                0x000000a4       0x1e c:/program files (x86)/atmel/studio/7.0/toolchain/avr8/avr8-gnu-toolchain/bin/../lib/gcc/avr/4.9.2/../../../../avr/lib/avr5\libm.a(fp_sinus.o)
                0x000000c2                . = ALIGN (0x2)
                0x000000c2                __trampolines_start = .
 *(.trampolines)
 .trampolines   0x000000c2        0x0 linker stubs
 *(.trampolines*)
                0x000000c2                __trampolines_end = .
 *libprintf_flt.a:*(.progmem.data)
 *libc.a:*(.progmem.data)
 *(.progmem*)
 .progmem.data.digital_pin_to_timer_PGM
                0x000000c2       0x14 C:\Data\infotek\svn\2012\gat\Projects\Atmega\code\Atmelstudio\Libraries\ArduinoCore\Release\libArduinoCore.a(wiring_digital.o)
                0x000000c2                digital_pin_to_timer_PGM
 .progmem.data.digital_pin_to_bit_mask_PGM
                0x000000d6       0x14 C:\Data\infotek\svn\2012\gat\Projects\Atmega\code\Atmelstudio\Libraries\ArduinoCore\Release\libArduinoCore.a(wiring_digital.o)
                0x000000d6                digital_pin_to_bit_mask_PGM
 .progmem.data.digital_pin_to_port_PGM
                0x000000ea       0x14 C:\Data\infotek\svn\2012\gat\Projects\Atmega\code\Atmelstudio\Libraries\ArduinoCore\Release\libArduinoCore.a(wiring_digital.o)
                0x000000ea                digital_pin_to_port_PGM
 .progmem.data.port_to_input_PGM
                0x000000fe        0xa C:\Data\infotek\svn\2012\gat\Projects\Atmega\code\Atmelstudio\Libraries\ArduinoCore\Release\libArduinoCore.a(wiring_digital.o)
                0x000000fe                port_to_input_PGM
 .progmem.data.port_to_output_PGM
                0x00000108        0xa C:\Data\infotek\svn\2012\gat\Projects\Atmega\code\Atmelstudio\Libraries\ArduinoCore\Release\libArduinoCore.a(wiring_digital.o)
                0x00000108                port_to_output_PGM
                0x00000112                . = ALIGN (0x2)
 *(.jumptables)
 *(.jumptables*)
 *(.lowtext)
 *(.lowtext*)
                0x00000112                __ctors_start = .
 *(.ctors)
 .ctors         0x00000112        0x2 ALFlightController.o
 .ctors         0x00000114        0x2 C:\Data\infotek\svn\2012\gat\Projects\Atmega\code\Atmelstudio\Libraries\ArduinoCore\Release\libArduinoCore.a(Wire.o)
                0x00000116                __ctors_end = .
                0x00000116                __dtors_start = .
 *(.dtors)
                0x00000116                __dtors_end = .
 SORT(*)(.ctors)
 SORT(*)(.dtors)
 *(.init0)
 .init0         0x00000116        0x0 C:/Program Files (x86)/Atmel/Studio/7.0/Packs/atmel/ATmega_DFP/1.1.130/gcc/dev/atmega328p/avr5/crtatmega328p.o
                0x00000116                __init
 *(.init0)
 *(.init1)
 *(.init1)
 *(.init2)
 .init2         0x00000116        0xc C:/Program Files (x86)/Atmel/Studio/7.0/Packs/atmel/ATmega_DFP/1.1.130/gcc/dev/atmega328p/avr5/crtatmega328p.o
 *(.init2)
 *(.init3)
 *(.init3)
 *(.init4)
 .init4         0x00000122       0x16 c:/program files (x86)/atmel/studio/7.0/toolchain/avr8/avr8-gnu-toolchain/bin/../lib/gcc/avr/4.9.2/avr5\libgcc.a(_copy_data.o)
                0x00000122                __do_copy_data
 .init4         0x00000138       0x10 c:/program files (x86)/atmel/studio/7.0/toolchain/avr8/avr8-gnu-toolchain/bin/../lib/gcc/avr/4.9.2/avr5\libgcc.a(_clear_bss.o)
                0x00000138                __do_clear_bss
 *(.init4)
 *(.init5)
 *(.init5)
 *(.init6)
 .init6         0x00000148       0x16 c:/program files (x86)/atmel/studio/7.0/toolchain/avr8/avr8-gnu-toolchain/bin/../lib/gcc/avr/4.9.2/avr5\libgcc.a(_ctors.o)
                0x00000148                __do_global_ctors
 *(.init6)
 *(.init7)
 *(.init7)
 *(.init8)
 *(.init8)
 *(.init9)
 .init9         0x0000015e        0x8 C:/Program Files (x86)/Atmel/Studio/7.0/Packs/atmel/ATmega_DFP/1.1.130/gcc/dev/atmega328p/avr5/crtatmega328p.o
 *(.init9)
 *(.text)
 .text          0x00000166        0x4 C:/Program Files (x86)/Atmel/Studio/7.0/Packs/atmel/ATmega_DFP/1.1.130/gcc/dev/atmega328p/avr5/crtatmega328p.o
                0x00000166                __vector_22
                0x00000166                __vector_1
                0x00000166                __vector_12
                0x00000166                __bad_interrupt
                0x00000166                __vector_6
                0x00000166                __vector_23
                0x00000166                __vector_25
                0x00000166                __vector_11
                0x00000166                __vector_13
                0x00000166                __vector_17
                0x00000166                __vector_19
                0x00000166                __vector_7
                0x00000166                __vector_4
                0x00000166                __vector_9
                0x00000166                __vector_2
                0x00000166                __vector_21
                0x00000166                __vector_15
                0x00000166                __vector_8
                0x00000166                __vector_14
                0x00000166                __vector_10
                0x00000166                __vector_18
                0x00000166                __vector_20
                0x0000016a                . = ALIGN (0x2)
 *(.text.*)
 .text._Z24convert_receiver_channelh.part.1
                0x0000016a       0xd2 ALFlightController.o
 .text._ZN7TwoWire5writeEi
                0x0000023c        0xe ALFlightController.o
                0x0000023c                _ZN7TwoWire5writeEi
 .text.__vector_5
                0x0000024a       0xda ALFlightController.o
                0x0000024a                __vector_5
 .text.__vector_3
                0x00000324      0x1a0 ALFlightController.o
                0x00000324                __vector_3
 .text._Z13calculate_pidv
                0x000004c4      0x584 ALFlightController.o
                0x000004c4                _Z13calculate_pidv
 .text.startup._GLOBAL__sub_I_pid_p_gain_roll
                0x00000a48       0x72 ALFlightController.o
 .text._Z13gyro_signalenv
                0x00000aba      0x3f8 ALFlightController.o
                0x00000aba                _Z13gyro_signalenv
 .text.loop     0x00000eb2      0xe1e ALFlightController.o
                0x00000eb2                loop
 .text._Z18set_gyro_registersv
                0x00001cd0      0x134 ALFlightController.o
                0x00001cd0                _Z18set_gyro_registersv
 .text.setup    0x00001e04      0x3f4 ALFlightController.o
                0x00001e04                setup
 .text.avr-libc.fplib
                0x000021f8        0xe c:/program files (x86)/atmel/studio/7.0/toolchain/avr8/avr8-gnu-toolchain/bin/../lib/gcc/avr/4.9.2/../../../../avr/lib/avr5\libm.a(addsf3.o)
                0x000021f8                __subsf3
                0x000021fa                __addsf3
 .text.avr-libc.fplib
                0x00002206       0xcc c:/program files (x86)/atmel/studio/7.0/toolchain/avr8/avr8-gnu-toolchain/bin/../lib/gcc/avr/4.9.2/../../../../avr/lib/avr5\libm.a(addsf3x.o)
                0x00002228                __addsf3x
 .text.avr-libc.fplib
                0x000022d2       0x36 c:/program files (x86)/atmel/studio/7.0/toolchain/avr8/avr8-gnu-toolchain/bin/../lib/gcc/avr/4.9.2/../../../../avr/lib/avr5\libm.a(asin.o)
                0x000022d2                asin
 .text.avr-libc.fplib
                0x00002308        0xa c:/program files (x86)/atmel/studio/7.0/toolchain/avr8/avr8-gnu-toolchain/bin/../lib/gcc/avr/4.9.2/../../../../avr/lib/avr5\libm.a(cmpsf2.o)
                0x00002308                __nesf2
                0x00002308                __eqsf2
                0x00002308                __cmpsf2
                0x00002308                __ltsf2
                0x00002308                __lesf2
 .text.avr-libc.fplib
                0x00002312        0x8 c:/program files (x86)/atmel/studio/7.0/toolchain/avr8/avr8-gnu-toolchain/bin/../lib/gcc/avr/4.9.2/../../../../avr/lib/avr5\libm.a(divsf3.o)
                0x00002312                __divsf3
 .text.avr-libc.fplib
                0x0000231a       0xdc c:/program files (x86)/atmel/studio/7.0/toolchain/avr8/avr8-gnu-toolchain/bin/../lib/gcc/avr/4.9.2/../../../../avr/lib/avr5\libm.a(divsf3x.o)
                0x0000233a                __divsf3x
                0x00002340                __divsf3_pse
 .text.avr-libc.fplib
                0x000023f6        0xe c:/program files (x86)/atmel/studio/7.0/toolchain/avr8/avr8-gnu-toolchain/bin/../lib/gcc/avr/4.9.2/../../../../avr/lib/avr5\libm.a(fixsfsi.o)
                0x000023f6                __fixsfsi
 .text.avr-libc.fplib
                0x00002404       0x5e c:/program files (x86)/atmel/studio/7.0/toolchain/avr8/avr8-gnu-toolchain/bin/../lib/gcc/avr/4.9.2/../../../../avr/lib/avr5\libm.a(fixunssfsi.o)
                0x00002404                __fixunssfsi
 .text.avr-libc.fplib
                0x00002462       0x7a c:/program files (x86)/atmel/studio/7.0/toolchain/avr8/avr8-gnu-toolchain/bin/../lib/gcc/avr/4.9.2/../../../../avr/lib/avr5\libm.a(floatsisf.o)
                0x00002462                __floatunsisf
                0x00002466                __floatsisf
 .text.avr-libc.fplib
                0x000024dc       0x40 c:/program files (x86)/atmel/studio/7.0/toolchain/avr8/avr8-gnu-toolchain/bin/../lib/gcc/avr/4.9.2/../../../../avr/lib/avr5\libm.a(fp_arccos.o)
                0x000024dc                __fp_arccos
 .text.avr-libc.fplib
                0x0000251c       0x48 c:/program files (x86)/atmel/studio/7.0/toolchain/avr8/avr8-gnu-toolchain/bin/../lib/gcc/avr/4.9.2/../../../../avr/lib/avr5\libm.a(fp_cmp.o)
                0x0000251c                __fp_cmp
 .text.avr-libc.fplib
                0x00002564        0xc c:/program files (x86)/atmel/studio/7.0/toolchain/avr8/avr8-gnu-toolchain/bin/../lib/gcc/avr/4.9.2/../../../../avr/lib/avr5\libm.a(fp_inf.o)
                0x00002564                __fp_inf
 .text.avr-libc.fplib
                0x00002570        0x6 c:/program files (x86)/atmel/studio/7.0/toolchain/avr8/avr8-gnu-toolchain/bin/../lib/gcc/avr/4.9.2/../../../../avr/lib/avr5\libm.a(fp_nan.o)
                0x00002570                __fp_nan
 .text.avr-libc.fplib
                0x00002576       0x4e c:/program files (x86)/atmel/studio/7.0/toolchain/avr8/avr8-gnu-toolchain/bin/../lib/gcc/avr/4.9.2/../../../../avr/lib/avr5\libm.a(fp_powser.o)
                0x00002576                __fp_powser
 .text.avr-libc.fplib
                0x000025c4       0x28 c:/program files (x86)/atmel/studio/7.0/toolchain/avr8/avr8-gnu-toolchain/bin/../lib/gcc/avr/4.9.2/../../../../avr/lib/avr5\libm.a(fp_powsodd.o)
                0x000025c4                __fp_powsodd
 .text.avr-libc.fplib
                0x000025ec        0xe c:/program files (x86)/atmel/studio/7.0/toolchain/avr8/avr8-gnu-toolchain/bin/../lib/gcc/avr/4.9.2/../../../../avr/lib/avr5\libm.a(fp_pscA.o)
                0x000025ec                __fp_pscA
 .text.avr-libc.fplib
                0x000025fa        0xe c:/program files (x86)/atmel/studio/7.0/toolchain/avr8/avr8-gnu-toolchain/bin/../lib/gcc/avr/4.9.2/../../../../avr/lib/avr5\libm.a(fp_pscB.o)
                0x000025fa                __fp_pscB
 .text.avr-libc.fplib
                0x00002608       0x22 c:/program files (x86)/atmel/studio/7.0/toolchain/avr8/avr8-gnu-toolchain/bin/../lib/gcc/avr/4.9.2/../../../../avr/lib/avr5\libm.a(fp_round.o)
                0x00002608                __fp_round
 .text.avr-libc.fplib
                0x0000262a       0x44 c:/program files (x86)/atmel/studio/7.0/toolchain/avr8/avr8-gnu-toolchain/bin/../lib/gcc/avr/4.9.2/../../../../avr/lib/avr5\libm.a(fp_split3.o)
                0x0000262a                __fp_split3
                0x0000263a                __fp_splitA
 .text.avr-libc.fplib
                0x0000266e        0xe c:/program files (x86)/atmel/studio/7.0/toolchain/avr8/avr8-gnu-toolchain/bin/../lib/gcc/avr/4.9.2/../../../../avr/lib/avr5\libm.a(fp_zero.o)
                0x0000266e                __fp_zero
                0x00002670                __fp_szero
 .text.avr-libc.fplib
                0x0000267c        0xa c:/program files (x86)/atmel/studio/7.0/toolchain/avr8/avr8-gnu-toolchain/bin/../lib/gcc/avr/4.9.2/../../../../avr/lib/avr5\libm.a(gesf2.o)
                0x0000267c                __gesf2
                0x0000267c                __gtsf2
 .text.avr-libc.fplib
                0x00002686        0x8 c:/program files (x86)/atmel/studio/7.0/toolchain/avr8/avr8-gnu-toolchain/bin/../lib/gcc/avr/4.9.2/../../../../avr/lib/avr5\libm.a(mulsf3.o)
                0x00002686                __mulsf3
 .text.avr-libc.fplib
                0x0000268e       0xd2 c:/program files (x86)/atmel/studio/7.0/toolchain/avr8/avr8-gnu-toolchain/bin/../lib/gcc/avr/4.9.2/../../../../avr/lib/avr5\libm.a(mulsf3x.o)
                0x000026ac                __mulsf3x
                0x000026b2                __mulsf3_pse
 .text.avr-libc.fplib
                0x00002760       0x10 c:/program files (x86)/atmel/studio/7.0/toolchain/avr8/avr8-gnu-toolchain/bin/../lib/gcc/avr/4.9.2/../../../../avr/lib/avr5\libm.a(sin.o)
                0x00002760                sin
 .text.avr-libc.fplib
                0x00002770       0x8c c:/program files (x86)/atmel/studio/7.0/toolchain/avr8/avr8-gnu-toolchain/bin/../lib/gcc/avr/4.9.2/../../../../avr/lib/avr5\libm.a(sqrt.o)
                0x0000277c                sqrtf
                0x0000277c                sqrt
 .text.avr-libc.fplib
                0x000027fc       0x1c c:/program files (x86)/atmel/studio/7.0/toolchain/avr8/avr8-gnu-toolchain/bin/../lib/gcc/avr/4.9.2/../../../../avr/lib/avr5\libm.a(fp_mpack.o)
                0x000027fc                __fp_mpack
                0x00002800                __fp_mpack_finite
 .text.avr-libc.fplib
                0x00002818        0xe c:/program files (x86)/atmel/studio/7.0/toolchain/avr8/avr8-gnu-toolchain/bin/../lib/gcc/avr/4.9.2/../../../../avr/lib/avr5\libm.a(fp_norm2.o)
                0x00002818                __fp_norm2
 .text.avr-libc.fplib
                0x00002826       0x56 c:/program files (x86)/atmel/studio/7.0/toolchain/avr8/avr8-gnu-toolchain/bin/../lib/gcc/avr/4.9.2/../../../../avr/lib/avr5\libm.a(fp_rempio2.o)
                0x0000282a                __fp_rempio2
 .text.avr-libc.fplib
                0x0000287c       0x28 c:/program files (x86)/atmel/studio/7.0/toolchain/avr8/avr8-gnu-toolchain/bin/../lib/gcc/avr/4.9.2/../../../../avr/lib/avr5\libm.a(fp_sinus.o)
                0x0000287c                __fp_sinus
 .text.initVariant
                0x000028a4        0x2 C:\Data\infotek\svn\2012\gat\Projects\Atmega\code\Atmelstudio\Libraries\ArduinoCore\Release\libArduinoCore.a(main.o)
                0x000028a4                initVariant
 .text.startup.main
                0x000028a6       0x1e C:\Data\infotek\svn\2012\gat\Projects\Atmega\code\Atmelstudio\Libraries\ArduinoCore\Release\libArduinoCore.a(main.o)
                0x000028a6                main
 .text._ZN7TwoWire9availableEv
                0x000028c4       0x10 C:\Data\infotek\svn\2012\gat\Projects\Atmega\code\Atmelstudio\Libraries\ArduinoCore\Release\libArduinoCore.a(Wire.o)
                0x000028c4                _ZN7TwoWire9availableEv
 .text._ZN7TwoWire4readEv
                0x000028d4       0x28 C:\Data\infotek\svn\2012\gat\Projects\Atmega\code\Atmelstudio\Libraries\ArduinoCore\Release\libArduinoCore.a(Wire.o)
                0x000028d4                _ZN7TwoWire4readEv
 .text._ZN7TwoWire4peekEv
                0x000028fc       0x1e C:\Data\infotek\svn\2012\gat\Projects\Atmega\code\Atmelstudio\Libraries\ArduinoCore\Release\libArduinoCore.a(Wire.o)
                0x000028fc                _ZN7TwoWire4peekEv
 .text._ZN7TwoWire5flushEv
                0x0000291a        0x2 C:\Data\infotek\svn\2012\gat\Projects\Atmega\code\Atmelstudio\Libraries\ArduinoCore\Release\libArduinoCore.a(Wire.o)
                0x0000291a                _ZN7TwoWire5flushEv
 .text._ZN7TwoWire5writeEPKhj
                0x0000291c       0x60 C:\Data\infotek\svn\2012\gat\Projects\Atmega\code\Atmelstudio\Libraries\ArduinoCore\Release\libArduinoCore.a(Wire.o)
                0x0000291c                _ZN7TwoWire5writeEPKhj
 .text._ZN7TwoWire5writeEh
                0x0000297c       0x5e C:\Data\infotek\svn\2012\gat\Projects\Atmega\code\Atmelstudio\Libraries\ArduinoCore\Release\libArduinoCore.a(Wire.o)
                0x0000297c                _ZN7TwoWire5writeEh
 .text._ZN7TwoWireC2Ev
                0x000029da       0x20 C:\Data\infotek\svn\2012\gat\Projects\Atmega\code\Atmelstudio\Libraries\ArduinoCore\Release\libArduinoCore.a(Wire.o)
                0x000029da                _ZN7TwoWireC1Ev
                0x000029da                _ZN7TwoWireC2Ev
 .text._ZN7TwoWire5beginEv
                0x000029fa       0x14 C:\Data\infotek\svn\2012\gat\Projects\Atmega\code\Atmelstudio\Libraries\ArduinoCore\Release\libArduinoCore.a(Wire.o)
                0x000029fa                _ZN7TwoWire5beginEv
 .text._ZN7TwoWire17beginTransmissionEh
                0x00002a0e       0x14 C:\Data\infotek\svn\2012\gat\Projects\Atmega\code\Atmelstudio\Libraries\ArduinoCore\Release\libArduinoCore.a(Wire.o)
                0x00002a0e                _ZN7TwoWire17beginTransmissionEh
 .text._ZN7TwoWire17beginTransmissionEi
                0x00002a22        0x4 C:\Data\infotek\svn\2012\gat\Projects\Atmega\code\Atmelstudio\Libraries\ArduinoCore\Release\libArduinoCore.a(Wire.o)
                0x00002a22                _ZN7TwoWire17beginTransmissionEi
 .text._ZN7TwoWire15endTransmissionEh
                0x00002a26       0x26 C:\Data\infotek\svn\2012\gat\Projects\Atmega\code\Atmelstudio\Libraries\ArduinoCore\Release\libArduinoCore.a(Wire.o)
                0x00002a26                _ZN7TwoWire15endTransmissionEh
 .text._ZN7TwoWire11requestFromEhhmhh
                0x00002a4c       0xa8 C:\Data\infotek\svn\2012\gat\Projects\Atmega\code\Atmelstudio\Libraries\ArduinoCore\Release\libArduinoCore.a(Wire.o)
                0x00002a4c                _ZN7TwoWire11requestFromEhhmhh
 .text._ZN7TwoWire11requestFromEhhh
                0x00002af4       0x20 C:\Data\infotek\svn\2012\gat\Projects\Atmega\code\Atmelstudio\Libraries\ArduinoCore\Release\libArduinoCore.a(Wire.o)
                0x00002af4                _ZN7TwoWire11requestFromEhhh
 .text._ZN7TwoWire11requestFromEii
                0x00002b14        0x6 C:\Data\infotek\svn\2012\gat\Projects\Atmega\code\Atmelstudio\Libraries\ArduinoCore\Release\libArduinoCore.a(Wire.o)
                0x00002b14                _ZN7TwoWire11requestFromEii
 .text._ZN7TwoWire15endTransmissionEv
                0x00002b1a        0x6 C:\Data\infotek\svn\2012\gat\Projects\Atmega\code\Atmelstudio\Libraries\ArduinoCore\Release\libArduinoCore.a(Wire.o)
                0x00002b1a                _ZN7TwoWire15endTransmissionEv
 .text.startup._GLOBAL__sub_I__ZN7TwoWire8rxBufferE
                0x00002b20        0x8 C:\Data\infotek\svn\2012\gat\Projects\Atmega\code\Atmelstudio\Libraries\ArduinoCore\Release\libArduinoCore.a(Wire.o)
 .text.__vector_16
                0x00002b28       0x94 C:\Data\infotek\svn\2012\gat\Projects\Atmega\code\Atmelstudio\Libraries\ArduinoCore\Release\libArduinoCore.a(wiring.o)
                0x00002b28                __vector_16
 .text.micros   0x00002bbc       0x4a C:\Data\infotek\svn\2012\gat\Projects\Atmega\code\Atmelstudio\Libraries\ArduinoCore\Release\libArduinoCore.a(wiring.o)
                0x00002bbc                micros
 .text.delay    0x00002c06       0x78 C:\Data\infotek\svn\2012\gat\Projects\Atmega\code\Atmelstudio\Libraries\ArduinoCore\Release\libArduinoCore.a(wiring.o)
                0x00002c06                delay
 .text.delayMicroseconds
                0x00002c7e       0x16 C:\Data\infotek\svn\2012\gat\Projects\Atmega\code\Atmelstudio\Libraries\ArduinoCore\Release\libArduinoCore.a(wiring.o)
                0x00002c7e                delayMicroseconds
 .text.init     0x00002c94       0x76 C:\Data\infotek\svn\2012\gat\Projects\Atmega\code\Atmelstudio\Libraries\ArduinoCore\Release\libArduinoCore.a(wiring.o)
                0x00002c94                init
 .text.analogRead
                0x00002d0a       0x3a C:\Data\infotek\svn\2012\gat\Projects\Atmega\code\Atmelstudio\Libraries\ArduinoCore\Release\libArduinoCore.a(wiring_analog.o)
                0x00002d0a                analogRead
 .text.turnOffPWM
                0x00002d44       0x52 C:\Data\infotek\svn\2012\gat\Projects\Atmega\code\Atmelstudio\Libraries\ArduinoCore\Release\libArduinoCore.a(wiring_digital.o)
 .text.digitalWrite
                0x00002d96       0x60 C:\Data\infotek\svn\2012\gat\Projects\Atmega\code\Atmelstudio\Libraries\ArduinoCore\Release\libArduinoCore.a(wiring_digital.o)
                0x00002d96                digitalWrite
 .text.digitalRead
                0x00002df6       0x52 C:\Data\infotek\svn\2012\gat\Projects\Atmega\code\Atmelstudio\Libraries\ArduinoCore\Release\libArduinoCore.a(wiring_digital.o)
                0x00002df6                digitalRead
 .text.__empty  0x00002e48        0x2 C:\Data\infotek\svn\2012\gat\Projects\Atmega\code\Atmelstudio\Libraries\ArduinoCore\Release\libArduinoCore.a(hooks.o)
                0x00002e48                yield
 .text.twi_init
                0x00002e4a       0x3c C:\Data\infotek\svn\2012\gat\Projects\Atmega\code\Atmelstudio\Libraries\ArduinoCore\Release\libArduinoCore.a(twi.o)
                0x00002e4a                twi_init
 .text.twi_readFrom
                0x00002e86       0x90 C:\Data\infotek\svn\2012\gat\Projects\Atmega\code\Atmelstudio\Libraries\ArduinoCore\Release\libArduinoCore.a(twi.o)
                0x00002e86                twi_readFrom
 .text.twi_writeTo
                0x00002f16       0xac C:\Data\infotek\svn\2012\gat\Projects\Atmega\code\Atmelstudio\Libraries\ArduinoCore\Release\libArduinoCore.a(twi.o)
                0x00002f16                twi_writeTo
 .text.twi_transmit
                0x00002fc2       0x50 C:\Data\infotek\svn\2012\gat\Projects\Atmega\code\Atmelstudio\Libraries\ArduinoCore\Release\libArduinoCore.a(twi.o)
                0x00002fc2                twi_transmit
 .text.twi_stop
                0x00003012       0x14 C:\Data\infotek\svn\2012\gat\Projects\Atmega\code\Atmelstudio\Libraries\ArduinoCore\Release\libArduinoCore.a(twi.o)
                0x00003012                twi_stop
 .text.twi_releaseBus
                0x00003026        0xc C:\Data\infotek\svn\2012\gat\Projects\Atmega\code\Atmelstudio\Libraries\ArduinoCore\Release\libArduinoCore.a(twi.o)
                0x00003026                twi_releaseBus
 .text.__vector_24
                0x00003032      0x25a C:\Data\infotek\svn\2012\gat\Projects\Atmega\code\Atmelstudio\Libraries\ArduinoCore\Release\libArduinoCore.a(twi.o)
                0x00003032                __vector_24
 .text.libgcc.mul
                0x0000328c       0x20 c:/program files (x86)/atmel/studio/7.0/toolchain/avr8/avr8-gnu-toolchain/bin/../lib/gcc/avr/4.9.2/avr5\libgcc.a(_mulsi3.o)
                0x0000328c                __mulsi3
 .text.libgcc.div
                0x000032ac       0x28 c:/program files (x86)/atmel/studio/7.0/toolchain/avr8/avr8-gnu-toolchain/bin/../lib/gcc/avr/4.9.2/avr5\libgcc.a(_divmodhi4.o)
                0x000032ac                _div
                0x000032ac                __divmodhi4
 .text.libgcc.div
                0x000032d4       0x44 c:/program files (x86)/atmel/studio/7.0/toolchain/avr8/avr8-gnu-toolchain/bin/../lib/gcc/avr/4.9.2/avr5\libgcc.a(_udivmodsi4.o)
                0x000032d4                __udivmodsi4
 .text.libgcc.div
                0x00003318       0x2e c:/program files (x86)/atmel/studio/7.0/toolchain/avr8/avr8-gnu-toolchain/bin/../lib/gcc/avr/4.9.2/avr5\libgcc.a(_divmodsi4.o)
                0x00003318                __divmodsi4
 .text.libgcc.div
                0x00003346       0x10 c:/program files (x86)/atmel/studio/7.0/toolchain/avr8/avr8-gnu-toolchain/bin/../lib/gcc/avr/4.9.2/avr5\libgcc.a(_negsi2.o)
                0x00003346                __negsi2
 .text.libgcc.mul
                0x00003356        0xe c:/program files (x86)/atmel/studio/7.0/toolchain/avr8/avr8-gnu-toolchain/bin/../lib/gcc/avr/4.9.2/avr5\libgcc.a(_usmulhisi3.o)
                0x00003356                __usmulhisi3
                0x0000335a                __usmulhisi3_tail
 .text.libgcc.mul
                0x00003364       0x16 c:/program files (x86)/atmel/studio/7.0/toolchain/avr8/avr8-gnu-toolchain/bin/../lib/gcc/avr/4.9.2/avr5\libgcc.a(_muluhisi3.o)
                0x00003364                __muluhisi3
 .text.libgcc.div
                0x0000337a       0x28 c:/program files (x86)/atmel/studio/7.0/toolchain/avr8/avr8-gnu-toolchain/bin/../lib/gcc/avr/4.9.2/avr5\libgcc.a(_udivmodhi4.o)
                0x0000337a                __udivmodhi4
 .text.libgcc   0x000033a2        0xc c:/program files (x86)/atmel/studio/7.0/toolchain/avr8/avr8-gnu-toolchain/bin/../lib/gcc/avr/4.9.2/avr5\libgcc.a(_tablejump2.o)
                0x000033a2                __tablejump2__
 .text.libgcc.mul
                0x000033ae       0x1e c:/program files (x86)/atmel/studio/7.0/toolchain/avr8/avr8-gnu-toolchain/bin/../lib/gcc/avr/4.9.2/avr5\libgcc.a(_umulhisi3.o)
                0x000033ae                __umulhisi3
 .text.avr-libc
                0x000033cc       0x10 C:/Program Files (x86)/Atmel/Studio/7.0/Packs/atmel/ATmega_DFP/1.1.130/gcc/dev/atmega328p/avr5\libatmega328p.a(eerd_byte.o)
                0x000033cc                eeprom_read_byte
                0x000033dc                . = ALIGN (0x2)
 *(.fini9)
 .fini9         0x000033dc        0x0 c:/program files (x86)/atmel/studio/7.0/toolchain/avr8/avr8-gnu-toolchain/bin/../lib/gcc/avr/4.9.2/avr5\libgcc.a(_exit.o)
                0x000033dc                _exit
                0x000033dc                exit
 *(.fini9)
 *(.fini8)
 *(.fini8)
 *(.fini7)
 *(.fini7)
 *(.fini6)
 *(.fini6)
 *(.fini5)
 *(.fini5)
 *(.fini4)
 *(.fini4)
 *(.fini3)
 *(.fini3)
 *(.fini2)
 *(.fini2)
 *(.fini1)
 *(.fini1)
 *(.fini0)
 .fini0         0x000033dc        0x4 c:/program files (x86)/atmel/studio/7.0/toolchain/avr8/avr8-gnu-toolchain/bin/../lib/gcc/avr/4.9.2/avr5\libgcc.a(_exit.o)
 *(.fini0)
                0x000033e0                _etext = .

.data           0x00800100       0x2a load address 0x000033e0
                0x00800100                PROVIDE (__data_start, .)
 *(.data)
 *(.data*)
 .data.auto_level
                0x00800100        0x1 ALFlightController.o
                0x00800100                auto_level
 .data.pid_max_yaw
                0x00800101        0x2 ALFlightController.o
                0x00800101                pid_max_yaw
 .data.pid_i_gain_yaw
                0x00800103        0x4 ALFlightController.o
                0x00800103                pid_i_gain_yaw
 .data.pid_p_gain_yaw
                0x00800107        0x4 ALFlightController.o
                0x00800107                pid_p_gain_yaw
 .data.pid_max_roll
                0x0080010b        0x2 ALFlightController.o
                0x0080010b                pid_max_roll
 .data.pid_d_gain_roll
                0x0080010d        0x4 ALFlightController.o
                0x0080010d                pid_d_gain_roll
 .data.pid_i_gain_roll
                0x00800111        0x4 ALFlightController.o
                0x00800111                pid_i_gain_roll
 .data.pid_p_gain_roll
                0x00800115        0x4 ALFlightController.o
                0x00800115                pid_p_gain_roll
 .data.analog_reference
                0x00800119        0x1 C:\Data\infotek\svn\2012\gat\Projects\Atmega\code\Atmelstudio\Libraries\ArduinoCore\Release\libArduinoCore.a(wiring_analog.o)
                0x00800119                analog_reference
 *(.rodata)
 *(.rodata*)
 .rodata._ZTV7TwoWire
                0x0080011a       0x10 C:\Data\infotek\svn\2012\gat\Projects\Atmega\code\Atmelstudio\Libraries\ArduinoCore\Release\libArduinoCore.a(Wire.o)
                0x0080011a                _ZTV7TwoWire
 *(.gnu.linkonce.d*)
                0x0080012a                . = ALIGN (0x2)
                0x0080012a                _edata = .
                0x0080012a                PROVIDE (__data_end, .)

.bss            0x0080012a      0x206
                0x0080012a                PROVIDE (__bss_start, .)
 *(.bss)
 *(.bss*)
 .bss.threshold_started
                0x0080012a        0x1 ALFlightController.o
                0x0080012a                threshold_started
 .bss.ledWaringcounter
                0x0080012b        0x2 ALFlightController.o
                0x0080012b                ledWaringcounter
 .bss.gyro_angles_set
                0x0080012d        0x1 ALFlightController.o
                0x0080012d                gyro_angles_set
 .bss.angle_roll
                0x0080012e        0x4 ALFlightController.o
                0x0080012e                angle_roll
 .bss.angle_pitch
                0x00800132        0x4 ALFlightController.o
                0x00800132                angle_pitch
 .bss.angle_pitch_acc
                0x00800136        0x4 ALFlightController.o
                0x00800136                angle_pitch_acc
 .bss.angle_roll_acc
                0x0080013a        0x4 ALFlightController.o
                0x0080013a                angle_roll_acc
 .bss.pid_last_yaw_d_error
                0x0080013e        0x4 ALFlightController.o
                0x0080013e                pid_last_yaw_d_error
 .bss.pid_output_yaw
                0x00800142        0x4 ALFlightController.o
                0x00800142                pid_output_yaw
 .bss.gyro_yaw_input
                0x00800146        0x4 ALFlightController.o
                0x00800146                gyro_yaw_input
 .bss.pid_yaw_setpoint
                0x0080014a        0x4 ALFlightController.o
                0x0080014a                pid_yaw_setpoint
 .bss.pid_i_mem_yaw
                0x0080014e        0x4 ALFlightController.o
                0x0080014e                pid_i_mem_yaw
 .bss.pid_last_pitch_d_error
                0x00800152        0x4 ALFlightController.o
                0x00800152                pid_last_pitch_d_error
 .bss.pid_output_pitch
                0x00800156        0x4 ALFlightController.o
                0x00800156                pid_output_pitch
 .bss.gyro_pitch_input
                0x0080015a        0x4 ALFlightController.o
                0x0080015a                gyro_pitch_input
 .bss.pid_pitch_setpoint
                0x0080015e        0x4 ALFlightController.o
                0x0080015e                pid_pitch_setpoint
 .bss.pid_i_mem_pitch
                0x00800162        0x4 ALFlightController.o
                0x00800162                pid_i_mem_pitch
 .bss.pid_last_roll_d_error
                0x00800166        0x4 ALFlightController.o
                0x00800166                pid_last_roll_d_error
 .bss.pid_output_roll
                0x0080016a        0x4 ALFlightController.o
                0x0080016a                pid_output_roll
 .bss.gyro_roll_input
                0x0080016e        0x4 ALFlightController.o
                0x0080016e                gyro_roll_input
 .bss.pid_roll_setpoint
                0x00800172        0x4 ALFlightController.o
                0x00800172                pid_roll_setpoint
 .bss.pid_i_mem_roll
                0x00800176        0x4 ALFlightController.o
                0x00800176                pid_i_mem_roll
 .bss.pid_error_temp
                0x0080017a        0x4 ALFlightController.o
                0x0080017a                pid_error_temp
 .bss.gyro_axis_cal
                0x0080017e       0x10 ALFlightController.o
                0x0080017e                gyro_axis_cal
 .bss.gyro_yaw  0x0080018e        0x4 ALFlightController.o
                0x0080018e                gyro_yaw
 .bss.gyro_roll
                0x00800192        0x4 ALFlightController.o
                0x00800192                gyro_roll
 .bss.gyro_pitch
                0x00800196        0x4 ALFlightController.o
                0x00800196                gyro_pitch
 .bss.loop_timer
                0x0080019a        0x4 ALFlightController.o
                0x0080019a                loop_timer
 .bss.current_timeV2
                0x0080019e        0x4 ALFlightController.o
                0x0080019e                current_timeV2
 .bss.current_timeV1
                0x008001a2        0x4 ALFlightController.o
                0x008001a2                current_timeV1
 .bss.timer_7   0x008001a6        0x4 ALFlightController.o
                0x008001a6                timer_7
 .bss.timer_6   0x008001aa        0x4 ALFlightController.o
                0x008001aa                timer_6
 .bss.timer_5   0x008001ae        0x4 ALFlightController.o
                0x008001ae                timer_5
 .bss.timer_4   0x008001b2        0x4 ALFlightController.o
                0x008001b2                timer_4
 .bss.timer_3   0x008001b6        0x4 ALFlightController.o
                0x008001b6                timer_3
 .bss.timer_2   0x008001ba        0x4 ALFlightController.o
                0x008001ba                timer_2
 .bss.timer_1   0x008001be        0x4 ALFlightController.o
                0x008001be                timer_1
 .bss.esc_loop_timer
                0x008001c2        0x4 ALFlightController.o
                0x008001c2                esc_loop_timer
 .bss.timer_channel_4
                0x008001c6        0x4 ALFlightController.o
                0x008001c6                timer_channel_4
 .bss.timer_channel_3
                0x008001ca        0x4 ALFlightController.o
                0x008001ca                timer_channel_3
 .bss.timer_channel_2
                0x008001ce        0x4 ALFlightController.o
                0x008001ce                timer_channel_2
 .bss.timer_channel_1
                0x008001d2        0x4 ALFlightController.o
                0x008001d2                timer_channel_1
 .bss.acc_total_vector
                0x008001d6        0x4 ALFlightController.o
                0x008001d6                acc_total_vector
 .bss.acc_z     0x008001da        0x4 ALFlightController.o
                0x008001da                acc_z
 .bss.acc_y     0x008001de        0x4 ALFlightController.o
                0x008001de                acc_y
 .bss.acc_x     0x008001e2        0x4 ALFlightController.o
                0x008001e2                acc_x
 .bss.pitch_level_adjust
                0x008001e6        0x4 ALFlightController.o
                0x008001e6                pitch_level_adjust
 .bss.roll_level_adjust
                0x008001ea        0x4 ALFlightController.o
                0x008001ea                roll_level_adjust
 .bss.gyro_axis
                0x008001ee        0x8 ALFlightController.o
                0x008001ee                gyro_axis
 .bss.acc_axis  0x008001f6        0x8 ALFlightController.o
                0x008001f6                acc_axis
 .bss.temperature
                0x008001fe        0x2 ALFlightController.o
                0x008001fe                temperature
 .bss.receiver_input
                0x00800200       0x10 ALFlightController.o
                0x00800200                receiver_input
 .bss.gyro_address
                0x00800210        0x2 ALFlightController.o
                0x00800210                gyro_address
 .bss.start     0x00800212        0x2 ALFlightController.o
                0x00800212                start
 .bss.cal_int   0x00800214        0x2 ALFlightController.o
                0x00800214                cal_int
 .bss.battery_voltage
                0x00800216        0x2 ALFlightController.o
                0x00800216                battery_voltage
 .bss.throttle  0x00800218        0x2 ALFlightController.o
                0x00800218                throttle
 .bss.esc_4     0x0080021a        0x2 ALFlightController.o
                0x0080021a                esc_4
 .bss.esc_3     0x0080021c        0x2 ALFlightController.o
                0x0080021c                esc_3
 .bss.esc_2     0x0080021e        0x2 ALFlightController.o
                0x0080021e                esc_2
 .bss.esc_1     0x00800220        0x2 ALFlightController.o
                0x00800220                esc_1
 .bss.receiver_input_channel_4
                0x00800222        0x2 ALFlightController.o
                0x00800222                receiver_input_channel_4
 .bss.receiver_input_channel_3
                0x00800224        0x2 ALFlightController.o
                0x00800224                receiver_input_channel_3
 .bss.receiver_input_channel_2
                0x00800226        0x2 ALFlightController.o
                0x00800226                receiver_input_channel_2
 .bss.receiver_input_channel_1
                0x00800228        0x2 ALFlightController.o
                0x00800228                receiver_input_channel_1
 .bss.eeprom_data
                0x0080022a       0x24 ALFlightController.o
                0x0080022a                eeprom_data
 .bss.last_channel_7
                0x0080024e        0x1 ALFlightController.o
                0x0080024e                last_channel_7
 .bss.last_channel_6
                0x0080024f        0x1 ALFlightController.o
                0x0080024f                last_channel_6
 .bss.last_channel_5
                0x00800250        0x1 ALFlightController.o
                0x00800250                last_channel_5
 .bss.last_channel_4
                0x00800251        0x1 ALFlightController.o
                0x00800251                last_channel_4
 .bss.last_channel_3
                0x00800252        0x1 ALFlightController.o
                0x00800252                last_channel_3
 .bss.last_channel_2
                0x00800253        0x1 ALFlightController.o
                0x00800253                last_channel_2
 .bss.last_channel_1
                0x00800254        0x1 ALFlightController.o
                0x00800254                last_channel_1
 .bss.pid_d_gain_yaw
                0x00800255        0x4 ALFlightController.o
                0x00800255                pid_d_gain_yaw
 .bss.pid_max_pitch
                0x00800259        0x2 ALFlightController.o
                0x00800259                pid_max_pitch
 .bss.pid_d_gain_pitch
                0x0080025b        0x4 ALFlightController.o
                0x0080025b                pid_d_gain_pitch
 .bss.pid_i_gain_pitch
                0x0080025f        0x4 ALFlightController.o
                0x0080025f                pid_i_gain_pitch
 .bss.pid_p_gain_pitch
                0x00800263        0x4 ALFlightController.o
                0x00800263                pid_p_gain_pitch
 .bss.Wire      0x00800267        0xc C:\Data\infotek\svn\2012\gat\Projects\Atmega\code\Atmelstudio\Libraries\ArduinoCore\Release\libArduinoCore.a(Wire.o)
                0x00800267                Wire
 .bss._ZN7TwoWire12transmittingE
                0x00800273        0x1 C:\Data\infotek\svn\2012\gat\Projects\Atmega\code\Atmelstudio\Libraries\ArduinoCore\Release\libArduinoCore.a(Wire.o)
                0x00800273                _ZN7TwoWire12transmittingE
 .bss._ZN7TwoWire14txBufferLengthE
                0x00800274        0x1 C:\Data\infotek\svn\2012\gat\Projects\Atmega\code\Atmelstudio\Libraries\ArduinoCore\Release\libArduinoCore.a(Wire.o)
                0x00800274                _ZN7TwoWire14txBufferLengthE
 .bss._ZN7TwoWire13txBufferIndexE
                0x00800275        0x1 C:\Data\infotek\svn\2012\gat\Projects\Atmega\code\Atmelstudio\Libraries\ArduinoCore\Release\libArduinoCore.a(Wire.o)
                0x00800275                _ZN7TwoWire13txBufferIndexE
 .bss._ZN7TwoWire8txBufferE
                0x00800276       0x20 C:\Data\infotek\svn\2012\gat\Projects\Atmega\code\Atmelstudio\Libraries\ArduinoCore\Release\libArduinoCore.a(Wire.o)
                0x00800276                _ZN7TwoWire8txBufferE
 .bss._ZN7TwoWire9txAddressE
                0x00800296        0x1 C:\Data\infotek\svn\2012\gat\Projects\Atmega\code\Atmelstudio\Libraries\ArduinoCore\Release\libArduinoCore.a(Wire.o)
                0x00800296                _ZN7TwoWire9txAddressE
 .bss._ZN7TwoWire14rxBufferLengthE
                0x00800297        0x1 C:\Data\infotek\svn\2012\gat\Projects\Atmega\code\Atmelstudio\Libraries\ArduinoCore\Release\libArduinoCore.a(Wire.o)
                0x00800297                _ZN7TwoWire14rxBufferLengthE
 .bss._ZN7TwoWire13rxBufferIndexE
                0x00800298        0x1 C:\Data\infotek\svn\2012\gat\Projects\Atmega\code\Atmelstudio\Libraries\ArduinoCore\Release\libArduinoCore.a(Wire.o)
                0x00800298                _ZN7TwoWire13rxBufferIndexE
 .bss._ZN7TwoWire8rxBufferE
                0x00800299       0x20 C:\Data\infotek\svn\2012\gat\Projects\Atmega\code\Atmelstudio\Libraries\ArduinoCore\Release\libArduinoCore.a(Wire.o)
                0x00800299                _ZN7TwoWire8rxBufferE
 .bss.timer0_fract
                0x008002b9        0x1 C:\Data\infotek\svn\2012\gat\Projects\Atmega\code\Atmelstudio\Libraries\ArduinoCore\Release\libArduinoCore.a(wiring.o)
 .bss.timer0_millis
                0x008002ba        0x4 C:\Data\infotek\svn\2012\gat\Projects\Atmega\code\Atmelstudio\Libraries\ArduinoCore\Release\libArduinoCore.a(wiring.o)
                0x008002ba                timer0_millis
 .bss.timer0_overflow_count
                0x008002be        0x4 C:\Data\infotek\svn\2012\gat\Projects\Atmega\code\Atmelstudio\Libraries\ArduinoCore\Release\libArduinoCore.a(wiring.o)
                0x008002be                timer0_overflow_count
 .bss.twi_error
                0x008002c2        0x1 C:\Data\infotek\svn\2012\gat\Projects\Atmega\code\Atmelstudio\Libraries\ArduinoCore\Release\libArduinoCore.a(twi.o)
 .bss.twi_rxBufferIndex
                0x008002c3        0x1 C:\Data\infotek\svn\2012\gat\Projects\Atmega\code\Atmelstudio\Libraries\ArduinoCore\Release\libArduinoCore.a(twi.o)
 .bss.twi_rxBuffer
                0x008002c4       0x20 C:\Data\infotek\svn\2012\gat\Projects\Atmega\code\Atmelstudio\Libraries\ArduinoCore\Release\libArduinoCore.a(twi.o)
 .bss.twi_txBufferLength
                0x008002e4        0x1 C:\Data\infotek\svn\2012\gat\Projects\Atmega\code\Atmelstudio\Libraries\ArduinoCore\Release\libArduinoCore.a(twi.o)
 .bss.twi_txBufferIndex
                0x008002e5        0x1 C:\Data\infotek\svn\2012\gat\Projects\Atmega\code\Atmelstudio\Libraries\ArduinoCore\Release\libArduinoCore.a(twi.o)
 .bss.twi_txBuffer
                0x008002e6       0x20 C:\Data\infotek\svn\2012\gat\Projects\Atmega\code\Atmelstudio\Libraries\ArduinoCore\Release\libArduinoCore.a(twi.o)
 .bss.twi_masterBufferLength
                0x00800306        0x1 C:\Data\infotek\svn\2012\gat\Projects\Atmega\code\Atmelstudio\Libraries\ArduinoCore\Release\libArduinoCore.a(twi.o)
 .bss.twi_masterBufferIndex
                0x00800307        0x1 C:\Data\infotek\svn\2012\gat\Projects\Atmega\code\Atmelstudio\Libraries\ArduinoCore\Release\libArduinoCore.a(twi.o)
 .bss.twi_masterBuffer
                0x00800308       0x20 C:\Data\infotek\svn\2012\gat\Projects\Atmega\code\Atmelstudio\Libraries\ArduinoCore\Release\libArduinoCore.a(twi.o)
 .bss.twi_onSlaveReceive
                0x00800328        0x2 C:\Data\infotek\svn\2012\gat\Projects\Atmega\code\Atmelstudio\Libraries\ArduinoCore\Release\libArduinoCore.a(twi.o)
 .bss.twi_onSlaveTransmit
                0x0080032a        0x2 C:\Data\infotek\svn\2012\gat\Projects\Atmega\code\Atmelstudio\Libraries\ArduinoCore\Release\libArduinoCore.a(twi.o)
 .bss.twi_inRepStart
                0x0080032c        0x1 C:\Data\infotek\svn\2012\gat\Projects\Atmega\code\Atmelstudio\Libraries\ArduinoCore\Release\libArduinoCore.a(twi.o)
 .bss.twi_sendStop
                0x0080032d        0x1 C:\Data\infotek\svn\2012\gat\Projects\Atmega\code\Atmelstudio\Libraries\ArduinoCore\Release\libArduinoCore.a(twi.o)
 .bss.twi_slarw
                0x0080032e        0x1 C:\Data\infotek\svn\2012\gat\Projects\Atmega\code\Atmelstudio\Libraries\ArduinoCore\Release\libArduinoCore.a(twi.o)
 .bss.twi_state
                0x0080032f        0x1 C:\Data\infotek\svn\2012\gat\Projects\Atmega\code\Atmelstudio\Libraries\ArduinoCore\Release\libArduinoCore.a(twi.o)
 *(COMMON)
                0x00800330                PROVIDE (__bss_end, .)
                0x000033e0                __data_load_start = LOADADDR (.data)
                0x0000340a                __data_load_end = (__data_load_start + SIZEOF (.data))

.noinit         0x00800330        0x0
                [!provide]                PROVIDE (__noinit_start, .)
 *(.noinit*)
                [!provide]                PROVIDE (__noinit_end, .)
                0x00800330                _end = .
                [!provide]                PROVIDE (__heap_start, .)

.eeprom         0x00810000        0x0
 *(.eeprom*)
                0x00810000                __eeprom_end = .

.fuse
 *(.fuse)
 *(.lfuse)
 *(.hfuse)
 *(.efuse)

.lock
 *(.lock*)

.signature
 *(.signature*)

.user_signatures
 *(.user_signatures*)

.stab
 *(.stab)

.stabstr
 *(.stabstr)

.stab.excl
 *(.stab.excl)

.stab.exclstr
 *(.stab.exclstr)

.stab.index
 *(.stab.index)

.stab.indexstr
 *(.stab.indexstr)

.comment        0x00000000       0x30
 *(.comment)
 .comment       0x00000000       0x30 ALFlightController.o
                                 0x31 (size before relaxing)
 .comment       0x00000030       0x31 C:\Data\infotek\svn\2012\gat\Projects\Atmega\code\Atmelstudio\Libraries\ArduinoCore\Release\libArduinoCore.a(main.o)
 .comment       0x00000030       0x31 C:\Data\infotek\svn\2012\gat\Projects\Atmega\code\Atmelstudio\Libraries\ArduinoCore\Release\libArduinoCore.a(Wire.o)
 .comment       0x00000030       0x31 C:\Data\infotek\svn\2012\gat\Projects\Atmega\code\Atmelstudio\Libraries\ArduinoCore\Release\libArduinoCore.a(wiring.o)
 .comment       0x00000030       0x31 C:\Data\infotek\svn\2012\gat\Projects\Atmega\code\Atmelstudio\Libraries\ArduinoCore\Release\libArduinoCore.a(wiring_analog.o)
 .comment       0x00000030       0x31 C:\Data\infotek\svn\2012\gat\Projects\Atmega\code\Atmelstudio\Libraries\ArduinoCore\Release\libArduinoCore.a(wiring_digital.o)
 .comment       0x00000030       0x31 C:\Data\infotek\svn\2012\gat\Projects\Atmega\code\Atmelstudio\Libraries\ArduinoCore\Release\libArduinoCore.a(hooks.o)
 .comment       0x00000030       0x31 C:\Data\infotek\svn\2012\gat\Projects\Atmega\code\Atmelstudio\Libraries\ArduinoCore\Release\libArduinoCore.a(twi.o)

.note.gnu.avr.deviceinfo
                0x00000000       0x40
 .note.gnu.avr.deviceinfo
                0x00000000       0x40 C:/Program Files (x86)/Atmel/Studio/7.0/Packs/atmel/ATmega_DFP/1.1.130/gcc/dev/atmega328p/avr5/crtatmega328p.o

.note.gnu.build-id
 *(.note.gnu.build-id)

.debug
 *(.debug)

.line
 *(.line)

.debug_srcinfo
 *(.debug_srcinfo)

.debug_sfnames
 *(.debug_sfnames)

.debug_aranges  0x00000000      0x308
 *(.debug_aranges)
 .debug_aranges
                0x00000000       0x78 ALFlightController.o
 .debug_aranges
                0x00000078       0x38 C:\Data\infotek\svn\2012\gat\Projects\Atmega\code\Atmelstudio\Libraries\ArduinoCore\Release\libArduinoCore.a(main.o)
 .debug_aranges
                0x000000b0       0xe8 C:\Data\infotek\svn\2012\gat\Projects\Atmega\code\Atmelstudio\Libraries\ArduinoCore\Release\libArduinoCore.a(Wire.o)
 .debug_aranges
                0x00000198       0x48 C:\Data\infotek\svn\2012\gat\Projects\Atmega\code\Atmelstudio\Libraries\ArduinoCore\Release\libArduinoCore.a(wiring.o)
 .debug_aranges
                0x000001e0       0x30 C:\Data\infotek\svn\2012\gat\Projects\Atmega\code\Atmelstudio\Libraries\ArduinoCore\Release\libArduinoCore.a(wiring_analog.o)
 .debug_aranges
                0x00000210       0x38 C:\Data\infotek\svn\2012\gat\Projects\Atmega\code\Atmelstudio\Libraries\ArduinoCore\Release\libArduinoCore.a(wiring_digital.o)
 .debug_aranges
                0x00000248       0x20 C:\Data\infotek\svn\2012\gat\Projects\Atmega\code\Atmelstudio\Libraries\ArduinoCore\Release\libArduinoCore.a(hooks.o)
 .debug_aranges
                0x00000268       0x80 C:\Data\infotek\svn\2012\gat\Projects\Atmega\code\Atmelstudio\Libraries\ArduinoCore\Release\libArduinoCore.a(twi.o)
 .debug_aranges
                0x000002e8       0x20 C:/Program Files (x86)/Atmel/Studio/7.0/Packs/atmel/ATmega_DFP/1.1.130/gcc/dev/atmega328p/avr5\libatmega328p.a(eerd_byte.o)

.debug_pubnames
 *(.debug_pubnames)

.debug_info     0x00000000     0x5c11
 *(.debug_info .gnu.linkonce.wi.*)
 .debug_info    0x00000000      0x5f4 C:/Program Files (x86)/Atmel/Studio/7.0/Packs/atmel/ATmega_DFP/1.1.130/gcc/dev/atmega328p/avr5/crtatmega328p.o
 .debug_info    0x000005f4     0x1a74 ALFlightController.o
 .debug_info    0x00002068      0x231 C:\Data\infotek\svn\2012\gat\Projects\Atmega\code\Atmelstudio\Libraries\ArduinoCore\Release\libArduinoCore.a(main.o)
 .debug_info    0x00002299     0x2743 C:\Data\infotek\svn\2012\gat\Projects\Atmega\code\Atmelstudio\Libraries\ArduinoCore\Release\libArduinoCore.a(Wire.o)
 .debug_info    0x000049dc      0x2c8 C:\Data\infotek\svn\2012\gat\Projects\Atmega\code\Atmelstudio\Libraries\ArduinoCore\Release\libArduinoCore.a(wiring.o)
 .debug_info    0x00004ca4      0x281 C:\Data\infotek\svn\2012\gat\Projects\Atmega\code\Atmelstudio\Libraries\ArduinoCore\Release\libArduinoCore.a(wiring_analog.o)
 .debug_info    0x00004f25      0x5f9 C:\Data\infotek\svn\2012\gat\Projects\Atmega\code\Atmelstudio\Libraries\ArduinoCore\Release\libArduinoCore.a(wiring_digital.o)
 .debug_info    0x0000551e       0x3e C:\Data\infotek\svn\2012\gat\Projects\Atmega\code\Atmelstudio\Libraries\ArduinoCore\Release\libArduinoCore.a(hooks.o)
 .debug_info    0x0000555c      0x609 C:\Data\infotek\svn\2012\gat\Projects\Atmega\code\Atmelstudio\Libraries\ArduinoCore\Release\libArduinoCore.a(twi.o)
 .debug_info    0x00005b65       0xac C:/Program Files (x86)/Atmel/Studio/7.0/Packs/atmel/ATmega_DFP/1.1.130/gcc/dev/atmega328p/avr5\libatmega328p.a(eerd_byte.o)

.debug_abbrev   0x00000000     0x17c8
 *(.debug_abbrev)
 .debug_abbrev  0x00000000      0x5a2 C:/Program Files (x86)/Atmel/Studio/7.0/Packs/atmel/ATmega_DFP/1.1.130/gcc/dev/atmega328p/avr5/crtatmega328p.o
 .debug_abbrev  0x000005a2      0x496 ALFlightController.o
 .debug_abbrev  0x00000a38      0x109 C:\Data\infotek\svn\2012\gat\Projects\Atmega\code\Atmelstudio\Libraries\ArduinoCore\Release\libArduinoCore.a(main.o)
 .debug_abbrev  0x00000b41      0x5c6 C:\Data\infotek\svn\2012\gat\Projects\Atmega\code\Atmelstudio\Libraries\ArduinoCore\Release\libArduinoCore.a(Wire.o)
 .debug_abbrev  0x00001107      0x145 C:\Data\infotek\svn\2012\gat\Projects\Atmega\code\Atmelstudio\Libraries\ArduinoCore\Release\libArduinoCore.a(wiring.o)
 .debug_abbrev  0x0000124c      0x184 C:\Data\infotek\svn\2012\gat\Projects\Atmega\code\Atmelstudio\Libraries\ArduinoCore\Release\libArduinoCore.a(wiring_analog.o)
 .debug_abbrev  0x000013d0      0x15b C:\Data\infotek\svn\2012\gat\Projects\Atmega\code\Atmelstudio\Libraries\ArduinoCore\Release\libArduinoCore.a(wiring_digital.o)
 .debug_abbrev  0x0000152b       0x2a C:\Data\infotek\svn\2012\gat\Projects\Atmega\code\Atmelstudio\Libraries\ArduinoCore\Release\libArduinoCore.a(hooks.o)
 .debug_abbrev  0x00001555      0x25f C:\Data\infotek\svn\2012\gat\Projects\Atmega\code\Atmelstudio\Libraries\ArduinoCore\Release\libArduinoCore.a(twi.o)
 .debug_abbrev  0x000017b4       0x14 C:/Program Files (x86)/Atmel/Studio/7.0/Packs/atmel/ATmega_DFP/1.1.130/gcc/dev/atmega328p/avr5\libatmega328p.a(eerd_byte.o)

.debug_line     0x00000000     0x23c7
 *(.debug_line .debug_line.* .debug_line_end)
 .debug_line    0x00000000      0x133 C:/Program Files (x86)/Atmel/Studio/7.0/Packs/atmel/ATmega_DFP/1.1.130/gcc/dev/atmega328p/avr5/crtatmega328p.o
 .debug_line    0x00000133      0xdc9 ALFlightController.o
 .debug_line    0x00000efc      0x1c6 C:\Data\infotek\svn\2012\gat\Projects\Atmega\code\Atmelstudio\Libraries\ArduinoCore\Release\libArduinoCore.a(main.o)
 .debug_line    0x000010c2      0x529 C:\Data\infotek\svn\2012\gat\Projects\Atmega\code\Atmelstudio\Libraries\ArduinoCore\Release\libArduinoCore.a(Wire.o)
 .debug_line    0x000015eb      0x2ea C:\Data\infotek\svn\2012\gat\Projects\Atmega\code\Atmelstudio\Libraries\ArduinoCore\Release\libArduinoCore.a(wiring.o)
 .debug_line    0x000018d5      0x260 C:\Data\infotek\svn\2012\gat\Projects\Atmega\code\Atmelstudio\Libraries\ArduinoCore\Release\libArduinoCore.a(wiring_analog.o)
 .debug_line    0x00001b35      0x2a3 C:\Data\infotek\svn\2012\gat\Projects\Atmega\code\Atmelstudio\Libraries\ArduinoCore\Release\libArduinoCore.a(wiring_digital.o)
 .debug_line    0x00001dd8       0x41 C:\Data\infotek\svn\2012\gat\Projects\Atmega\code\Atmelstudio\Libraries\ArduinoCore\Release\libArduinoCore.a(hooks.o)
 .debug_line    0x00001e19      0x534 C:\Data\infotek\svn\2012\gat\Projects\Atmega\code\Atmelstudio\Libraries\ArduinoCore\Release\libArduinoCore.a(twi.o)
 .debug_line    0x0000234d       0x7a C:/Program Files (x86)/Atmel/Studio/7.0/Packs/atmel/ATmega_DFP/1.1.130/gcc/dev/atmega328p/avr5\libatmega328p.a(eerd_byte.o)

.debug_frame    0x00000000      0x818
 *(.debug_frame)
 .debug_frame   0x00000000      0x280 ALFlightController.o
 .debug_frame   0x00000280       0x54 C:\Data\infotek\svn\2012\gat\Projects\Atmega\code\Atmelstudio\Libraries\ArduinoCore\Release\libArduinoCore.a(main.o)
 .debug_frame   0x000002d4      0x258 C:\Data\infotek\svn\2012\gat\Projects\Atmega\code\Atmelstudio\Libraries\ArduinoCore\Release\libArduinoCore.a(Wire.o)
 .debug_frame   0x0000052c       0xc4 C:\Data\infotek\svn\2012\gat\Projects\Atmega\code\Atmelstudio\Libraries\ArduinoCore\Release\libArduinoCore.a(wiring.o)
 .debug_frame   0x000005f0       0x54 C:\Data\infotek\svn\2012\gat\Projects\Atmega\code\Atmelstudio\Libraries\ArduinoCore\Release\libArduinoCore.a(wiring_analog.o)
 .debug_frame   0x00000644       0x7c C:\Data\infotek\svn\2012\gat\Projects\Atmega\code\Atmelstudio\Libraries\ArduinoCore\Release\libArduinoCore.a(wiring_digital.o)
 .debug_frame   0x000006c0       0x24 C:\Data\infotek\svn\2012\gat\Projects\Atmega\code\Atmelstudio\Libraries\ArduinoCore\Release\libArduinoCore.a(hooks.o)
 .debug_frame   0x000006e4      0x134 C:\Data\infotek\svn\2012\gat\Projects\Atmega\code\Atmelstudio\Libraries\ArduinoCore\Release\libArduinoCore.a(twi.o)

.debug_str      0x00000000     0x25b4
 *(.debug_str)
 .debug_str     0x00000000      0x208 C:/Program Files (x86)/Atmel/Studio/7.0/Packs/atmel/ATmega_DFP/1.1.130/gcc/dev/atmega328p/avr5/crtatmega328p.o
 .debug_str     0x00000208      0xdf2 ALFlightController.o
                                0xe6f (size before relaxing)
 .debug_str     0x00000ffa       0xc2 C:\Data\infotek\svn\2012\gat\Projects\Atmega\code\Atmelstudio\Libraries\ArduinoCore\Release\libArduinoCore.a(main.o)
                                0x2c5 (size before relaxing)
 .debug_str     0x000010bc     0x1153 C:\Data\infotek\svn\2012\gat\Projects\Atmega\code\Atmelstudio\Libraries\ArduinoCore\Release\libArduinoCore.a(Wire.o)
                               0x15ed (size before relaxing)
 .debug_str     0x0000220f      0x132 C:\Data\infotek\svn\2012\gat\Projects\Atmega\code\Atmelstudio\Libraries\ArduinoCore\Release\libArduinoCore.a(wiring.o)
                                0x24f (size before relaxing)
 .debug_str     0x00002341       0x81 C:\Data\infotek\svn\2012\gat\Projects\Atmega\code\Atmelstudio\Libraries\ArduinoCore\Release\libArduinoCore.a(wiring_analog.o)
                                0x253 (size before relaxing)
 .debug_str     0x000023c2       0x97 C:\Data\infotek\svn\2012\gat\Projects\Atmega\code\Atmelstudio\Libraries\ArduinoCore\Release\libArduinoCore.a(wiring_digital.o)
                                0x2b4 (size before relaxing)
 .debug_str     0x00002459       0x1c C:\Data\infotek\svn\2012\gat\Projects\Atmega\code\Atmelstudio\Libraries\ArduinoCore\Release\libArduinoCore.a(hooks.o)
                                0x144 (size before relaxing)
 .debug_str     0x00002475      0x13f C:\Data\infotek\svn\2012\gat\Projects\Atmega\code\Atmelstudio\Libraries\ArduinoCore\Release\libArduinoCore.a(twi.o)
                                0x3bd (size before relaxing)

.debug_loc      0x00000000     0x21ac
 *(.debug_loc)
 .debug_loc     0x00000000      0x8a7 ALFlightController.o
 .debug_loc     0x000008a7      0xb72 C:\Data\infotek\svn\2012\gat\Projects\Atmega\code\Atmelstudio\Libraries\ArduinoCore\Release\libArduinoCore.a(Wire.o)
 .debug_loc     0x00001419      0x269 C:\Data\infotek\svn\2012\gat\Projects\Atmega\code\Atmelstudio\Libraries\ArduinoCore\Release\libArduinoCore.a(wiring.o)
 .debug_loc     0x00001682       0xfe C:\Data\infotek\svn\2012\gat\Projects\Atmega\code\Atmelstudio\Libraries\ArduinoCore\Release\libArduinoCore.a(wiring_analog.o)
 .debug_loc     0x00001780      0x5e3 C:\Data\infotek\svn\2012\gat\Projects\Atmega\code\Atmelstudio\Libraries\ArduinoCore\Release\libArduinoCore.a(wiring_digital.o)
 .debug_loc     0x00001d63      0x449 C:\Data\infotek\svn\2012\gat\Projects\Atmega\code\Atmelstudio\Libraries\ArduinoCore\Release\libArduinoCore.a(twi.o)

.debug_macinfo
 *(.debug_macinfo)

.debug_weaknames
 *(.debug_weaknames)

.debug_funcnames
 *(.debug_funcnames)

.debug_typenames
 *(.debug_typenames)

.debug_varnames
 *(.debug_varnames)

.debug_pubtypes
 *(.debug_pubtypes)

.debug_ranges   0x00000000      0x268
 *(.debug_ranges)
 .debug_ranges  0x00000000       0x68 ALFlightController.o
 .debug_ranges  0x00000068       0x28 C:\Data\infotek\svn\2012\gat\Projects\Atmega\code\Atmelstudio\Libraries\ArduinoCore\Release\libArduinoCore.a(main.o)
 .debug_ranges  0x00000090       0xd8 C:\Data\infotek\svn\2012\gat\Projects\Atmega\code\Atmelstudio\Libraries\ArduinoCore\Release\libArduinoCore.a(Wire.o)
 .debug_ranges  0x00000168       0x38 C:\Data\infotek\svn\2012\gat\Projects\Atmega\code\Atmelstudio\Libraries\ArduinoCore\Release\libArduinoCore.a(wiring.o)
 .debug_ranges  0x000001a0       0x20 C:\Data\infotek\svn\2012\gat\Projects\Atmega\code\Atmelstudio\Libraries\ArduinoCore\Release\libArduinoCore.a(wiring_analog.o)
 .debug_ranges  0x000001c0       0x28 C:\Data\infotek\svn\2012\gat\Projects\Atmega\code\Atmelstudio\Libraries\ArduinoCore\Release\libArduinoCore.a(wiring_digital.o)
 .debug_ranges  0x000001e8       0x10 C:\Data\infotek\svn\2012\gat\Projects\Atmega\code\Atmelstudio\Libraries\ArduinoCore\Release\libArduinoCore.a(hooks.o)
 .debug_ranges  0x000001f8       0x70 C:\Data\infotek\svn\2012\gat\Projects\Atmega\code\Atmelstudio\Libraries\ArduinoCore\Release\libArduinoCore.a(twi.o)

.debug_macro
 *(.debug_macro)
OUTPUT(AL-FlightController.elf elf32-avr)
LOAD linker stubs
