Archive member included to satisfy reference by file (symbol)

c:/program files (x86)/atmel/studio/7.0/toolchain/avr8/avr8-gnu-toolchain/bin/../lib/gcc/avr/5.4.0/../../../../avr/lib/avr5\libm.a(addsf3.o)
                              AL-Setup.o (__subsf3)
c:/program files (x86)/atmel/studio/7.0/toolchain/avr8/avr8-gnu-toolchain/bin/../lib/gcc/avr/5.4.0/../../../../avr/lib/avr5\libm.a(addsf3x.o)
                              c:/program files (x86)/atmel/studio/7.0/toolchain/avr8/avr8-gnu-toolchain/bin/../lib/gcc/avr/5.4.0/../../../../avr/lib/avr5\libm.a(addsf3.o) (__addsf3x)
c:/program files (x86)/atmel/studio/7.0/toolchain/avr8/avr8-gnu-toolchain/bin/../lib/gcc/avr/5.4.0/../../../../avr/lib/avr5\libm.a(cmpsf2.o)
                              AL-Setup.o (__ltsf2)
c:/program files (x86)/atmel/studio/7.0/toolchain/avr8/avr8-gnu-toolchain/bin/../lib/gcc/avr/5.4.0/../../../../avr/lib/avr5\libm.a(divsf3.o)
                              AL-Setup.o (__divsf3)
c:/program files (x86)/atmel/studio/7.0/toolchain/avr8/avr8-gnu-toolchain/bin/../lib/gcc/avr/5.4.0/../../../../avr/lib/avr5\libm.a(divsf3x.o)
                              c:/program files (x86)/atmel/studio/7.0/toolchain/avr8/avr8-gnu-toolchain/bin/../lib/gcc/avr/5.4.0/../../../../avr/lib/avr5\libm.a(divsf3.o) (__divsf3x)
c:/program files (x86)/atmel/studio/7.0/toolchain/avr8/avr8-gnu-toolchain/bin/../lib/gcc/avr/5.4.0/../../../../avr/lib/avr5\libm.a(floatsisf.o)
                              AL-Setup.o (__floatsisf)
c:/program files (x86)/atmel/studio/7.0/toolchain/avr8/avr8-gnu-toolchain/bin/../lib/gcc/avr/5.4.0/../../../../avr/lib/avr5\libm.a(fp_cmp.o)
                              c:/program files (x86)/atmel/studio/7.0/toolchain/avr8/avr8-gnu-toolchain/bin/../lib/gcc/avr/5.4.0/../../../../avr/lib/avr5\libm.a(cmpsf2.o) (__fp_cmp)
c:/program files (x86)/atmel/studio/7.0/toolchain/avr8/avr8-gnu-toolchain/bin/../lib/gcc/avr/5.4.0/../../../../avr/lib/avr5\libm.a(fp_inf.o)
                              c:/program files (x86)/atmel/studio/7.0/toolchain/avr8/avr8-gnu-toolchain/bin/../lib/gcc/avr/5.4.0/../../../../avr/lib/avr5\libm.a(addsf3x.o) (__fp_inf)
c:/program files (x86)/atmel/studio/7.0/toolchain/avr8/avr8-gnu-toolchain/bin/../lib/gcc/avr/5.4.0/../../../../avr/lib/avr5\libm.a(fp_nan.o)
                              c:/program files (x86)/atmel/studio/7.0/toolchain/avr8/avr8-gnu-toolchain/bin/../lib/gcc/avr/5.4.0/../../../../avr/lib/avr5\libm.a(addsf3x.o) (__fp_nan)
c:/program files (x86)/atmel/studio/7.0/toolchain/avr8/avr8-gnu-toolchain/bin/../lib/gcc/avr/5.4.0/../../../../avr/lib/avr5\libm.a(fp_pscA.o)
                              c:/program files (x86)/atmel/studio/7.0/toolchain/avr8/avr8-gnu-toolchain/bin/../lib/gcc/avr/5.4.0/../../../../avr/lib/avr5\libm.a(addsf3x.o) (__fp_pscA)
c:/program files (x86)/atmel/studio/7.0/toolchain/avr8/avr8-gnu-toolchain/bin/../lib/gcc/avr/5.4.0/../../../../avr/lib/avr5\libm.a(fp_pscB.o)
                              c:/program files (x86)/atmel/studio/7.0/toolchain/avr8/avr8-gnu-toolchain/bin/../lib/gcc/avr/5.4.0/../../../../avr/lib/avr5\libm.a(addsf3x.o) (__fp_pscB)
c:/program files (x86)/atmel/studio/7.0/toolchain/avr8/avr8-gnu-toolchain/bin/../lib/gcc/avr/5.4.0/../../../../avr/lib/avr5\libm.a(fp_round.o)
                              c:/program files (x86)/atmel/studio/7.0/toolchain/avr8/avr8-gnu-toolchain/bin/../lib/gcc/avr/5.4.0/../../../../avr/lib/avr5\libm.a(addsf3.o) (__fp_round)
c:/program files (x86)/atmel/studio/7.0/toolchain/avr8/avr8-gnu-toolchain/bin/../lib/gcc/avr/5.4.0/../../../../avr/lib/avr5\libm.a(fp_split3.o)
                              c:/program files (x86)/atmel/studio/7.0/toolchain/avr8/avr8-gnu-toolchain/bin/../lib/gcc/avr/5.4.0/../../../../avr/lib/avr5\libm.a(addsf3x.o) (__fp_split3)
c:/program files (x86)/atmel/studio/7.0/toolchain/avr8/avr8-gnu-toolchain/bin/../lib/gcc/avr/5.4.0/../../../../avr/lib/avr5\libm.a(fp_zero.o)
                              c:/program files (x86)/atmel/studio/7.0/toolchain/avr8/avr8-gnu-toolchain/bin/../lib/gcc/avr/5.4.0/../../../../avr/lib/avr5\libm.a(addsf3x.o) (__fp_zero)
c:/program files (x86)/atmel/studio/7.0/toolchain/avr8/avr8-gnu-toolchain/bin/../lib/gcc/avr/5.4.0/../../../../avr/lib/avr5\libm.a(gesf2.o)
                              AL-Setup.o (__gtsf2)
c:/program files (x86)/atmel/studio/7.0/toolchain/avr8/avr8-gnu-toolchain/bin/../lib/gcc/avr/5.4.0/../../../../avr/lib/avr5\libm.a(mulsf3.o)
                              AL-Setup.o (__mulsf3)
c:/program files (x86)/atmel/studio/7.0/toolchain/avr8/avr8-gnu-toolchain/bin/../lib/gcc/avr/5.4.0/../../../../avr/lib/avr5\libm.a(mulsf3x.o)
                              c:/program files (x86)/atmel/studio/7.0/toolchain/avr8/avr8-gnu-toolchain/bin/../lib/gcc/avr/5.4.0/../../../../avr/lib/avr5\libm.a(mulsf3.o) (__mulsf3x)
C:\data\infotek\svn\2012\gat\Projects\Atmega\code\Atmelstudio\Libraries\ArduinoCore\Debug\libArduinoCore.a(HardwareSerial.o)
[...]
Memory Configuration

Name             Origin             Length             Attributes
text             0x00000000         0x00020000         xr
data             0x00800060         0x0000ffa0         rw !x
eeprom           0x00810000         0x00010000         rw !x
fuse             0x00820000         0x00000003         rw !x
lock             0x00830000         0x00000400         rw !x
signature        0x00840000         0x00000400         rw !x
user_signatures  0x00850000         0x00000400         rw !x
*default*        0x00000000         0xffffffff

Linker script and memory map

Address of section .data set to 0x800100
LOAD C:/Program Files (x86)/Atmel/Studio/7.0/Packs/atmel/ATmega_DFP/1.1.130/gcc/dev/atmega328p/avr5/crtatmega328p.o
LOAD AL-Setup.o
START GROUP
LOAD c:/program files (x86)/atmel/studio/7.0/toolchain/avr8/avr8-gnu-toolchain/bin/../lib/gcc/avr/5.4.0/../../../../avr/lib/avr5\libm.a
LOAD C:\data\infotek\svn\2012\gat\Projects\Atmega\code\Atmelstudio\Libraries\ArduinoCore\Debug\libArduinoCore.a
END GROUP
LOAD c:/program files (x86)/atmel/studio/7.0/toolchain/avr8/avr8-gnu-toolchain/bin/../lib/gcc/avr/5.4.0/avr5\libgcc.a
LOAD c:/program files (x86)/atmel/studio/7.0/toolchain/avr8/avr8-gnu-toolchain/bin/../lib/gcc/avr/5.4.0/../../../../avr/lib/avr5\libm.a
START GROUP
LOAD c:/program files (x86)/atmel/studio/7.0/toolchain/avr8/avr8-gnu-toolchain/bin/../lib/gcc/avr/5.4.0/avr5\libgcc.a
LOAD c:/program files (x86)/atmel/studio/7.0/toolchain/avr8/avr8-gnu-toolchain/bin/../lib/gcc/avr/5.4.0/../../../../avr/lib/avr5\libm.a
LOAD c:/program files (x86)/atmel/studio/7.0/toolchain/avr8/avr8-gnu-toolchain/bin/../lib/gcc/avr/5.4.0/../../../../avr/lib/avr5\libc.a
LOAD C:/Program Files (x86)/Atmel/Studio/7.0/Packs/atmel/ATmega_DFP/1.1.130/gcc/dev/atmega328p/avr5\libatmega328p.a
END GROUP
                0x00020000                __TEXT_REGION_LENGTH__ = DEFINED (__TEXT_REGION_LENGTH__)?__TEXT_REGION_LENGTH__:0x20000
                0x0000ffa0                __DATA_REGION_LENGTH__ = DEFINED (__DATA_REGION_LENGTH__)?__DATA_REGION_LENGTH__:0xffa0
                0x00010000                __EEPROM_REGION_LENGTH__ = DEFINED (__EEPROM_REGION_LENGTH__)?__EEPROM_REGION_LENGTH__:0x10000
                [0x00000003]                __FUSE_REGION_LENGTH__ = DEFINED (__FUSE_REGION_LENGTH__)?__FUSE_REGION_LENGTH__:0x400
                0x00000400                __LOCK_REGION_LENGTH__ = DEFINED (__LOCK_REGION_LENGTH__)?__LOCK_REGION_LENGTH__:0x400
                0x00000400                __SIGNATURE_REGION_LENGTH__ = DEFINED (__SIGNATURE_REGION_LENGTH__)?__SIGNATURE_REGION_LENGTH__:0x400
                0x00000400                __USER_SIGNATURE_REGION_LENGTH__ = DEFINED (__USER_SIGNATURE_REGION_LENGTH__)?__USER_SIGNATURE_REGION_LENGTH__:0x400

.hash
 *(.hash)

.dynsym
 *(.dynsym)

.dynstr
 *(.dynstr)

.gnu.version
 *(.gnu.version)

.gnu.version_d
 *(.gnu.version_d)

.gnu.version_r
 *(.gnu.version_r)

.rel.init
 *(.rel.init)

.rela.init
 *(.rela.init)

.rel.text
 *(.rel.text)
 *(.rel.text.*)
 *(.rel.gnu.linkonce.t*)

.rela.text
 *(.rela.text)
 *(.rela.text.*)
 *(.rela.gnu.linkonce.t*)

.rel.fini
 *(.rel.fini)

.rela.fini
 *(.rela.fini)

.rel.rodata
 *(.rel.rodata)
 *(.rel.rodata.*)
 *(.rel.gnu.linkonce.r*)

.rela.rodata
 *(.rela.rodata)
 *(.rela.rodata.*)
 *(.rela.gnu.linkonce.r*)

.rel.data
 *(.rel.data)
 *(.rel.data.*)
 *(.rel.gnu.linkonce.d*)

.rela.data
 *(.rela.data)
 *(.rela.data.*)
 *(.rela.gnu.linkonce.d*)

.rel.ctors
 *(.rel.ctors)

.rela.ctors
 *(.rela.ctors)

.rel.dtors
 *(.rel.dtors)

.rela.dtors
 *(.rela.dtors)

.rel.got
 *(.rel.got)

.rela.got
 *(.rela.got)

.rel.bss
 *(.rel.bss)

.rela.bss
 *(.rela.bss)

.rel.plt
 *(.rel.plt)

.rela.plt
 *(.rela.plt)

.text           0x00000000     0x516a
 *(.vectors)
 .vectors       0x00000000       0x68 C:/Program Files (x86)/Atmel/Studio/7.0/Packs/atmel/ATmega_DFP/1.1.130/gcc/dev/atmega328p/avr5/crtatmega328p.o
                0x00000000                __vector_default
                0x00000000                __vectors
 *(.vectors)
 *(.progmem.gcc*)
                0x00000068                . = ALIGN (0x2)
                0x00000068                __trampolines_start = .
 *(.trampolines)
 .trampolines   0x00000068        0x0 linker stubs
 *(.trampolines*)
                0x00000068                __trampolines_end = .
 *libprintf_flt.a:*(.progmem.data)
 *libc.a:*(.progmem.data)
 *(.progmem*)
 .progmem.data._ZZ5introvE3__c_11
                0x00000068        0xa AL-Setup.o
 .progmem.data._ZZ5introvE3__c_10
                0x00000072        0x1 AL-Setup.o
 .progmem.data._ZZ5introvE3__c_9
                0x00000073       0x2c AL-Setup.o
 .progmem.data._ZZ5introvE3__c_8
                0x0000009f       0x34 AL-Setup.o
 .progmem.data._ZZ5introvE3__c_7
                0x000000d3        0x1 AL-Setup.o
 .progmem.data._ZZ5introvE3__c_6
                0x000000d4       0x16 AL-Setup.o
 .progmem.data._ZZ5introvE3__c_5
                0x000000ea        0x1 AL-Setup.o
 .progmem.data._ZZ5introvE3__c_4
                0x000000eb       0x11 AL-Setup.o
 .progmem.data._ZZ5introvE3__c_3
                0x000000fc        0xb AL-Setup.o
 .progmem.data._ZZ5introvE3__c_2
                0x00000107        0xe AL-Setup.o
 .progmem.data._ZZ5introvE3__c_1
                0x00000115        0x5 AL-Setup.o
 .progmem.data._ZZ5introvE3__c_0
                0x0000011a        0x1 AL-Setup.o
 .progmem.data._ZZ5introvE3__c
                0x0000011b       0x34 AL-Setup.o
 .progmem.data._ZZ15check_gyro_axeshE3__c
                0x0000014f       0x42 AL-Setup.o
 .progmem.data._ZZ16register_min_maxvE3__c
                0x00000191       0x18 AL-Setup.o
 .progmem.data._ZZ17wait_for_receivervE3__c_2
                0x000001a9        0x4 AL-Setup.o
 .progmem.data._ZZ17wait_for_receivervE3__c_1
                0x000001ad       0x2d AL-Setup.o
 .progmem.data._ZZ17wait_for_receivervE3__c_0
                0x000001da        0x2 AL-Setup.o
 .progmem.data._ZZ17wait_for_receivervE3__c
                0x000001dc        0x2 AL-Setup.o
 .progmem.data._ZZ21check_receiver_inputshE3__c
                0x000001de       0x3f AL-Setup.o
 .progmem.data._ZZ10start_gyrovE3__c_2
                0x0000021d       0x19 AL-Setup.o
 .progmem.data._ZZ10start_gyrovE3__c_1
                0x00000236       0x19 AL-Setup.o
 .progmem.data._ZZ10start_gyrovE3__c_0
                0x0000024f       0x19 AL-Setup.o
 .progmem.data._ZZ10start_gyrovE3__c
                0x00000268       0x19 AL-Setup.o
 .progmem.data._ZZ4loopE3__c_154
                0x00000281       0x38 AL-Setup.o
 .progmem.data._ZZ4loopE3__c_153
                0x000002b9       0x32 AL-Setup.o
 .progmem.data._ZZ4loopE3__c_152
                0x000002eb       0x26 AL-Setup.o
 .progmem.data._ZZ4loopE3__c_151
                0x00000311       0x3d AL-Setup.o
 .progmem.data._ZZ4loopE3__c_150
                0x0000034e       0x13 AL-Setup.o
 .progmem.data._ZZ4loopE3__c_149
                0x00000361       0x12 AL-Setup.o
 .progmem.data._ZZ4loopE3__c_148
                0x00000373       0x28 AL-Setup.o
 .progmem.data._ZZ4loopE3__c_147
                0x0000039b       0x13 AL-Setup.o
 .progmem.data._ZZ4loopE3__c_146
                0x000003ae        0x6 AL-Setup.o
 .progmem.data._ZZ4loopE3__c_145
                0x000003b4        0xf AL-Setup.o
 .progmem.data._ZZ4loopE3__c_144
                0x000003c3       0x34 AL-Setup.o
 .progmem.data._ZZ4loopE3__c_143
                0x000003f7       0x1b AL-Setup.o
 .progmem.data._ZZ4loopE3__c_142
                0x00000412       0x34 AL-Setup.o
 .progmem.data._ZZ4loopE3__c_141
                0x00000446        0x1 AL-Setup.o
 .progmem.data._ZZ4loopE3__c_140
                0x00000447       0x2b AL-Setup.o
 .progmem.data._ZZ4loopE3__c_139
                0x00000472        0xd AL-Setup.o
 .progmem.data._ZZ4loopE3__c_138
                0x0000047f       0x32 AL-Setup.o
 .progmem.data._ZZ4loopE3__c_137
                0x000004b1       0x15 AL-Setup.o
 .progmem.data._ZZ4loopE3__c_136
                0x000004c6       0x34 AL-Setup.o
 .progmem.data._ZZ4loopE3__c_135
                0x000004fa       0x12 AL-Setup.o
 .progmem.data._ZZ4loopE3__c_134
                0x0000050c       0x34 AL-Setup.o
 .progmem.data._ZZ4loopE3__c_133
                0x00000540        0x1 AL-Setup.o
 .progmem.data._ZZ4loopE3__c_132
                0x00000541       0x34 AL-Setup.o
 .progmem.data._ZZ4loopE3__c_131
                0x00000575       0x1a AL-Setup.o
 .progmem.data._ZZ4loopE3__c_130
                0x0000058f       0x34 AL-Setup.o
 .progmem.data._ZZ4loopE3__c_129
                0x000005c3        0x9 AL-Setup.o
 .progmem.data._ZZ4loopE3__c_128
                0x000005cc       0x34 AL-Setup.o
 .progmem.data._ZZ4loopE3__c_127
                0x00000600        0x1 AL-Setup.o
 .progmem.data._ZZ4loopE3__c_126
                0x00000601       0x34 AL-Setup.o
 .progmem.data._ZZ4loopE3__c_125
                0x00000635       0x31 AL-Setup.o
 .progmem.data._ZZ4loopE3__c_124
                0x00000666       0x13 AL-Setup.o
 .progmem.data._ZZ4loopE3__c_123
                0x00000679       0x14 AL-Setup.o
 .progmem.data._ZZ4loopE3__c_122
                0x0000068d       0x13 AL-Setup.o
 .progmem.data._ZZ4loopE3__c_121
                0x000006a0        0x4 AL-Setup.o
 .progmem.data._ZZ4loopE3__c_120
                0x000006a4       0x4b AL-Setup.o
 .progmem.data._ZZ4loopE3__c_119
                0x000006ef        0x1 AL-Setup.o
 .progmem.data._ZZ4loopE3__c_118
                0x000006f0        0x1 AL-Setup.o
 .progmem.data._ZZ4loopE3__c_117
                0x000006f1       0x34 AL-Setup.o
 .progmem.data._ZZ4loopE3__c_116
                0x00000725       0x31 AL-Setup.o
 .progmem.data._ZZ4loopE3__c_115
                0x00000756       0x13 AL-Setup.o
 .progmem.data._ZZ4loopE3__c_114
                0x00000769       0x14 AL-Setup.o
 .progmem.data._ZZ4loopE3__c_113
                0x0000077d       0x13 AL-Setup.o
 .progmem.data._ZZ4loopE3__c_112
                0x00000790        0x4 AL-Setup.o
 .progmem.data._ZZ4loopE3__c_111
                0x00000794       0x47 AL-Setup.o
 .progmem.data._ZZ4loopE3__c_110
                0x000007db        0x1 AL-Setup.o
 .progmem.data._ZZ4loopE3__c_109
                0x000007dc        0x1 AL-Setup.o
 .progmem.data._ZZ4loopE3__c_108
                0x000007dd       0x34 AL-Setup.o
 .progmem.data._ZZ4loopE3__c_107
                0x00000811       0x31 AL-Setup.o
 .progmem.data._ZZ4loopE3__c_106
                0x00000842       0x13 AL-Setup.o
 .progmem.data._ZZ4loopE3__c_105
                0x00000855       0x14 AL-Setup.o
 .progmem.data._ZZ4loopE3__c_104
                0x00000869       0x13 AL-Setup.o
 .progmem.data._ZZ4loopE3__c_103
                0x0000087c        0x4 AL-Setup.o
 .progmem.data._ZZ4loopE3__c_102
                0x00000880       0x4c AL-Setup.o
 .progmem.data._ZZ4loopE3__c_101
                0x000008cc       0x34 AL-Setup.o
 .progmem.data._ZZ4loopE3__c_100
                0x00000900       0x18 AL-Setup.o
 .progmem.data._ZZ4loopE3__c_99
                0x00000918       0x34 AL-Setup.o
 .progmem.data._ZZ4loopE3__c_98
                0x0000094c        0x1 AL-Setup.o
 .progmem.data._ZZ4loopE3__c_97
                0x0000094d        0xf AL-Setup.o
 .progmem.data._ZZ4loopE3__c_96
                0x0000095c        0xf AL-Setup.o
 .progmem.data._ZZ4loopE3__c_95
                0x0000096b        0xf AL-Setup.o
 .progmem.data._ZZ4loopE3__c_94
                0x0000097a        0x1 AL-Setup.o
 .progmem.data._ZZ4loopE3__c_93
                0x0000097b        0x2 AL-Setup.o
 .progmem.data._ZZ4loopE3__c_92
                0x0000097d        0xc AL-Setup.o
 .progmem.data._ZZ4loopE3__c_91
                0x00000989       0x33 AL-Setup.o
 .progmem.data._ZZ4loopE3__c_90
                0x000009bc       0x3c AL-Setup.o
 .progmem.data._ZZ4loopE3__c_89
                0x000009f8       0x34 AL-Setup.o
 .progmem.data._ZZ4loopE3__c_88
                0x00000a2c       0x11 AL-Setup.o
 .progmem.data._ZZ4loopE3__c_87
                0x00000a3d       0x34 AL-Setup.o
 .progmem.data._ZZ4loopE3__c_86
                0x00000a71        0x1 AL-Setup.o
 .progmem.data._ZZ4loopE3__c_85
                0x00000a72       0x34 AL-Setup.o
 .progmem.data._ZZ4loopE3__c_84
                0x00000aa6       0x17 AL-Setup.o
 .progmem.data._ZZ4loopE3__c_83
                0x00000abd       0x34 AL-Setup.o
 .progmem.data._ZZ4loopE3__c_82
                0x00000af1        0x1 AL-Setup.o
 .progmem.data._ZZ4loopE3__c_68
                0x00000af2       0x1f AL-Setup.o
 .progmem.data._ZZ4loopE3__c_67
                0x00000b11       0x2b AL-Setup.o
 .progmem.data._ZZ4loopE3__c_66
                0x00000b3c       0x34 AL-Setup.o
 .progmem.data._ZZ4loopE3__c_65
                0x00000b70        0xc AL-Setup.o
 .progmem.data._ZZ4loopE3__c_64
                0x00000b7c       0x34 AL-Setup.o
 .progmem.data._ZZ4loopE3__c_63
                0x00000bb0        0x1 AL-Setup.o
 .progmem.data._ZZ4loopE3__c_62
                0x00000bb1       0x34 AL-Setup.o
 .progmem.data._ZZ4loopE3__c_61
                0x00000be5        0x4 AL-Setup.o
 .progmem.data._ZZ4loopE3__c_60
                0x00000be9        0x4 AL-Setup.o
 .progmem.data._ZZ4loopE3__c_59
                0x00000bed       0x19 AL-Setup.o
 .progmem.data._ZZ4loopE3__c_58
                0x00000c06        0x4 AL-Setup.o
 .progmem.data._ZZ4loopE3__c_57
                0x00000c0a        0x4 AL-Setup.o
 .progmem.data._ZZ4loopE3__c_56
                0x00000c0e       0x19 AL-Setup.o
 .progmem.data._ZZ4loopE3__c_55
                0x00000c27        0x4 AL-Setup.o
 .progmem.data._ZZ4loopE3__c_54
                0x00000c2b        0x4 AL-Setup.o
 .progmem.data._ZZ4loopE3__c_53
                0x00000c2f       0x19 AL-Setup.o
 .progmem.data._ZZ4loopE3__c_52
                0x00000c48        0x4 AL-Setup.o
 .progmem.data._ZZ4loopE3__c_51
                0x00000c4c        0x4 AL-Setup.o
 .progmem.data._ZZ4loopE3__c_50
                0x00000c50       0x19 AL-Setup.o
 .progmem.data._ZZ4loopE3__c_49
                0x00000c69       0x2f AL-Setup.o
 .progmem.data._ZZ4loopE3__c_48
                0x00000c98        0x1 AL-Setup.o
 .progmem.data._ZZ4loopE3__c_47
                0x00000c99        0x1 AL-Setup.o
 .progmem.data._ZZ4loopE3__c_46
                0x00000c9a       0x39 AL-Setup.o
 .progmem.data._ZZ4loopE3__c_45
                0x00000cd3       0x3b AL-Setup.o
 .progmem.data._ZZ4loopE3__c_44
                0x00000d0e        0x1 AL-Setup.o
 .progmem.data._ZZ4loopE3__c_43
                0x00000d0f        0x1 AL-Setup.o
 .progmem.data._ZZ4loopE3__c_42
                0x00000d10       0x16 AL-Setup.o
 .progmem.data._ZZ4loopE3__c_41
                0x00000d26       0x17 AL-Setup.o
 .progmem.data._ZZ4loopE3__c_40
                0x00000d3d       0x23 AL-Setup.o
 .progmem.data._ZZ4loopE3__c_39
                0x00000d60       0x3d AL-Setup.o
 .progmem.data._ZZ4loopE3__c_38
                0x00000d9d        0x1 AL-Setup.o
 .progmem.data._ZZ4loopE3__c_37
                0x00000d9e        0x1 AL-Setup.o
 .progmem.data._ZZ4loopE3__c_36
                0x00000d9f       0x16 AL-Setup.o
 .progmem.data._ZZ4loopE3__c_35
                0x00000db5       0x17 AL-Setup.o
 .progmem.data._ZZ4loopE3__c_34
                0x00000dcc       0x25 AL-Setup.o
 .progmem.data._ZZ4loopE3__c_33
                0x00000df1       0x3c AL-Setup.o
 .progmem.data._ZZ4loopE3__c_32
                0x00000e2d        0x1 AL-Setup.o
 .progmem.data._ZZ4loopE3__c_31
                0x00000e2e        0x1 AL-Setup.o
 .progmem.data._ZZ4loopE3__c_30
                0x00000e2f       0x16 AL-Setup.o
 .progmem.data._ZZ4loopE3__c_29
                0x00000e45       0x17 AL-Setup.o
 .progmem.data._ZZ4loopE3__c_28
                0x00000e5c       0x24 AL-Setup.o
 .progmem.data._ZZ4loopE3__c_27
                0x00000e80       0x40 AL-Setup.o
 .progmem.data._ZZ4loopE3__c_26
                0x00000ec0        0x1 AL-Setup.o
 .progmem.data._ZZ4loopE3__c_25
                0x00000ec1        0x1 AL-Setup.o
 .progmem.data._ZZ4loopE3__c_24
                0x00000ec2       0x16 AL-Setup.o
 .progmem.data._ZZ4loopE3__c_23
                0x00000ed8       0x17 AL-Setup.o
 .progmem.data._ZZ4loopE3__c_22
                0x00000eef       0x28 AL-Setup.o
 .progmem.data._ZZ4loopE3__c_21
                0x00000f17       0x3c AL-Setup.o
 .progmem.data._ZZ4loopE3__c_20
                0x00000f53        0x1 AL-Setup.o
 .progmem.data._ZZ4loopE3__c_19
                0x00000f54        0x1 AL-Setup.o
 .progmem.data._ZZ4loopE3__c_18
                0x00000f55       0x14 AL-Setup.o
 .progmem.data._ZZ4loopE3__c_17
                0x00000f69       0x14 AL-Setup.o
 .progmem.data._ZZ4loopE3__c_16
                0x00000f7d       0x14 AL-Setup.o
 .progmem.data._ZZ4loopE3__c_15
                0x00000f91       0x14 AL-Setup.o
 .progmem.data._ZZ4loopE3__c_14
                0x00000fa5       0x19 AL-Setup.o
 .progmem.data._ZZ4loopE3__c_13
                0x00000fbe        0x1 AL-Setup.o
 .progmem.data._ZZ4loopE3__c_12
                0x00000fbf       0x48 AL-Setup.o
 .progmem.data._ZZ4loopE3__c_11
                0x00001007        0x1 AL-Setup.o
 .progmem.data._ZZ4loopE3__c_10
                0x00001008       0x25 AL-Setup.o
 .progmem.data._ZZ4loopE3__c_9
                0x0000102d       0x34 AL-Setup.o
 .progmem.data._ZZ4loopE3__c_8
                0x00001061       0x12 AL-Setup.o
 .progmem.data._ZZ4loopE3__c_7
                0x00001073       0x34 AL-Setup.o
 .progmem.data._ZZ4loopE3__c_6
                0x000010a7        0x1 AL-Setup.o
 .progmem.data._ZZ4loopE3__c_5
                0x000010a8       0x30 AL-Setup.o
 .progmem.data._ZZ4loopE3__c_4
                0x000010d8       0x2c AL-Setup.o
 .progmem.data._ZZ4loopE3__c_3
                0x00001104       0x1a AL-Setup.o
 .progmem.data._ZZ4loopE3__c_2
                0x0000111e       0x34 AL-Setup.o
 .progmem.data._ZZ4loopE3__c_1
                0x00001152        0xd AL-Setup.o
 .progmem.data._ZZ4loopE3__c_0
                0x0000115f       0x34 AL-Setup.o
 .progmem.data._ZZ4loopE3__c
                0x00001193        0x1 AL-Setup.o
 .progmem.data.digital_pin_to_timer_PGM
                0x00001194       0x14 C:\data\infotek\svn\2012\gat\Projects\Atmega\code\Atmelstudio\Libraries\ArduinoCore\Debug\libArduinoCore.a(wiring_digital.o)
                0x00001194                digital_pin_to_timer_PGM
 .progmem.data.digital_pin_to_bit_mask_PGM
                0x000011a8       0x14 C:\data\infotek\svn\2012\gat\Projects\Atmega\code\Atmelstudio\Libraries\ArduinoCore\Debug\libArduinoCore.a(wiring_digital.o)
                0x000011a8                digital_pin_to_bit_mask_PGM
 .progmem.data.digital_pin_to_port_PGM
                0x000011bc       0x14 C:\data\infotek\svn\2012\gat\Projects\Atmega\code\Atmelstudio\Libraries\ArduinoCore\Debug\libArduinoCore.a(wiring_digital.o)
                0x000011bc                digital_pin_to_port_PGM
 .progmem.data.port_to_output_PGM
                0x000011d0        0xa C:\data\infotek\svn\2012\gat\Projects\Atmega\code\Atmelstudio\Libraries\ArduinoCore\Debug\libArduinoCore.a(wiring_digital.o)
                0x000011d0                port_to_output_PGM
 .progmem.data.port_to_mode_PGM
                0x000011da        0xa C:\data\infotek\svn\2012\gat\Projects\Atmega\code\Atmelstudio\Libraries\ArduinoCore\Debug\libArduinoCore.a(wiring_digital.o)
                0x000011da                port_to_mode_PGM
                0x000011e4                . = ALIGN (0x2)
 *(.jumptables)
 *(.jumptables*)
 *(.lowtext)
 *(.lowtext*)
                0x000011e4                __ctors_start = .
 *(.ctors)
 .ctors         0x000011e4        0x2 C:\data\infotek\svn\2012\gat\Projects\Atmega\code\Atmelstudio\Libraries\ArduinoCore\Debug\libArduinoCore.a(HardwareSerial0.o)
 .ctors         0x000011e6        0x2 C:\data\infotek\svn\2012\gat\Projects\Atmega\code\Atmelstudio\Libraries\ArduinoCore\Debug\libArduinoCore.a(Wire.o)
                0x000011e8                __ctors_end = .
                0x000011e8                __dtors_start = .
 *(.dtors)
                0x000011e8                __dtors_end = .
 SORT(*)(.ctors)
 SORT(*)(.dtors)
 *(.init0)
 .init0         0x000011e8        0x0 C:/Program Files (x86)/Atmel/Studio/7.0/Packs/atmel/ATmega_DFP/1.1.130/gcc/dev/atmega328p/avr5/crtatmega328p.o
                0x000011e8                __init
 *(.init0)
 *(.init1)
 *(.init1)
 *(.init2)
 .init2         0x000011e8        0xc C:/Program Files (x86)/Atmel/Studio/7.0/Packs/atmel/ATmega_DFP/1.1.130/gcc/dev/atmega328p/avr5/crtatmega328p.o
 *(.init2)
 *(.init3)
 *(.init3)
 *(.init4)
 .init4         0x000011f4       0x16 c:/program files (x86)/atmel/studio/7.0/toolchain/avr8/avr8-gnu-toolchain/bin/../lib/gcc/avr/5.4.0/avr5\libgcc.a(_copy_data.o)
                0x000011f4                __do_copy_data
 .init4         0x0000120a       0x10 c:/program files (x86)/atmel/studio/7.0/toolchain/avr8/avr8-gnu-toolchain/bin/../lib/gcc/avr/5.4.0/avr5\libgcc.a(_clear_bss.o)
                0x0000120a                __do_clear_bss
 *(.init4)
 *(.init5)
 *(.init5)
 *(.init6)
 .init6         0x0000121a       0x16 c:/program files (x86)/atmel/studio/7.0/toolchain/avr8/avr8-gnu-toolchain/bin/../lib/gcc/avr/5.4.0/avr5\libgcc.a(_ctors.o)
                0x0000121a                __do_global_ctors
 *(.init6)
 *(.init7)
 *(.init7)
 *(.init8)
 *(.init8)
 *(.init9)
 .init9         0x00001230        0x8 C:/Program Files (x86)/Atmel/Studio/7.0/Packs/atmel/ATmega_DFP/1.1.130/gcc/dev/atmega328p/avr5/crtatmega328p.o
 *(.init9)
 *(.text)
 .text          0x00001238        0x4 C:/Program Files (x86)/Atmel/Studio/7.0/Packs/atmel/ATmega_DFP/1.1.130/gcc/dev/atmega328p/avr5/crtatmega328p.o
                0x00001238                __vector_22
                0x00001238                __vector_1
                0x00001238                __vector_12
                0x00001238                __bad_interrupt
                0x00001238                __vector_6
                0x00001238                __vector_23
                0x00001238                __vector_25
                0x00001238                __vector_11
                0x00001238                __vector_13
                0x00001238                __vector_17
                0x00001238                __vector_7
                0x00001238                __vector_5
                0x00001238                __vector_4
                0x00001238                __vector_9
                0x00001238                __vector_2
                0x00001238                __vector_21
                0x00001238                __vector_15
                0x00001238                __vector_8
                0x00001238                __vector_14
                0x00001238                __vector_10
                0x00001238                __vector_20
                0x0000123c                . = ALIGN (0x2)
 *(.text.*)
 .text.unlikely._ZN11EEPROMClass4readEi.isra.0
                0x0000123c        0x4 AL-Setup.o
 .text.unlikely._ZN11EEPROMClass5writeEih.isra.1
                0x00001240        0x4 AL-Setup.o
 .text._ZN7TwoWire5writeEi
                0x00001244        0xe AL-Setup.o
                0x00001244                _ZN7TwoWire5writeEi
 .text.setup    0x00001252       0x54 AL-Setup.o
                0x00001252                setup
 .text._Z21check_receiver_inputsh
                0x000012a6      0x1c0 AL-Setup.o
                0x000012a6                _Z21check_receiver_inputsh
 .text._Z16wait_sticks_zerov
                0x00001466       0xdc AL-Setup.o
                0x00001466                _Z16wait_sticks_zerov
 .text._Z17check_to_continuev
                0x00001542      0x118 AL-Setup.o
                0x00001542                _Z17check_to_continuev
 .text._Z17wait_for_receiverv
                0x0000165a      0x116 AL-Setup.o
                0x0000165a                _Z17wait_for_receiverv
 .text._Z16register_min_maxv
                0x00001770      0x298 AL-Setup.o
                0x00001770                _Z16register_min_maxv
 .text.__vector_3
                0x00001a08      0x15e AL-Setup.o
                0x00001a08                __vector_3
 .text._Z5introv
                0x00001b66       0xe4 AL-Setup.o
                0x00001b66                _Z5introv
 .text._Z11search_gyroii
                0x00001c4a       0xb4 AL-Setup.o
                0x00001c4a                _Z11search_gyroii
 .text._Z10start_gyrov
                0x00001cfe      0x278 AL-Setup.o
                0x00001cfe                _Z10start_gyrov
 .text._Z13gyro_signalenv
                0x00001f76      0x34e AL-Setup.o
                0x00001f76                _Z13gyro_signalenv
 .text._Z15check_gyro_axesh
                0x000022c4      0x4a2 AL-Setup.o
                0x000022c4                _Z15check_gyro_axesh
 .text.loop     0x00002766     0x11c2 AL-Setup.o
                0x00002766                loop
 .text.avr-libc.fplib
                0x00003928        0xe c:/program files (x86)/atmel/studio/7.0/toolchain/avr8/avr8-gnu-toolchain/bin/../lib/gcc/avr/5.4.0/../../../../avr/lib/avr5\libm.a(addsf3.o)
                0x00003928                __subsf3
                0x0000392a                __addsf3
 .text.avr-libc.fplib
                0x00003936       0xcc c:/program files (x86)/atmel/studio/7.0/toolchain/avr8/avr8-gnu-toolchain/bin/../lib/gcc/avr/5.4.0/../../../../avr/lib/avr5\libm.a(addsf3x.o)
                0x00003958                __addsf3x
 .text.avr-libc.fplib
                0x00003a02        0xa c:/program files (x86)/atmel/studio/7.0/toolchain/avr8/avr8-gnu-toolchain/bin/../lib/gcc/avr/5.4.0/../../../../avr/lib/avr5\libm.a(cmpsf2.o)
                0x00003a02                __nesf2
                0x00003a02                __eqsf2
                0x00003a02                __cmpsf2
                0x00003a02                __ltsf2
                0x00003a02                __lesf2
 .text.avr-libc.fplib
                0x00003a0c        0x8 c:/program files (x86)/atmel/studio/7.0/toolchain/avr8/avr8-gnu-toolchain/bin/../lib/gcc/avr/5.4.0/../../../../avr/lib/avr5\libm.a(divsf3.o)
                0x00003a0c                __divsf3
 .text.avr-libc.fplib
                0x00003a14       0xdc c:/program files (x86)/atmel/studio/7.0/toolchain/avr8/avr8-gnu-toolchain/bin/../lib/gcc/avr/5.4.0/../../../../avr/lib/avr5\libm.a(divsf3x.o)
                0x00003a34                __divsf3x
                0x00003a3a                __divsf3_pse
 .text.avr-libc.fplib
                0x00003af0       0x7a c:/program files (x86)/atmel/studio/7.0/toolchain/avr8/avr8-gnu-toolchain/bin/../lib/gcc/avr/5.4.0/../../../../avr/lib/avr5\libm.a(floatsisf.o)
                0x00003af0                __floatunsisf
                0x00003af4                __floatsisf
 .text.avr-libc.fplib
                0x00003b6a       0x48 c:/program files (x86)/atmel/studio/7.0/toolchain/avr8/avr8-gnu-toolchain/bin/../lib/gcc/avr/5.4.0/../../../../avr/lib/avr5\libm.a(fp_cmp.o)
                0x00003b6a                __fp_cmp
 .text.avr-libc.fplib
                0x00003bb2        0xc c:/program files (x86)/atmel/studio/7.0/toolchain/avr8/avr8-gnu-toolchain/bin/../lib/gcc/avr/5.4.0/../../../../avr/lib/avr5\libm.a(fp_inf.o)
                0x00003bb2                __fp_inf
 .text.avr-libc.fplib
                0x00003bbe        0x6 c:/program files (x86)/atmel/studio/7.0/toolchain/avr8/avr8-gnu-toolchain/bin/../lib/gcc/avr/5.4.0/../../../../avr/lib/avr5\libm.a(fp_nan.o)
                0x00003bbe                __fp_nan
 .text.avr-libc.fplib
                0x00003bc4        0xe c:/program files (x86)/atmel/studio/7.0/toolchain/avr8/avr8-gnu-toolchain/bin/../lib/gcc/avr/5.4.0/../../../../avr/lib/avr5\libm.a(fp_pscA.o)
                0x00003bc4                __fp_pscA
 .text.avr-libc.fplib
                0x00003bd2        0xe c:/program files (x86)/atmel/studio/7.0/toolchain/avr8/avr8-gnu-toolchain/bin/../lib/gcc/avr/5.4.0/../../../../avr/lib/avr5\libm.a(fp_pscB.o)
                0x00003bd2                __fp_pscB
 .text.avr-libc.fplib
                0x00003be0       0x22 c:/program files (x86)/atmel/studio/7.0/toolchain/avr8/avr8-gnu-toolchain/bin/../lib/gcc/avr/5.4.0/../../../../avr/lib/avr5\libm.a(fp_round.o)
                0x00003be0                __fp_round
 .text.avr-libc.fplib
                0x00003c02       0x44 c:/program files (x86)/atmel/studio/7.0/toolchain/avr8/avr8-gnu-toolchain/bin/../lib/gcc/avr/5.4.0/../../../../avr/lib/avr5\libm.a(fp_split3.o)
                0x00003c02                __fp_split3
                0x00003c12                __fp_splitA
 .text.avr-libc.fplib
                0x00003c46        0xe c:/program files (x86)/atmel/studio/7.0/toolchain/avr8/avr8-gnu-toolchain/bin/../lib/gcc/avr/5.4.0/../../../../avr/lib/avr5\libm.a(fp_zero.o)
                0x00003c46                __fp_zero
                0x00003c48                __fp_szero
 .text.avr-libc.fplib
                0x00003c54        0xa c:/program files (x86)/atmel/studio/7.0/toolchain/avr8/avr8-gnu-toolchain/bin/../lib/gcc/avr/5.4.0/../../../../avr/lib/avr5\libm.a(gesf2.o)
                0x00003c54                __gesf2
                0x00003c54                __gtsf2
 .text.avr-libc.fplib
                0x00003c5e        0x8 c:/program files (x86)/atmel/studio/7.0/toolchain/avr8/avr8-gnu-toolchain/bin/../lib/gcc/avr/5.4.0/../../../../avr/lib/avr5\libm.a(mulsf3.o)
                0x00003c5e                __mulsf3
 .text.avr-libc.fplib
                0x00003c66       0xd2 c:/program files (x86)/atmel/studio/7.0/toolchain/avr8/avr8-gnu-toolchain/bin/../lib/gcc/avr/5.4.0/../../../../avr/lib/avr5\libm.a(mulsf3x.o)
                0x00003c84                __mulsf3x
                0x00003c8a                __mulsf3_pse
 .text._ZN14HardwareSerial9availableEv
                0x00003d38       0x18 C:\data\infotek\svn\2012\gat\Projects\Atmega\code\Atmelstudio\Libraries\ArduinoCore\Debug\libArduinoCore.a(HardwareSerial.o)
                0x00003d38                _ZN14HardwareSerial9availableEv
 .text._ZN14HardwareSerial4peekEv
                0x00003d50       0x1c C:\data\infotek\svn\2012\gat\Projects\Atmega\code\Atmelstudio\Libraries\ArduinoCore\Debug\libArduinoCore.a(HardwareSerial.o)
                0x00003d50                _ZN14HardwareSerial4peekEv
 .text._ZN14HardwareSerial4readEv
                0x00003d6c       0x28 C:\data\infotek\svn\2012\gat\Projects\Atmega\code\Atmelstudio\Libraries\ArduinoCore\Debug\libArduinoCore.a(HardwareSerial.o)
                0x00003d6c                _ZN14HardwareSerial4readEv
 .text._Z14serialEventRunv
                0x00003d94       0x1c C:\data\infotek\svn\2012\gat\Projects\Atmega\code\Atmelstudio\Libraries\ArduinoCore\Debug\libArduinoCore.a(HardwareSerial.o)
                0x00003d94                _Z14serialEventRunv
 .text._ZN14HardwareSerial17_tx_udr_empty_irqEv
                0x00003db0       0x54 C:\data\infotek\svn\2012\gat\Projects\Atmega\code\Atmelstudio\Libraries\ArduinoCore\Debug\libArduinoCore.a(HardwareSerial.o)
                0x00003db0                _ZN14HardwareSerial17_tx_udr_empty_irqEv
 .text._ZN14HardwareSerial5flushEv
                0x00003e04       0x48 C:\data\infotek\svn\2012\gat\Projects\Atmega\code\Atmelstudio\Libraries\ArduinoCore\Debug\libArduinoCore.a(HardwareSerial.o)
                0x00003e04                _ZN14HardwareSerial5flushEv
 .text._ZN14HardwareSerial5writeEh
                0x00003e4c       0x9c C:\data\infotek\svn\2012\gat\Projects\Atmega\code\Atmelstudio\Libraries\ArduinoCore\Debug\libArduinoCore.a(HardwareSerial.o)
                0x00003e4c                _ZN14HardwareSerial5writeEh
 .text._ZN14HardwareSerial5beginEmh
                0x00003ee8       0xca C:\data\infotek\svn\2012\gat\Projects\Atmega\code\Atmelstudio\Libraries\ArduinoCore\Debug\libArduinoCore.a(HardwareSerial.o)
                0x00003ee8                _ZN14HardwareSerial5beginEmh
 .text.__vector_18
                0x00003fb2       0x70 C:\data\infotek\svn\2012\gat\Projects\Atmega\code\Atmelstudio\Libraries\ArduinoCore\Debug\libArduinoCore.a(HardwareSerial0.o)
                0x00003fb2                __vector_18
 .text.__vector_19
                0x00004022       0x4c C:\data\infotek\svn\2012\gat\Projects\Atmega\code\Atmelstudio\Libraries\ArduinoCore\Debug\libArduinoCore.a(HardwareSerial0.o)
                0x00004022                __vector_19
 .text._Z17Serial0_availablev
                0x0000406e       0x14 C:\data\infotek\svn\2012\gat\Projects\Atmega\code\Atmelstudio\Libraries\ArduinoCore\Debug\libArduinoCore.a(HardwareSerial0.o)
                0x0000406e                _Z17Serial0_availablev
 .text._GLOBAL__sub_I___vector_18
                0x00004082       0x5a C:\data\infotek\svn\2012\gat\Projects\Atmega\code\Atmelstudio\Libraries\ArduinoCore\Debug\libArduinoCore.a(HardwareSerial0.o)
 .text.initVariant
                0x000040dc        0x2 C:\data\infotek\svn\2012\gat\Projects\Atmega\code\Atmelstudio\Libraries\ArduinoCore\Debug\libArduinoCore.a(main.o)
                0x000040dc                initVariant
 .text.main     0x000040de       0x1e C:\data\infotek\svn\2012\gat\Projects\Atmega\code\Atmelstudio\Libraries\ArduinoCore\Debug\libArduinoCore.a(main.o)
                0x000040de                main
 .text._ZN5Print5writeEPKhj
                0x000040fc       0x5e C:\data\infotek\svn\2012\gat\Projects\Atmega\code\Atmelstudio\Libraries\ArduinoCore\Debug\libArduinoCore.a(Print.o)
                0x000040fc                _ZN5Print5writeEPKhj
 .text._ZN5Print5printEPK19__FlashStringHelper
                0x0000415a       0x54 C:\data\infotek\svn\2012\gat\Projects\Atmega\code\Atmelstudio\Libraries\ArduinoCore\Debug\libArduinoCore.a(Print.o)
                0x0000415a                _ZN5Print5printEPK19__FlashStringHelper
 .text._ZN5Print5printEPKc
                0x000041ae       0x2c C:\data\infotek\svn\2012\gat\Projects\Atmega\code\Atmelstudio\Libraries\ArduinoCore\Debug\libArduinoCore.a(Print.o)
                0x000041ae                _ZN5Print5printEPKc
 .text._ZN5Print5printEc
                0x000041da       0x10 C:\data\infotek\svn\2012\gat\Projects\Atmega\code\Atmelstudio\Libraries\ArduinoCore\Debug\libArduinoCore.a(Print.o)
                0x000041da                _ZN5Print5printEc
 .text._ZN5Print7printlnEv
                0x000041ea       0x18 C:\data\infotek\svn\2012\gat\Projects\Atmega\code\Atmelstudio\Libraries\ArduinoCore\Debug\libArduinoCore.a(Print.o)
                0x000041ea                _ZN5Print7printlnEv
 .text._ZN5Print7printlnEPK19__FlashStringHelper
                0x00004202       0x24 C:\data\infotek\svn\2012\gat\Projects\Atmega\code\Atmelstudio\Libraries\ArduinoCore\Debug\libArduinoCore.a(Print.o)
                0x00004202                _ZN5Print7printlnEPK19__FlashStringHelper
 .text._ZN5Print7printlnEPKc
                0x00004226       0x24 C:\data\infotek\svn\2012\gat\Projects\Atmega\code\Atmelstudio\Libraries\ArduinoCore\Debug\libArduinoCore.a(Print.o)
                0x00004226                _ZN5Print7printlnEPKc
 .text._ZN5Print11printNumberEmh
                0x0000424a       0xbe C:\data\infotek\svn\2012\gat\Projects\Atmega\code\Atmelstudio\Libraries\ArduinoCore\Debug\libArduinoCore.a(Print.o)
                0x0000424a                _ZN5Print11printNumberEmh
 .text._ZN5Print5printEli
                0x00004308       0x78 C:\data\infotek\svn\2012\gat\Projects\Atmega\code\Atmelstudio\Libraries\ArduinoCore\Debug\libArduinoCore.a(Print.o)
                0x00004308                _ZN5Print5printEli
 .text._ZN5Print5printEii
                0x00004380       0x10 C:\data\infotek\svn\2012\gat\Projects\Atmega\code\Atmelstudio\Libraries\ArduinoCore\Debug\libArduinoCore.a(Print.o)
                0x00004380                _ZN5Print5printEii
 .text._ZN5Print7printlnEii
                0x00004390       0x24 C:\data\infotek\svn\2012\gat\Projects\Atmega\code\Atmelstudio\Libraries\ArduinoCore\Debug\libArduinoCore.a(Print.o)
                0x00004390                _ZN5Print7printlnEii
 .text._ZN5Print5printEmi
                0x000043b4       0x1e C:\data\infotek\svn\2012\gat\Projects\Atmega\code\Atmelstudio\Libraries\ArduinoCore\Debug\libArduinoCore.a(Print.o)
                0x000043b4                _ZN5Print5printEmi
 .text._ZN5Print5printEhi
                0x000043d2       0x10 C:\data\infotek\svn\2012\gat\Projects\Atmega\code\Atmelstudio\Libraries\ArduinoCore\Debug\libArduinoCore.a(Print.o)
                0x000043d2                _ZN5Print5printEhi
 .text._ZN5Print7printlnEhi
                0x000043e2       0x24 C:\data\infotek\svn\2012\gat\Projects\Atmega\code\Atmelstudio\Libraries\ArduinoCore\Debug\libArduinoCore.a(Print.o)
                0x000043e2                _ZN5Print7printlnEhi
 .text._ZN5Print5printEji
                0x00004406        0xe C:\data\infotek\svn\2012\gat\Projects\Atmega\code\Atmelstudio\Libraries\ArduinoCore\Debug\libArduinoCore.a(Print.o)
                0x00004406                _ZN5Print5printEji
 .text._ZN5Print10printFloatEdh
                0x00004414      0x218 C:\data\infotek\svn\2012\gat\Projects\Atmega\code\Atmelstudio\Libraries\ArduinoCore\Debug\libArduinoCore.a(Print.o)
                0x00004414                _ZN5Print10printFloatEdh
 .text._ZN5Print7printlnEdi
                0x0000462c       0x24 C:\data\infotek\svn\2012\gat\Projects\Atmega\code\Atmelstudio\Libraries\ArduinoCore\Debug\libArduinoCore.a(Print.o)
                0x0000462c                _ZN5Print7printlnEdi
 .text._ZN7TwoWire9availableEv
                0x00004650       0x10 C:\data\infotek\svn\2012\gat\Projects\Atmega\code\Atmelstudio\Libraries\ArduinoCore\Debug\libArduinoCore.a(Wire.o)
                0x00004650                _ZN7TwoWire9availableEv
 .text._ZN7TwoWire4readEv
                0x00004660       0x28 C:\data\infotek\svn\2012\gat\Projects\Atmega\code\Atmelstudio\Libraries\ArduinoCore\Debug\libArduinoCore.a(Wire.o)
                0x00004660                _ZN7TwoWire4readEv
 .text._ZN7TwoWire4peekEv
                0x00004688       0x1e C:\data\infotek\svn\2012\gat\Projects\Atmega\code\Atmelstudio\Libraries\ArduinoCore\Debug\libArduinoCore.a(Wire.o)
                0x00004688                _ZN7TwoWire4peekEv
 .text._ZN7TwoWire5flushEv
                0x000046a6        0x2 C:\data\infotek\svn\2012\gat\Projects\Atmega\code\Atmelstudio\Libraries\ArduinoCore\Debug\libArduinoCore.a(Wire.o)
                0x000046a6                _ZN7TwoWire5flushEv
 .text._ZN7TwoWire5writeEPKhj
                0x000046a8       0x60 C:\data\infotek\svn\2012\gat\Projects\Atmega\code\Atmelstudio\Libraries\ArduinoCore\Debug\libArduinoCore.a(Wire.o)
                0x000046a8                _ZN7TwoWire5writeEPKhj
 .text._ZN7TwoWire5writeEh
                0x00004708       0x62 C:\data\infotek\svn\2012\gat\Projects\Atmega\code\Atmelstudio\Libraries\ArduinoCore\Debug\libArduinoCore.a(Wire.o)
                0x00004708                _ZN7TwoWire5writeEh
 .text._ZN7TwoWireC2Ev
                0x0000476a       0x20 C:\data\infotek\svn\2012\gat\Projects\Atmega\code\Atmelstudio\Libraries\ArduinoCore\Debug\libArduinoCore.a(Wire.o)
                0x0000476a                _ZN7TwoWireC1Ev
                0x0000476a                _ZN7TwoWireC2Ev
 .text._ZN7TwoWire5beginEv
                0x0000478a       0x16 C:\data\infotek\svn\2012\gat\Projects\Atmega\code\Atmelstudio\Libraries\ArduinoCore\Debug\libArduinoCore.a(Wire.o)
                0x0000478a                _ZN7TwoWire5beginEv
 .text._ZN7TwoWire17beginTransmissionEh
                0x000047a0       0x14 C:\data\infotek\svn\2012\gat\Projects\Atmega\code\Atmelstudio\Libraries\ArduinoCore\Debug\libArduinoCore.a(Wire.o)
                0x000047a0                _ZN7TwoWire17beginTransmissionEh
 .text._ZN7TwoWire17beginTransmissionEi
                0x000047b4        0x6 C:\data\infotek\svn\2012\gat\Projects\Atmega\code\Atmelstudio\Libraries\ArduinoCore\Debug\libArduinoCore.a(Wire.o)
                0x000047b4                _ZN7TwoWire17beginTransmissionEi
 .text._ZN7TwoWire15endTransmissionEh
                0x000047ba       0x26 C:\data\infotek\svn\2012\gat\Projects\Atmega\code\Atmelstudio\Libraries\ArduinoCore\Debug\libArduinoCore.a(Wire.o)
                0x000047ba                _ZN7TwoWire15endTransmissionEh
 .text._ZN7TwoWire11requestFromEhhmhh
                0x000047e0       0xb2 C:\data\infotek\svn\2012\gat\Projects\Atmega\code\Atmelstudio\Libraries\ArduinoCore\Debug\libArduinoCore.a(Wire.o)
                0x000047e0                _ZN7TwoWire11requestFromEhhmhh
 .text._ZN7TwoWire11requestFromEhhh
                0x00004892       0x20 C:\data\infotek\svn\2012\gat\Projects\Atmega\code\Atmelstudio\Libraries\ArduinoCore\Debug\libArduinoCore.a(Wire.o)
                0x00004892                _ZN7TwoWire11requestFromEhhh
 .text._ZN7TwoWire11requestFromEii
                0x000048b2        0x8 C:\data\infotek\svn\2012\gat\Projects\Atmega\code\Atmelstudio\Libraries\ArduinoCore\Debug\libArduinoCore.a(Wire.o)
                0x000048b2                _ZN7TwoWire11requestFromEii
 .text._ZN7TwoWire15endTransmissionEv
                0x000048ba        0x8 C:\data\infotek\svn\2012\gat\Projects\Atmega\code\Atmelstudio\Libraries\ArduinoCore\Debug\libArduinoCore.a(Wire.o)
                0x000048ba                _ZN7TwoWire15endTransmissionEv
 .text._GLOBAL__sub_I__ZN7TwoWire8rxBufferE
                0x000048c2        0xa C:\data\infotek\svn\2012\gat\Projects\Atmega\code\Atmelstudio\Libraries\ArduinoCore\Debug\libArduinoCore.a(Wire.o)
 .text.__vector_16
                0x000048cc       0x94 C:\data\infotek\svn\2012\gat\Projects\Atmega\code\Atmelstudio\Libraries\ArduinoCore\Debug\libArduinoCore.a(wiring.o)
                0x000048cc                __vector_16
 .text.millis   0x00004960       0x18 C:\data\infotek\svn\2012\gat\Projects\Atmega\code\Atmelstudio\Libraries\ArduinoCore\Debug\libArduinoCore.a(wiring.o)
                0x00004960                millis
 .text.micros   0x00004978       0x4a C:\data\infotek\svn\2012\gat\Projects\Atmega\code\Atmelstudio\Libraries\ArduinoCore\Debug\libArduinoCore.a(wiring.o)
                0x00004978                micros
 .text.delay    0x000049c2       0x78 C:\data\infotek\svn\2012\gat\Projects\Atmega\code\Atmelstudio\Libraries\ArduinoCore\Debug\libArduinoCore.a(wiring.o)
                0x000049c2                delay
 .text.delayMicroseconds
                0x00004a3a       0x16 C:\data\infotek\svn\2012\gat\Projects\Atmega\code\Atmelstudio\Libraries\ArduinoCore\Debug\libArduinoCore.a(wiring.o)
                0x00004a3a                delayMicroseconds
 .text.init     0x00004a50       0x76 C:\data\infotek\svn\2012\gat\Projects\Atmega\code\Atmelstudio\Libraries\ArduinoCore\Debug\libArduinoCore.a(wiring.o)
                0x00004a50                init
 .text.turnOffPWM
                0x00004ac6       0x52 C:\data\infotek\svn\2012\gat\Projects\Atmega\code\Atmelstudio\Libraries\ArduinoCore\Debug\libArduinoCore.a(wiring_digital.o)
 .text.pinMode  0x00004b18       0x78 C:\data\infotek\svn\2012\gat\Projects\Atmega\code\Atmelstudio\Libraries\ArduinoCore\Debug\libArduinoCore.a(wiring_digital.o)
                0x00004b18                pinMode
 .text.digitalWrite
                0x00004b90       0x5e C:\data\infotek\svn\2012\gat\Projects\Atmega\code\Atmelstudio\Libraries\ArduinoCore\Debug\libArduinoCore.a(wiring_digital.o)
                0x00004b90                digitalWrite
 .text.__empty  0x00004bee        0x2 C:\data\infotek\svn\2012\gat\Projects\Atmega\code\Atmelstudio\Libraries\ArduinoCore\Debug\libArduinoCore.a(hooks.o)
                0x00004bee                yield
 .text.twi_init
                0x00004bf0       0x3c C:\data\infotek\svn\2012\gat\Projects\Atmega\code\Atmelstudio\Libraries\ArduinoCore\Debug\libArduinoCore.a(twi.o)
                0x00004bf0                twi_init
 .text.twi_readFrom
                0x00004c2c       0x90 C:\data\infotek\svn\2012\gat\Projects\Atmega\code\Atmelstudio\Libraries\ArduinoCore\Debug\libArduinoCore.a(twi.o)
                0x00004c2c                twi_readFrom
 .text.twi_writeTo
                0x00004cbc       0xac C:\data\infotek\svn\2012\gat\Projects\Atmega\code\Atmelstudio\Libraries\ArduinoCore\Debug\libArduinoCore.a(twi.o)
                0x00004cbc                twi_writeTo
 .text.twi_transmit
                0x00004d68       0x50 C:\data\infotek\svn\2012\gat\Projects\Atmega\code\Atmelstudio\Libraries\ArduinoCore\Debug\libArduinoCore.a(twi.o)
                0x00004d68                twi_transmit
 .text.twi_stop
                0x00004db8       0x14 C:\data\infotek\svn\2012\gat\Projects\Atmega\code\Atmelstudio\Libraries\ArduinoCore\Debug\libArduinoCore.a(twi.o)
                0x00004db8                twi_stop
 .text.twi_releaseBus
                0x00004dcc        0xc C:\data\infotek\svn\2012\gat\Projects\Atmega\code\Atmelstudio\Libraries\ArduinoCore\Debug\libArduinoCore.a(twi.o)
                0x00004dcc                twi_releaseBus
 .text.__vector_24
                0x00004dd8      0x25a C:\data\infotek\svn\2012\gat\Projects\Atmega\code\Atmelstudio\Libraries\ArduinoCore\Debug\libArduinoCore.a(twi.o)
                0x00004dd8                __vector_24
 .text.avr-libc.fplib
                0x00005032       0x5e c:/program files (x86)/atmel/studio/7.0/toolchain/avr8/avr8-gnu-toolchain/bin/../lib/gcc/avr/5.4.0/../../../../avr/lib/avr5\libm.a(fixunssfsi.o)
                0x00005032                __fixunssfsi
 .text.avr-libc.fplib
                0x00005090        0xa c:/program files (x86)/atmel/studio/7.0/toolchain/avr8/avr8-gnu-toolchain/bin/../lib/gcc/avr/5.4.0/../../../../avr/lib/avr5\libm.a(unordsf2.o)
                0x00005090                __unordsf2
 .text.libgcc.div
                0x0000509a       0x28 c:/program files (x86)/atmel/studio/7.0/toolchain/avr8/avr8-gnu-toolchain/bin/../lib/gcc/avr/5.4.0/avr5\libgcc.a(_divmodhi4.o)
                0x0000509a                _div
                0x0000509a                __divmodhi4
 .text.libgcc.div
                0x000050c2       0x44 c:/program files (x86)/atmel/studio/7.0/toolchain/avr8/avr8-gnu-toolchain/bin/../lib/gcc/avr/5.4.0/avr5\libgcc.a(_udivmodsi4.o)
                0x000050c2                __udivmodsi4
 .text.libgcc.div
                0x00005106       0x28 c:/program files (x86)/atmel/studio/7.0/toolchain/avr8/avr8-gnu-toolchain/bin/../lib/gcc/avr/5.4.0/avr5\libgcc.a(_udivmodhi4.o)
                0x00005106                __udivmodhi4
 .text.libgcc   0x0000512e        0xc c:/program files (x86)/atmel/studio/7.0/toolchain/avr8/avr8-gnu-toolchain/bin/../lib/gcc/avr/5.4.0/avr5\libgcc.a(_tablejump2.o)
                0x0000512e                __tablejump2__
 .text.avr-libc
                0x0000513a       0x10 C:/Program Files (x86)/Atmel/Studio/7.0/Packs/atmel/ATmega_DFP/1.1.130/gcc/dev/atmega328p/avr5\libatmega328p.a(eerd_byte.o)
                0x0000513a                eeprom_read_byte
 .text.avr-libc
                0x0000514a       0x1c C:/Program Files (x86)/Atmel/Studio/7.0/Packs/atmel/ATmega_DFP/1.1.130/gcc/dev/atmega328p/avr5\libatmega328p.a(eewr_byte.o)
                0x0000514a                eeprom_write_byte
                0x0000514c                eeprom_write_r18
                0x00005166                . = ALIGN (0x2)
 *(.fini9)
 .fini9         0x00005166        0x0 c:/program files (x86)/atmel/studio/7.0/toolchain/avr8/avr8-gnu-toolchain/bin/../lib/gcc/avr/5.4.0/avr5\libgcc.a(_exit.o)
                0x00005166                _exit
                0x00005166                exit
 *(.fini9)
 *(.fini8)
 *(.fini8)
 *(.fini7)
 *(.fini7)
 *(.fini6)
 *(.fini6)
 *(.fini5)
 *(.fini5)
 *(.fini4)
 *(.fini4)
 *(.fini3)
 *(.fini3)
 *(.fini2)
 *(.fini2)
 *(.fini1)
 *(.fini1)
 *(.fini0)
 .fini0         0x00005166        0x4 c:/program files (x86)/atmel/studio/7.0/toolchain/avr8/avr8-gnu-toolchain/bin/../lib/gcc/avr/5.4.0/avr5\libgcc.a(_exit.o)
 *(.fini0)
                0x0000516a                _etext = .

.data           0x00800100       0x38 load address 0x0000516a
                0x00800100                PROVIDE (__data_start, .)
 *(.data)
 *(.data*)
 *(.rodata)
 *(.rodata*)
 .rodata.str1.1
                0x00800100        0x9 AL-Setup.o
                                  0xb (size before relaxing)
 .rodata._ZTV14HardwareSerial
                0x00800109       0x10 C:\data\infotek\svn\2012\gat\Projects\Atmega\code\Atmelstudio\Libraries\ArduinoCore\Debug\libArduinoCore.a(HardwareSerial.o)
                0x00800109                _ZTV14HardwareSerial
 .rodata.str1.1
                0x00800119        0xf C:\data\infotek\svn\2012\gat\Projects\Atmega\code\Atmelstudio\Libraries\ArduinoCore\Debug\libArduinoCore.a(Print.o)
 .rodata._ZTV7TwoWire
                0x00800128       0x10 C:\data\infotek\svn\2012\gat\Projects\Atmega\code\Atmelstudio\Libraries\ArduinoCore\Debug\libArduinoCore.a(Wire.o)
                0x00800128                _ZTV7TwoWire
 *(.gnu.linkonce.d*)
                0x00800138                . = ALIGN (0x2)
                0x00800138                _edata = .
                0x00800138                PROVIDE (__data_end, .)

.bss            0x00800138      0x1cd
                0x00800138                PROVIDE (__bss_start, .)
 *(.bss)
 *(.bss*)
 .bss.gyro_yaw_cal
                0x00800138        0x4 AL-Setup.o
                0x00800138                gyro_yaw_cal
 .bss.gyro_pitch_cal
                0x0080013c        0x4 AL-Setup.o
                0x0080013c                gyro_pitch_cal
 .bss.gyro_roll_cal
                0x00800140        0x4 AL-Setup.o
                0x00800140                gyro_roll_cal
 .bss.gyro_yaw  0x00800144        0x4 AL-Setup.o
                0x00800144                gyro_yaw
 .bss.gyro_roll
                0x00800148        0x4 AL-Setup.o
                0x00800148                gyro_roll
 .bss.gyro_pitch
                0x0080014c        0x4 AL-Setup.o
                0x0080014c                gyro_pitch
 .bss.current_time
                0x00800150        0x4 AL-Setup.o
                0x00800150                current_time
 .bss.timer_4   0x00800154        0x4 AL-Setup.o
                0x00800154                timer_4
 .bss.timer_3   0x00800158        0x4 AL-Setup.o
                0x00800158                timer_3
 .bss.timer_2   0x0080015c        0x4 AL-Setup.o
                0x0080015c                timer_2
 .bss.timer_1   0x00800160        0x4 AL-Setup.o
                0x00800160                timer_1
 .bss.timer     0x00800164        0x4 AL-Setup.o
                0x00800164                timer
 .bss.cal_int   0x00800168        0x2 AL-Setup.o
                0x00800168                cal_int
 .bss.address   0x0080016a        0x2 AL-Setup.o
                0x0080016a                address
 .bss.low_channel_4
                0x0080016c        0x2 AL-Setup.o
                0x0080016c                low_channel_4
 .bss.low_channel_3
                0x0080016e        0x2 AL-Setup.o
                0x0080016e                low_channel_3
 .bss.low_channel_2
                0x00800170        0x2 AL-Setup.o
                0x00800170                low_channel_2
 .bss.low_channel_1
                0x00800172        0x2 AL-Setup.o
                0x00800172                low_channel_1
 .bss.high_channel_4
                0x00800174        0x2 AL-Setup.o
                0x00800174                high_channel_4
 .bss.high_channel_3
                0x00800176        0x2 AL-Setup.o
                0x00800176                high_channel_3
 .bss.high_channel_2
                0x00800178        0x2 AL-Setup.o
                0x00800178                high_channel_2
 .bss.high_channel_1
                0x0080017a        0x2 AL-Setup.o
                0x0080017a                high_channel_1
 .bss.center_channel_4
                0x0080017c        0x2 AL-Setup.o
                0x0080017c                center_channel_4
 .bss.center_channel_3
                0x0080017e        0x2 AL-Setup.o
                0x0080017e                center_channel_3
 .bss.center_channel_2
                0x00800180        0x2 AL-Setup.o
                0x00800180                center_channel_2
 .bss.center_channel_1
                0x00800182        0x2 AL-Setup.o
                0x00800182                center_channel_1
 .bss.receiver_input_channel_4
                0x00800184        0x2 AL-Setup.o
                0x00800184                receiver_input_channel_4
 .bss.receiver_input_channel_3
                0x00800186        0x2 AL-Setup.o
                0x00800186                receiver_input_channel_3
 .bss.receiver_input_channel_2
                0x00800188        0x2 AL-Setup.o
                0x00800188                receiver_input_channel_2
 .bss.receiver_input_channel_1
                0x0080018a        0x2 AL-Setup.o
                0x0080018a                receiver_input_channel_1
 .bss.gyro_check_byte
                0x0080018c        0x1 AL-Setup.o
                0x0080018c                gyro_check_byte
 .bss.receiver_check_byte
                0x0080018d        0x1 AL-Setup.o
                0x0080018d                receiver_check_byte
 .bss.yaw_axis  0x0080018e        0x1 AL-Setup.o
                0x0080018e                yaw_axis
 .bss.pitch_axis
                0x0080018f        0x1 AL-Setup.o
                0x0080018f                pitch_axis
 .bss.roll_axis
                0x00800190        0x1 AL-Setup.o
                0x00800190                roll_axis
 .bss.channel_4_assign
                0x00800191        0x1 AL-Setup.o
                0x00800191                channel_4_assign
 .bss.channel_3_assign
                0x00800192        0x1 AL-Setup.o
                0x00800192                channel_3_assign
 .bss.channel_2_assign
                0x00800193        0x1 AL-Setup.o
                0x00800193                channel_2_assign
 .bss.channel_1_assign
                0x00800194        0x1 AL-Setup.o
                0x00800194                channel_1_assign
 .bss.clockspeed_ok
                0x00800195        0x1 AL-Setup.o
                0x00800195                clockspeed_ok
 .bss.error     0x00800196        0x1 AL-Setup.o
                0x00800196                error
 .bss.gyro_address
                0x00800197        0x1 AL-Setup.o
                0x00800197                gyro_address
 .bss.type      0x00800198        0x1 AL-Setup.o
                0x00800198                type
 .bss.highByte  0x00800199        0x1 AL-Setup.o
                0x00800199                highByte
 .bss.lowByte   0x0080019a        0x1 AL-Setup.o
                0x0080019a                lowByte
 .bss.last_channel_4
                0x0080019b        0x1 AL-Setup.o
                0x0080019b                last_channel_4
 .bss.last_channel_3
                0x0080019c        0x1 AL-Setup.o
                0x0080019c                last_channel_3
 .bss.last_channel_2
                0x0080019d        0x1 AL-Setup.o
                0x0080019d                last_channel_2
 .bss.last_channel_1
                0x0080019e        0x1 AL-Setup.o
                0x0080019e                last_channel_1
 .bss.Serial    0x0080019f       0x9d C:\data\infotek\svn\2012\gat\Projects\Atmega\code\Atmelstudio\Libraries\ArduinoCore\Debug\libArduinoCore.a(HardwareSerial0.o)
                0x0080019f                Serial
 .bss.Wire      0x0080023c        0xc C:\data\infotek\svn\2012\gat\Projects\Atmega\code\Atmelstudio\Libraries\ArduinoCore\Debug\libArduinoCore.a(Wire.o)
                0x0080023c                Wire
 .bss._ZN7TwoWire12transmittingE
                0x00800248        0x1 C:\data\infotek\svn\2012\gat\Projects\Atmega\code\Atmelstudio\Libraries\ArduinoCore\Debug\libArduinoCore.a(Wire.o)
                0x00800248                _ZN7TwoWire12transmittingE
 .bss._ZN7TwoWire14txBufferLengthE
                0x00800249        0x1 C:\data\infotek\svn\2012\gat\Projects\Atmega\code\Atmelstudio\Libraries\ArduinoCore\Debug\libArduinoCore.a(Wire.o)
                0x00800249                _ZN7TwoWire14txBufferLengthE
 .bss._ZN7TwoWire13txBufferIndexE
                0x0080024a        0x1 C:\data\infotek\svn\2012\gat\Projects\Atmega\code\Atmelstudio\Libraries\ArduinoCore\Debug\libArduinoCore.a(Wire.o)
                0x0080024a                _ZN7TwoWire13txBufferIndexE
 .bss._ZN7TwoWire8txBufferE
                0x0080024b       0x20 C:\data\infotek\svn\2012\gat\Projects\Atmega\code\Atmelstudio\Libraries\ArduinoCore\Debug\libArduinoCore.a(Wire.o)
                0x0080024b                _ZN7TwoWire8txBufferE
 .bss._ZN7TwoWire9txAddressE
                0x0080026b        0x1 C:\data\infotek\svn\2012\gat\Projects\Atmega\code\Atmelstudio\Libraries\ArduinoCore\Debug\libArduinoCore.a(Wire.o)
                0x0080026b                _ZN7TwoWire9txAddressE
 .bss._ZN7TwoWire14rxBufferLengthE
                0x0080026c        0x1 C:\data\infotek\svn\2012\gat\Projects\Atmega\code\Atmelstudio\Libraries\ArduinoCore\Debug\libArduinoCore.a(Wire.o)
                0x0080026c                _ZN7TwoWire14rxBufferLengthE
 .bss._ZN7TwoWire13rxBufferIndexE
                0x0080026d        0x1 C:\data\infotek\svn\2012\gat\Projects\Atmega\code\Atmelstudio\Libraries\ArduinoCore\Debug\libArduinoCore.a(Wire.o)
                0x0080026d                _ZN7TwoWire13rxBufferIndexE
 .bss._ZN7TwoWire8rxBufferE
                0x0080026e       0x20 C:\data\infotek\svn\2012\gat\Projects\Atmega\code\Atmelstudio\Libraries\ArduinoCore\Debug\libArduinoCore.a(Wire.o)
                0x0080026e                _ZN7TwoWire8rxBufferE
 .bss.timer0_fract
                0x0080028e        0x1 C:\data\infotek\svn\2012\gat\Projects\Atmega\code\Atmelstudio\Libraries\ArduinoCore\Debug\libArduinoCore.a(wiring.o)
 .bss.timer0_millis
                0x0080028f        0x4 C:\data\infotek\svn\2012\gat\Projects\Atmega\code\Atmelstudio\Libraries\ArduinoCore\Debug\libArduinoCore.a(wiring.o)
                0x0080028f                timer0_millis
 .bss.timer0_overflow_count
                0x00800293        0x4 C:\data\infotek\svn\2012\gat\Projects\Atmega\code\Atmelstudio\Libraries\ArduinoCore\Debug\libArduinoCore.a(wiring.o)
                0x00800293                timer0_overflow_count
 .bss.twi_error
                0x00800297        0x1 C:\data\infotek\svn\2012\gat\Projects\Atmega\code\Atmelstudio\Libraries\ArduinoCore\Debug\libArduinoCore.a(twi.o)
 .bss.twi_rxBufferIndex
                0x00800298        0x1 C:\data\infotek\svn\2012\gat\Projects\Atmega\code\Atmelstudio\Libraries\ArduinoCore\Debug\libArduinoCore.a(twi.o)
 .bss.twi_rxBuffer
                0x00800299       0x20 C:\data\infotek\svn\2012\gat\Projects\Atmega\code\Atmelstudio\Libraries\ArduinoCore\Debug\libArduinoCore.a(twi.o)
 .bss.twi_txBufferLength
                0x008002b9        0x1 C:\data\infotek\svn\2012\gat\Projects\Atmega\code\Atmelstudio\Libraries\ArduinoCore\Debug\libArduinoCore.a(twi.o)
 .bss.twi_txBufferIndex
                0x008002ba        0x1 C:\data\infotek\svn\2012\gat\Projects\Atmega\code\Atmelstudio\Libraries\ArduinoCore\Debug\libArduinoCore.a(twi.o)
 .bss.twi_txBuffer
                0x008002bb       0x20 C:\data\infotek\svn\2012\gat\Projects\Atmega\code\Atmelstudio\Libraries\ArduinoCore\Debug\libArduinoCore.a(twi.o)
 .bss.twi_masterBufferLength
                0x008002db        0x1 C:\data\infotek\svn\2012\gat\Projects\Atmega\code\Atmelstudio\Libraries\ArduinoCore\Debug\libArduinoCore.a(twi.o)
 .bss.twi_masterBufferIndex
                0x008002dc        0x1 C:\data\infotek\svn\2012\gat\Projects\Atmega\code\Atmelstudio\Libraries\ArduinoCore\Debug\libArduinoCore.a(twi.o)
 .bss.twi_masterBuffer
                0x008002dd       0x20 C:\data\infotek\svn\2012\gat\Projects\Atmega\code\Atmelstudio\Libraries\ArduinoCore\Debug\libArduinoCore.a(twi.o)
 .bss.twi_onSlaveReceive
                0x008002fd        0x2 C:\data\infotek\svn\2012\gat\Projects\Atmega\code\Atmelstudio\Libraries\ArduinoCore\Debug\libArduinoCore.a(twi.o)
 .bss.twi_onSlaveTransmit
                0x008002ff        0x2 C:\data\infotek\svn\2012\gat\Projects\Atmega\code\Atmelstudio\Libraries\ArduinoCore\Debug\libArduinoCore.a(twi.o)
 .bss.twi_inRepStart
                0x00800301        0x1 C:\data\infotek\svn\2012\gat\Projects\Atmega\code\Atmelstudio\Libraries\ArduinoCore\Debug\libArduinoCore.a(twi.o)
 .bss.twi_sendStop
                0x00800302        0x1 C:\data\infotek\svn\2012\gat\Projects\Atmega\code\Atmelstudio\Libraries\ArduinoCore\Debug\libArduinoCore.a(twi.o)
 .bss.twi_slarw
                0x00800303        0x1 C:\data\infotek\svn\2012\gat\Projects\Atmega\code\Atmelstudio\Libraries\ArduinoCore\Debug\libArduinoCore.a(twi.o)
 .bss.twi_state
                0x00800304        0x1 C:\data\infotek\svn\2012\gat\Projects\Atmega\code\Atmelstudio\Libraries\ArduinoCore\Debug\libArduinoCore.a(twi.o)
 *(COMMON)
                0x00800305                PROVIDE (__bss_end, .)
                0x0000516a                __data_load_start = LOADADDR (.data)
                0x000051a2                __data_load_end = (__data_load_start + SIZEOF (.data))

.noinit         0x00800305        0x0
                [!provide]                PROVIDE (__noinit_start, .)
 *(.noinit*)
                [!provide]                PROVIDE (__noinit_end, .)
                0x00800305                _end = .
                [!provide]                PROVIDE (__heap_start, .)

.eeprom         0x00810000        0x0
 *(.eeprom*)
                0x00810000                __eeprom_end = .

.fuse
 *(.fuse)
 *(.lfuse)
 *(.hfuse)
 *(.efuse)

.lock
 *(.lock*)

.signature
 *(.signature*)

.user_signatures
 *(.user_signatures*)

.stab
 *(.stab)

.stabstr
 *(.stabstr)

.stab.excl
 *(.stab.excl)

.stab.exclstr
 *(.stab.exclstr)

.stab.index
 *(.stab.index)

.stab.indexstr
 *(.stab.indexstr)

.comment        0x00000000       0x30
 *(.comment)
 .comment       0x00000000       0x30 AL-Setup.o
                                 0x31 (size before relaxing)
 .comment       0x00000030       0x31 C:\data\infotek\svn\2012\gat\Projects\Atmega\code\Atmelstudio\Libraries\ArduinoCore\Debug\libArduinoCore.a(HardwareSerial.o)
 .comment       0x00000030       0x31 C:\data\infotek\svn\2012\gat\Projects\Atmega\code\Atmelstudio\Libraries\ArduinoCore\Debug\libArduinoCore.a(HardwareSerial0.o)
 .comment       0x00000030       0x31 C:\data\infotek\svn\2012\gat\Projects\Atmega\code\Atmelstudio\Libraries\ArduinoCore\Debug\libArduinoCore.a(main.o)
 .comment       0x00000030       0x31 C:\data\infotek\svn\2012\gat\Projects\Atmega\code\Atmelstudio\Libraries\ArduinoCore\Debug\libArduinoCore.a(Print.o)
 .comment       0x00000030       0x31 C:\data\infotek\svn\2012\gat\Projects\Atmega\code\Atmelstudio\Libraries\ArduinoCore\Debug\libArduinoCore.a(Wire.o)
 .comment       0x00000030       0x31 C:\data\infotek\svn\2012\gat\Projects\Atmega\code\Atmelstudio\Libraries\ArduinoCore\Debug\libArduinoCore.a(wiring.o)
 .comment       0x00000030       0x31 C:\data\infotek\svn\2012\gat\Projects\Atmega\code\Atmelstudio\Libraries\ArduinoCore\Debug\libArduinoCore.a(wiring_digital.o)
 .comment       0x00000030       0x31 C:\data\infotek\svn\2012\gat\Projects\Atmega\code\Atmelstudio\Libraries\ArduinoCore\Debug\libArduinoCore.a(hooks.o)
 .comment       0x00000030       0x31 C:\data\infotek\svn\2012\gat\Projects\Atmega\code\Atmelstudio\Libraries\ArduinoCore\Debug\libArduinoCore.a(twi.o)

.note.gnu.avr.deviceinfo
                0x00000000       0x40
 .note.gnu.avr.deviceinfo
                0x00000000       0x40 C:/Program Files (x86)/Atmel/Studio/7.0/Packs/atmel/ATmega_DFP/1.1.130/gcc/dev/atmega328p/avr5/crtatmega328p.o

.note.gnu.build-id
 *(.note.gnu.build-id)

.debug
 *(.debug)

.line
 *(.line)

.debug_srcinfo
 *(.debug_srcinfo)

.debug_sfnames
 *(.debug_sfnames)

.debug_aranges  0x00000000      0x4a0
 *(.debug_aranges)
 .debug_aranges
                0x00000000       0x98 AL-Setup.o
 .debug_aranges
                0x00000098       0x68 C:\data\infotek\svn\2012\gat\Projects\Atmega\code\Atmelstudio\Libraries\ArduinoCore\Debug\libArduinoCore.a(HardwareSerial.o)
 .debug_aranges
                0x00000100       0x38 C:\data\infotek\svn\2012\gat\Projects\Atmega\code\Atmelstudio\Libraries\ArduinoCore\Debug\libArduinoCore.a(HardwareSerial0.o)
 .debug_aranges
                0x00000138       0x38 C:\data\infotek\svn\2012\gat\Projects\Atmega\code\Atmelstudio\Libraries\ArduinoCore\Debug\libArduinoCore.a(main.o)
 .debug_aranges
                0x00000170       0xe8 C:\data\infotek\svn\2012\gat\Projects\Atmega\code\Atmelstudio\Libraries\ArduinoCore\Debug\libArduinoCore.a(Print.o)
 .debug_aranges
                0x00000258       0xe8 C:\data\infotek\svn\2012\gat\Projects\Atmega\code\Atmelstudio\Libraries\ArduinoCore\Debug\libArduinoCore.a(Wire.o)
 .debug_aranges
                0x00000340       0x48 C:\data\infotek\svn\2012\gat\Projects\Atmega\code\Atmelstudio\Libraries\ArduinoCore\Debug\libArduinoCore.a(wiring.o)
 .debug_aranges
                0x00000388       0x38 C:\data\infotek\svn\2012\gat\Projects\Atmega\code\Atmelstudio\Libraries\ArduinoCore\Debug\libArduinoCore.a(wiring_digital.o)
 .debug_aranges
                0x000003c0       0x20 C:\data\infotek\svn\2012\gat\Projects\Atmega\code\Atmelstudio\Libraries\ArduinoCore\Debug\libArduinoCore.a(hooks.o)
 .debug_aranges
                0x000003e0       0x80 C:\data\infotek\svn\2012\gat\Projects\Atmega\code\Atmelstudio\Libraries\ArduinoCore\Debug\libArduinoCore.a(twi.o)
 .debug_aranges
                0x00000460       0x20 C:/Program Files (x86)/Atmel/Studio/7.0/Packs/atmel/ATmega_DFP/1.1.130/gcc/dev/atmega328p/avr5\libatmega328p.a(eerd_byte.o)
 .debug_aranges
                0x00000480       0x20 C:/Program Files (x86)/Atmel/Studio/7.0/Packs/atmel/ATmega_DFP/1.1.130/gcc/dev/atmega328p/avr5\libatmega328p.a(eewr_byte.o)

.debug_pubnames
 *(.debug_pubnames)

.debug_info     0x00000000     0xd6cd
 *(.debug_info .gnu.linkonce.wi.*)
 .debug_info    0x00000000      0x5f4 C:/Program Files (x86)/Atmel/Studio/7.0/Packs/atmel/ATmega_DFP/1.1.130/gcc/dev/atmega328p/avr5/crtatmega328p.o
 .debug_info    0x000005f4     0x374c AL-Setup.o
 .debug_info    0x00003d40     0x1df3 C:\data\infotek\svn\2012\gat\Projects\Atmega\code\Atmelstudio\Libraries\ArduinoCore\Debug\libArduinoCore.a(HardwareSerial.o)
 .debug_info    0x00005b33     0x1a8a C:\data\infotek\svn\2012\gat\Projects\Atmega\code\Atmelstudio\Libraries\ArduinoCore\Debug\libArduinoCore.a(HardwareSerial0.o)
 .debug_info    0x000075bd      0x246 C:\data\infotek\svn\2012\gat\Projects\Atmega\code\Atmelstudio\Libraries\ArduinoCore\Debug\libArduinoCore.a(main.o)
 .debug_info    0x00007803     0x2736 C:\data\infotek\svn\2012\gat\Projects\Atmega\code\Atmelstudio\Libraries\ArduinoCore\Debug\libArduinoCore.a(Print.o)
 .debug_info    0x00009f39     0x2731 C:\data\infotek\svn\2012\gat\Projects\Atmega\code\Atmelstudio\Libraries\ArduinoCore\Debug\libArduinoCore.a(Wire.o)
 .debug_info    0x0000c66a      0x2cb C:\data\infotek\svn\2012\gat\Projects\Atmega\code\Atmelstudio\Libraries\ArduinoCore\Debug\libArduinoCore.a(wiring.o)
 .debug_info    0x0000c935      0x5fe C:\data\infotek\svn\2012\gat\Projects\Atmega\code\Atmelstudio\Libraries\ArduinoCore\Debug\libArduinoCore.a(wiring_digital.o)
 .debug_info    0x0000cf33       0x3e C:\data\infotek\svn\2012\gat\Projects\Atmega\code\Atmelstudio\Libraries\ArduinoCore\Debug\libArduinoCore.a(hooks.o)
 .debug_info    0x0000cf71      0x604 C:\data\infotek\svn\2012\gat\Projects\Atmega\code\Atmelstudio\Libraries\ArduinoCore\Debug\libArduinoCore.a(twi.o)
 .debug_info    0x0000d575       0xac C:/Program Files (x86)/Atmel/Studio/7.0/Packs/atmel/ATmega_DFP/1.1.130/gcc/dev/atmega328p/avr5\libatmega328p.a(eerd_byte.o)
 .debug_info    0x0000d621       0xac C:/Program Files (x86)/Atmel/Studio/7.0/Packs/atmel/ATmega_DFP/1.1.130/gcc/dev/atmega328p/avr5\libatmega328p.a(eewr_byte.o)

.debug_abbrev   0x00000000     0x2031
 *(.debug_abbrev)
 .debug_abbrev  0x00000000      0x5a2 C:/Program Files (x86)/Atmel/Studio/7.0/Packs/atmel/ATmega_DFP/1.1.130/gcc/dev/atmega328p/avr5/crtatmega328p.o
 .debug_abbrev  0x000005a2      0x395 AL-Setup.o
 .debug_abbrev  0x00000937      0x3aa C:\data\infotek\svn\2012\gat\Projects\Atmega\code\Atmelstudio\Libraries\ArduinoCore\Debug\libArduinoCore.a(HardwareSerial.o)
 .debug_abbrev  0x00000ce1      0x3a2 C:\data\infotek\svn\2012\gat\Projects\Atmega\code\Atmelstudio\Libraries\ArduinoCore\Debug\libArduinoCore.a(HardwareSerial0.o)
 .debug_abbrev  0x00001083      0x12e C:\data\infotek\svn\2012\gat\Projects\Atmega\code\Atmelstudio\Libraries\ArduinoCore\Debug\libArduinoCore.a(main.o)
 .debug_abbrev  0x000011b1      0x3e1 C:\data\infotek\svn\2012\gat\Projects\Atmega\code\Atmelstudio\Libraries\ArduinoCore\Debug\libArduinoCore.a(Print.o)
 .debug_abbrev  0x00001592      0x54c C:\data\infotek\svn\2012\gat\Projects\Atmega\code\Atmelstudio\Libraries\ArduinoCore\Debug\libArduinoCore.a(Wire.o)
 .debug_abbrev  0x00001ade      0x146 C:\data\infotek\svn\2012\gat\Projects\Atmega\code\Atmelstudio\Libraries\ArduinoCore\Debug\libArduinoCore.a(wiring.o)
 .debug_abbrev  0x00001c24      0x15b C:\data\infotek\svn\2012\gat\Projects\Atmega\code\Atmelstudio\Libraries\ArduinoCore\Debug\libArduinoCore.a(wiring_digital.o)
 .debug_abbrev  0x00001d7f       0x2a C:\data\infotek\svn\2012\gat\Projects\Atmega\code\Atmelstudio\Libraries\ArduinoCore\Debug\libArduinoCore.a(hooks.o)
 .debug_abbrev  0x00001da9      0x260 C:\data\infotek\svn\2012\gat\Projects\Atmega\code\Atmelstudio\Libraries\ArduinoCore\Debug\libArduinoCore.a(twi.o)
 .debug_abbrev  0x00002009       0x14 C:/Program Files (x86)/Atmel/Studio/7.0/Packs/atmel/ATmega_DFP/1.1.130/gcc/dev/atmega328p/avr5\libatmega328p.a(eerd_byte.o)
 .debug_abbrev  0x0000201d       0x14 C:/Program Files (x86)/Atmel/Studio/7.0/Packs/atmel/ATmega_DFP/1.1.130/gcc/dev/atmega328p/avr5\libatmega328p.a(eewr_byte.o)

.debug_line     0x00000000     0x3939
 *(.debug_line .debug_line.* .debug_line_end)
 .debug_line    0x00000000      0x133 C:/Program Files (x86)/Atmel/Studio/7.0/Packs/atmel/ATmega_DFP/1.1.130/gcc/dev/atmega328p/avr5/crtatmega328p.o
 .debug_line    0x00000133     0x16cd AL-Setup.o
 .debug_line    0x00001800      0x499 C:\data\infotek\svn\2012\gat\Projects\Atmega\code\Atmelstudio\Libraries\ArduinoCore\Debug\libArduinoCore.a(HardwareSerial.o)
 .debug_line    0x00001c99      0x2a8 C:\data\infotek\svn\2012\gat\Projects\Atmega\code\Atmelstudio\Libraries\ArduinoCore\Debug\libArduinoCore.a(HardwareSerial0.o)
 .debug_line    0x00001f41      0x1c6 C:\data\infotek\svn\2012\gat\Projects\Atmega\code\Atmelstudio\Libraries\ArduinoCore\Debug\libArduinoCore.a(main.o)
 .debug_line    0x00002107      0x6b9 C:\data\infotek\svn\2012\gat\Projects\Atmega\code\Atmelstudio\Libraries\ArduinoCore\Debug\libArduinoCore.a(Print.o)
 .debug_line    0x000027c0      0x55f C:\data\infotek\svn\2012\gat\Projects\Atmega\code\Atmelstudio\Libraries\ArduinoCore\Debug\libArduinoCore.a(Wire.o)
 .debug_line    0x00002d1f      0x2ea C:\data\infotek\svn\2012\gat\Projects\Atmega\code\Atmelstudio\Libraries\ArduinoCore\Debug\libArduinoCore.a(wiring.o)
 .debug_line    0x00003009      0x2a3 C:\data\infotek\svn\2012\gat\Projects\Atmega\code\Atmelstudio\Libraries\ArduinoCore\Debug\libArduinoCore.a(wiring_digital.o)
 .debug_line    0x000032ac       0x41 C:\data\infotek\svn\2012\gat\Projects\Atmega\code\Atmelstudio\Libraries\ArduinoCore\Debug\libArduinoCore.a(hooks.o)
 .debug_line    0x000032ed      0x534 C:\data\infotek\svn\2012\gat\Projects\Atmega\code\Atmelstudio\Libraries\ArduinoCore\Debug\libArduinoCore.a(twi.o)
 .debug_line    0x00003821       0x7a C:/Program Files (x86)/Atmel/Studio/7.0/Packs/atmel/ATmega_DFP/1.1.130/gcc/dev/atmega328p/avr5\libatmega328p.a(eerd_byte.o)
 .debug_line    0x0000389b       0x9e C:/Program Files (x86)/Atmel/Studio/7.0/Packs/atmel/ATmega_DFP/1.1.130/gcc/dev/atmega328p/avr5\libatmega328p.a(eewr_byte.o)

.debug_frame    0x00000000      0xcd0
 *(.debug_frame)
 .debug_frame   0x00000000      0x230 AL-Setup.o
 .debug_frame   0x00000230      0x104 C:\data\infotek\svn\2012\gat\Projects\Atmega\code\Atmelstudio\Libraries\ArduinoCore\Debug\libArduinoCore.a(HardwareSerial.o)
 .debug_frame   0x00000334       0xcc C:\data\infotek\svn\2012\gat\Projects\Atmega\code\Atmelstudio\Libraries\ArduinoCore\Debug\libArduinoCore.a(HardwareSerial0.o)
 .debug_frame   0x00000400       0x54 C:\data\infotek\svn\2012\gat\Projects\Atmega\code\Atmelstudio\Libraries\ArduinoCore\Debug\libArduinoCore.a(main.o)
 .debug_frame   0x00000454      0x380 C:\data\infotek\svn\2012\gat\Projects\Atmega\code\Atmelstudio\Libraries\ArduinoCore\Debug\libArduinoCore.a(Print.o)
 .debug_frame   0x000007d4      0x264 C:\data\infotek\svn\2012\gat\Projects\Atmega\code\Atmelstudio\Libraries\ArduinoCore\Debug\libArduinoCore.a(Wire.o)
 .debug_frame   0x00000a38       0xc4 C:\data\infotek\svn\2012\gat\Projects\Atmega\code\Atmelstudio\Libraries\ArduinoCore\Debug\libArduinoCore.a(wiring.o)
 .debug_frame   0x00000afc       0x7c C:\data\infotek\svn\2012\gat\Projects\Atmega\code\Atmelstudio\Libraries\ArduinoCore\Debug\libArduinoCore.a(wiring_digital.o)
 .debug_frame   0x00000b78       0x24 C:\data\infotek\svn\2012\gat\Projects\Atmega\code\Atmelstudio\Libraries\ArduinoCore\Debug\libArduinoCore.a(hooks.o)
 .debug_frame   0x00000b9c      0x134 C:\data\infotek\svn\2012\gat\Projects\Atmega\code\Atmelstudio\Libraries\ArduinoCore\Debug\libArduinoCore.a(twi.o)

.debug_str      0x00000000     0x2e73
 *(.debug_str)
 .debug_str     0x00000000      0x208 C:/Program Files (x86)/Atmel/Studio/7.0/Packs/atmel/ATmega_DFP/1.1.130/gcc/dev/atmega328p/avr5/crtatmega328p.o
 .debug_str     0x00000208      0xc6e AL-Setup.o
                                0xd1e (size before relaxing)
 .debug_str     0x00000e76     0x13dd C:\data\infotek\svn\2012\gat\Projects\Atmega\code\Atmelstudio\Libraries\ArduinoCore\Debug\libArduinoCore.a(HardwareSerial.o)
                               0x1604 (size before relaxing)
 .debug_str     0x00002253       0x99 C:\data\infotek\svn\2012\gat\Projects\Atmega\code\Atmelstudio\Libraries\ArduinoCore\Debug\libArduinoCore.a(HardwareSerial0.o)
                               0x13dd (size before relaxing)
 .debug_str     0x000022ec       0x43 C:\data\infotek\svn\2012\gat\Projects\Atmega\code\Atmelstudio\Libraries\ArduinoCore\Debug\libArduinoCore.a(main.o)
                                0x2c5 (size before relaxing)
 .debug_str     0x0000232f      0x310 C:\data\infotek\svn\2012\gat\Projects\Atmega\code\Atmelstudio\Libraries\ArduinoCore\Debug\libArduinoCore.a(Print.o)
                               0x11fe (size before relaxing)
 .debug_str     0x0000263f      0x4de C:\data\infotek\svn\2012\gat\Projects\Atmega\code\Atmelstudio\Libraries\ArduinoCore\Debug\libArduinoCore.a(Wire.o)
                               0x188c (size before relaxing)
 .debug_str     0x00002b1d      0x13a C:\data\infotek\svn\2012\gat\Projects\Atmega\code\Atmelstudio\Libraries\ArduinoCore\Debug\libArduinoCore.a(wiring.o)
                                0x24f (size before relaxing)
 .debug_str     0x00002c57       0xc1 C:\data\infotek\svn\2012\gat\Projects\Atmega\code\Atmelstudio\Libraries\ArduinoCore\Debug\libArduinoCore.a(wiring_digital.o)
                                0x2b4 (size before relaxing)
 .debug_str     0x00002d18       0x1c C:\data\infotek\svn\2012\gat\Projects\Atmega\code\Atmelstudio\Libraries\ArduinoCore\Debug\libArduinoCore.a(hooks.o)
                                0x144 (size before relaxing)
 .debug_str     0x00002d34      0x13f C:\data\infotek\svn\2012\gat\Projects\Atmega\code\Atmelstudio\Libraries\ArduinoCore\Debug\libArduinoCore.a(twi.o)
                                0x3bd (size before relaxing)

.debug_loc      0x00000000     0x420a
 *(.debug_loc)
 .debug_loc     0x00000000      0x7ec AL-Setup.o
 .debug_loc     0x000007ec      0x44a C:\data\infotek\svn\2012\gat\Projects\Atmega\code\Atmelstudio\Libraries\ArduinoCore\Debug\libArduinoCore.a(HardwareSerial.o)
 .debug_loc     0x00000c36      0x1a4 C:\data\infotek\svn\2012\gat\Projects\Atmega\code\Atmelstudio\Libraries\ArduinoCore\Debug\libArduinoCore.a(HardwareSerial0.o)
 .debug_loc     0x00000dda     0x1baf C:\data\infotek\svn\2012\gat\Projects\Atmega\code\Atmelstudio\Libraries\ArduinoCore\Debug\libArduinoCore.a(Print.o)
 .debug_loc     0x00002989      0xc12 C:\data\infotek\svn\2012\gat\Projects\Atmega\code\Atmelstudio\Libraries\ArduinoCore\Debug\libArduinoCore.a(Wire.o)
 .debug_loc     0x0000359b      0x28d C:\data\infotek\svn\2012\gat\Projects\Atmega\code\Atmelstudio\Libraries\ArduinoCore\Debug\libArduinoCore.a(wiring.o)
 .debug_loc     0x00003828      0x5fc C:\data\infotek\svn\2012\gat\Projects\Atmega\code\Atmelstudio\Libraries\ArduinoCore\Debug\libArduinoCore.a(wiring_digital.o)
 .debug_loc     0x00003e24      0x3e6 C:\data\infotek\svn\2012\gat\Projects\Atmega\code\Atmelstudio\Libraries\ArduinoCore\Debug\libArduinoCore.a(twi.o)

.debug_macinfo
 *(.debug_macinfo)

.debug_weaknames
 *(.debug_weaknames)

.debug_funcnames
 *(.debug_funcnames)

.debug_typenames
 *(.debug_typenames)

.debug_varnames
 *(.debug_varnames)

.debug_pubtypes
 *(.debug_pubtypes)

.debug_ranges   0x00000000      0x3f0
 *(.debug_ranges)
 .debug_ranges  0x00000000       0x88 AL-Setup.o
 .debug_ranges  0x00000088       0x58 C:\data\infotek\svn\2012\gat\Projects\Atmega\code\Atmelstudio\Libraries\ArduinoCore\Debug\libArduinoCore.a(HardwareSerial.o)
 .debug_ranges  0x000000e0       0x28 C:\data\infotek\svn\2012\gat\Projects\Atmega\code\Atmelstudio\Libraries\ArduinoCore\Debug\libArduinoCore.a(HardwareSerial0.o)
 .debug_ranges  0x00000108       0x28 C:\data\infotek\svn\2012\gat\Projects\Atmega\code\Atmelstudio\Libraries\ArduinoCore\Debug\libArduinoCore.a(main.o)
 .debug_ranges  0x00000130      0x108 C:\data\infotek\svn\2012\gat\Projects\Atmega\code\Atmelstudio\Libraries\ArduinoCore\Debug\libArduinoCore.a(Print.o)
 .debug_ranges  0x00000238       0xd8 C:\data\infotek\svn\2012\gat\Projects\Atmega\code\Atmelstudio\Libraries\ArduinoCore\Debug\libArduinoCore.a(Wire.o)
 .debug_ranges  0x00000310       0x38 C:\data\infotek\svn\2012\gat\Projects\Atmega\code\Atmelstudio\Libraries\ArduinoCore\Debug\libArduinoCore.a(wiring.o)
 .debug_ranges  0x00000348       0x28 C:\data\infotek\svn\2012\gat\Projects\Atmega\code\Atmelstudio\Libraries\ArduinoCore\Debug\libArduinoCore.a(wiring_digital.o)
 .debug_ranges  0x00000370       0x10 C:\data\infotek\svn\2012\gat\Projects\Atmega\code\Atmelstudio\Libraries\ArduinoCore\Debug\libArduinoCore.a(hooks.o)
 .debug_ranges  0x00000380       0x70 C:\data\infotek\svn\2012\gat\Projects\Atmega\code\Atmelstudio\Libraries\ArduinoCore\Debug\libArduinoCore.a(twi.o)

.debug_macro
 *(.debug_macro)
OUTPUT(AL-Setup.elf elf32-avr)
LOAD linker stubs
